   1               		.file	"keymap_common.c"
   2               	__SP_H__ = 0x3e
   3               	__SP_L__ = 0x3d
   4               	__SREG__ = 0x3f
   5               	__tmp_reg__ = 0
   6               	__zero_reg__ = 1
   7               		.text
   8               	.Ltext0:
   9               		.cfi_sections	.debug_frame
  10               		.section	.text.action_get_macro,"ax",@progbits
  11               		.weak	action_get_macro
  13               	action_get_macro:
  14               	.LVL0:
  15               	.LFB112:
  16               		.file 1 "quantum/keymap_common.c"
   1:quantum/keymap_common.c **** /*
   2:quantum/keymap_common.c **** Copyright 2012,2013 Jun Wako <wakojun@gmail.com>
   3:quantum/keymap_common.c **** 
   4:quantum/keymap_common.c **** This program is free software: you can redistribute it and/or modify
   5:quantum/keymap_common.c **** it under the terms of the GNU General Public License as published by
   6:quantum/keymap_common.c **** the Free Software Foundation, either version 2 of the License, or
   7:quantum/keymap_common.c **** (at your option) any later version.
   8:quantum/keymap_common.c **** 
   9:quantum/keymap_common.c **** This program is distributed in the hope that it will be useful,
  10:quantum/keymap_common.c **** but WITHOUT ANY WARRANTY; without even the implied warranty of
  11:quantum/keymap_common.c **** MERCHANTABILITY or FITNESS FOR A PARTICULAR PURPOSE.  See the
  12:quantum/keymap_common.c **** GNU General Public License for more details.
  13:quantum/keymap_common.c **** 
  14:quantum/keymap_common.c **** You should have received a copy of the GNU General Public License
  15:quantum/keymap_common.c **** along with this program.  If not, see <http://www.gnu.org/licenses/>.
  16:quantum/keymap_common.c **** */
  17:quantum/keymap_common.c **** 
  18:quantum/keymap_common.c **** #include "keymap.h"
  19:quantum/keymap_common.c **** #include "report.h"
  20:quantum/keymap_common.c **** #include "keycode.h"
  21:quantum/keymap_common.c **** #include "action_layer.h"
  22:quantum/keymap_common.c **** #if defined(__AVR__)
  23:quantum/keymap_common.c **** #include <util/delay.h>
  24:quantum/keymap_common.c **** #include <stdio.h>
  25:quantum/keymap_common.c **** #endif
  26:quantum/keymap_common.c **** #include "action.h"
  27:quantum/keymap_common.c **** #include "action_macro.h"
  28:quantum/keymap_common.c **** #include "debug.h"
  29:quantum/keymap_common.c **** #include "backlight.h"
  30:quantum/keymap_common.c **** #include "quantum.h"
  31:quantum/keymap_common.c **** 
  32:quantum/keymap_common.c **** #ifdef MIDI_ENABLE
  33:quantum/keymap_common.c **** 	#include "process_midi.h"
  34:quantum/keymap_common.c **** #endif
  35:quantum/keymap_common.c **** 
  36:quantum/keymap_common.c **** extern keymap_config_t keymap_config;
  37:quantum/keymap_common.c **** 
  38:quantum/keymap_common.c **** #include <inttypes.h>
  39:quantum/keymap_common.c **** 
  40:quantum/keymap_common.c **** /* converts key to action */
  41:quantum/keymap_common.c **** action_t action_for_key(uint8_t layer, keypos_t key)
  42:quantum/keymap_common.c **** {
  43:quantum/keymap_common.c ****     // 16bit keycodes - important
  44:quantum/keymap_common.c ****     uint16_t keycode = keymap_key_to_keycode(layer, key);
  45:quantum/keymap_common.c **** 
  46:quantum/keymap_common.c ****     // keycode remapping
  47:quantum/keymap_common.c ****     keycode = keycode_config(keycode);
  48:quantum/keymap_common.c **** 
  49:quantum/keymap_common.c ****     action_t action;
  50:quantum/keymap_common.c ****     uint8_t action_layer, when, mod;
  51:quantum/keymap_common.c **** 
  52:quantum/keymap_common.c ****     switch (keycode) {
  53:quantum/keymap_common.c ****         case KC_FN0 ... KC_FN31:
  54:quantum/keymap_common.c ****             action.code = keymap_function_id_to_action(FN_INDEX(keycode));
  55:quantum/keymap_common.c ****             break;
  56:quantum/keymap_common.c ****         case KC_A ... KC_EXSEL:
  57:quantum/keymap_common.c ****         case KC_LCTRL ... KC_RGUI:
  58:quantum/keymap_common.c ****             action.code = ACTION_KEY(keycode);
  59:quantum/keymap_common.c ****             break;
  60:quantum/keymap_common.c ****         case KC_SYSTEM_POWER ... KC_SYSTEM_WAKE:
  61:quantum/keymap_common.c ****             action.code = ACTION_USAGE_SYSTEM(KEYCODE2SYSTEM(keycode));
  62:quantum/keymap_common.c ****             break;
  63:quantum/keymap_common.c ****         case KC_AUDIO_MUTE ... KC_MEDIA_REWIND:
  64:quantum/keymap_common.c ****             action.code = ACTION_USAGE_CONSUMER(KEYCODE2CONSUMER(keycode));
  65:quantum/keymap_common.c ****             break;
  66:quantum/keymap_common.c ****         case KC_MS_UP ... KC_MS_ACCEL2:
  67:quantum/keymap_common.c ****             action.code = ACTION_MOUSEKEY(keycode);
  68:quantum/keymap_common.c ****             break;
  69:quantum/keymap_common.c ****         case KC_TRNS:
  70:quantum/keymap_common.c ****             action.code = ACTION_TRANSPARENT;
  71:quantum/keymap_common.c ****             break;
  72:quantum/keymap_common.c ****         case QK_MODS ... QK_MODS_MAX: ;
  73:quantum/keymap_common.c ****             // Has a modifier
  74:quantum/keymap_common.c ****             // Split it up
  75:quantum/keymap_common.c ****             action.code = ACTION_MODS_KEY(keycode >> 8, keycode & 0xFF); // adds modifier to key
  76:quantum/keymap_common.c ****             break;
  77:quantum/keymap_common.c ****         case QK_FUNCTION ... QK_FUNCTION_MAX: ;
  78:quantum/keymap_common.c ****             // Is a shortcut for function action_layer, pull last 12bits
  79:quantum/keymap_common.c ****             // This means we have 4,096 FN macros at our disposal
  80:quantum/keymap_common.c ****             action.code = keymap_function_id_to_action( (int)keycode & 0xFFF );
  81:quantum/keymap_common.c ****             break;
  82:quantum/keymap_common.c ****         case QK_MACRO ... QK_MACRO_MAX:
  83:quantum/keymap_common.c ****             action.code = ACTION_MACRO(keycode & 0xFF);
  84:quantum/keymap_common.c ****             break;
  85:quantum/keymap_common.c ****         case QK_LAYER_TAP ... QK_LAYER_TAP_MAX:
  86:quantum/keymap_common.c ****             action.code = ACTION_LAYER_TAP_KEY((keycode >> 0x8) & 0xF, keycode & 0xFF);
  87:quantum/keymap_common.c ****             break;
  88:quantum/keymap_common.c ****         case QK_TO ... QK_TO_MAX: ;
  89:quantum/keymap_common.c ****             // Layer set "GOTO"
  90:quantum/keymap_common.c ****             when = (keycode >> 0x4) & 0x3;
  91:quantum/keymap_common.c ****             action_layer = keycode & 0xF;
  92:quantum/keymap_common.c ****             action.code = ACTION_LAYER_SET(action_layer, when);
  93:quantum/keymap_common.c ****             break;
  94:quantum/keymap_common.c ****         case QK_MOMENTARY ... QK_MOMENTARY_MAX: ;
  95:quantum/keymap_common.c ****             // Momentary action_layer
  96:quantum/keymap_common.c ****             action_layer = keycode & 0xFF;
  97:quantum/keymap_common.c ****             action.code = ACTION_LAYER_MOMENTARY(action_layer);
  98:quantum/keymap_common.c ****             break;
  99:quantum/keymap_common.c ****         case QK_DEF_LAYER ... QK_DEF_LAYER_MAX: ;
 100:quantum/keymap_common.c ****             // Set default action_layer
 101:quantum/keymap_common.c ****             action_layer = keycode & 0xFF;
 102:quantum/keymap_common.c ****             action.code = ACTION_DEFAULT_LAYER_SET(action_layer);
 103:quantum/keymap_common.c ****             break;
 104:quantum/keymap_common.c ****         case QK_TOGGLE_LAYER ... QK_TOGGLE_LAYER_MAX: ;
 105:quantum/keymap_common.c ****             // Set toggle
 106:quantum/keymap_common.c ****             action_layer = keycode & 0xFF;
 107:quantum/keymap_common.c ****             action.code = ACTION_LAYER_TOGGLE(action_layer);
 108:quantum/keymap_common.c ****             break;
 109:quantum/keymap_common.c ****         case QK_ONE_SHOT_LAYER ... QK_ONE_SHOT_LAYER_MAX: ;
 110:quantum/keymap_common.c ****             // OSL(action_layer) - One-shot action_layer
 111:quantum/keymap_common.c ****             action_layer = keycode & 0xFF;
 112:quantum/keymap_common.c ****             action.code = ACTION_LAYER_ONESHOT(action_layer);
 113:quantum/keymap_common.c ****             break;
 114:quantum/keymap_common.c ****         case QK_ONE_SHOT_MOD ... QK_ONE_SHOT_MOD_MAX: ;
 115:quantum/keymap_common.c ****             // OSM(mod) - One-shot mod
 116:quantum/keymap_common.c ****             mod = keycode & 0xFF;
 117:quantum/keymap_common.c ****             action.code = ACTION_MODS_ONESHOT(mod);
 118:quantum/keymap_common.c ****             break;
 119:quantum/keymap_common.c ****         case QK_MOD_TAP ... QK_MOD_TAP_MAX:
 120:quantum/keymap_common.c ****             action.code = ACTION_MODS_TAP_KEY((keycode >> 0x8) & 0xF, keycode & 0xFF);
 121:quantum/keymap_common.c ****             break;
 122:quantum/keymap_common.c ****     #ifdef BACKLIGHT_ENABLE
 123:quantum/keymap_common.c ****         case BL_0 ... BL_15:
 124:quantum/keymap_common.c ****             action.code = ACTION_BACKLIGHT_LEVEL(keycode - BL_0);
 125:quantum/keymap_common.c ****             break;
 126:quantum/keymap_common.c ****         case BL_DEC:
 127:quantum/keymap_common.c ****             action.code = ACTION_BACKLIGHT_DECREASE();
 128:quantum/keymap_common.c ****             break;
 129:quantum/keymap_common.c ****         case BL_INC:
 130:quantum/keymap_common.c ****             action.code = ACTION_BACKLIGHT_INCREASE();
 131:quantum/keymap_common.c ****             break;
 132:quantum/keymap_common.c ****         case BL_TOGG:
 133:quantum/keymap_common.c ****             action.code = ACTION_BACKLIGHT_TOGGLE();
 134:quantum/keymap_common.c ****             break;
 135:quantum/keymap_common.c ****         case BL_STEP:
 136:quantum/keymap_common.c ****             action.code = ACTION_BACKLIGHT_STEP();
 137:quantum/keymap_common.c ****             break;
 138:quantum/keymap_common.c ****     #endif
 139:quantum/keymap_common.c ****         default:
 140:quantum/keymap_common.c ****             action.code = ACTION_NO;
 141:quantum/keymap_common.c ****             break;
 142:quantum/keymap_common.c ****     }
 143:quantum/keymap_common.c ****     return action;
 144:quantum/keymap_common.c **** }
 145:quantum/keymap_common.c **** 
 146:quantum/keymap_common.c **** __attribute__ ((weak))
 147:quantum/keymap_common.c **** const uint16_t PROGMEM fn_actions[] = {
 148:quantum/keymap_common.c **** 
 149:quantum/keymap_common.c **** };
 150:quantum/keymap_common.c **** 
 151:quantum/keymap_common.c **** /* Macro */
 152:quantum/keymap_common.c **** __attribute__ ((weak))
 153:quantum/keymap_common.c **** const macro_t *action_get_macro(keyrecord_t *record, uint8_t id, uint8_t opt)
 154:quantum/keymap_common.c **** {
  17               		.loc 1 154 1 view -0
  18               		.cfi_startproc
  19               	/* prologue: function */
  20               	/* frame size = 0 */
  21               	/* stack size = 0 */
  22               	.L__stack_usage = 0
 155:quantum/keymap_common.c ****     return MACRO_NONE;
  23               		.loc 1 155 5 view .LVU1
 156:quantum/keymap_common.c **** }
  24               		.loc 1 156 1 is_stmt 0 view .LVU2
  25 0000 90E0      		ldi r25,0
  26 0002 80E0      		ldi r24,0
  27               	.LVL1:
  28               	/* epilogue start */
  29               		.loc 1 156 1 view .LVU3
  30 0004 0895      		ret
  31               		.cfi_endproc
  32               	.LFE112:
  34               		.section	.text.action_function,"ax",@progbits
  35               		.weak	action_function
  37               	action_function:
  38               	.LVL2:
  39               	.LFB113:
 157:quantum/keymap_common.c **** 
 158:quantum/keymap_common.c **** /* Function */
 159:quantum/keymap_common.c **** __attribute__ ((weak))
 160:quantum/keymap_common.c **** void action_function(keyrecord_t *record, uint8_t id, uint8_t opt)
 161:quantum/keymap_common.c **** {
  40               		.loc 1 161 1 is_stmt 1 view -0
  41               		.cfi_startproc
  42               	/* prologue: function */
  43               	/* frame size = 0 */
  44               	/* stack size = 0 */
  45               	.L__stack_usage = 0
 162:quantum/keymap_common.c **** }
  46               		.loc 1 162 1 view .LVU5
  47               	/* epilogue start */
  48 0000 0895      		ret
  49               		.cfi_endproc
  50               	.LFE113:
  52               		.section	.text.keymap_key_to_keycode,"ax",@progbits
  53               		.weak	keymap_key_to_keycode
  55               	keymap_key_to_keycode:
  56               	.LVL3:
  57               	.LFB114:
 163:quantum/keymap_common.c **** 
 164:quantum/keymap_common.c **** // translates key to keycode
 165:quantum/keymap_common.c **** __attribute__ ((weak))
 166:quantum/keymap_common.c **** uint16_t keymap_key_to_keycode(uint8_t layer, keypos_t key)
 167:quantum/keymap_common.c **** {
  58               		.loc 1 167 1 view -0
  59               		.cfi_startproc
  60               	/* prologue: function */
  61               	/* frame size = 0 */
  62               	/* stack size = 0 */
  63               	.L__stack_usage = 0
  64               		.loc 1 167 1 is_stmt 0 view .LVU7
  65 0000 972F      		mov r25,r23
 168:quantum/keymap_common.c ****     // Read entire word (16bits)
 169:quantum/keymap_common.c ****     return pgm_read_word(&keymaps[(layer)][(key.row)][(key.col)]);
  66               		.loc 1 169 5 is_stmt 1 view .LVU8
  67               	.LBB2:
  68               		.loc 1 169 12 view .LVU9
  69 0002 70E0      		ldi r23,0
  70               		.loc 1 169 12 is_stmt 0 view .LVU10
  71 0004 2FE0      		ldi r18,lo8(15)
  72 0006 929F      		mul r25,r18
  73 0008 600D      		add r22,r0
  74 000a 711D      		adc r23,r1
  75 000c 1124      		clr __zero_reg__
  76               	.LVL4:
  77               		.loc 1 169 12 view .LVU11
  78 000e FB01      		movw r30,r22
  79 0010 9BE4      		ldi r25,lo8(75)
  80 0012 899F      		mul r24,r25
  81 0014 E00D      		add r30,r0
  82 0016 F11D      		adc r31,r1
  83 0018 1124      		clr __zero_reg__
  84 001a EE0F      		lsl r30
  85 001c FF1F      		rol r31
  86               	.LVL5:
  87               		.loc 1 169 12 view .LVU12
  88 001e E050      		subi r30,lo8(-(keymaps))
  89 0020 F040      		sbci r31,hi8(-(keymaps))
  90               	.LVL6:
  91               		.loc 1 169 12 is_stmt 1 view .LVU13
  92               		.loc 1 169 12 view .LVU14
  93               	/* #APP */
  94               	 ;  169 "quantum/keymap_common.c" 1
  95 0022 8591      		lpm r24, Z+
  96 0024 9491      		lpm r25, Z
  97               		
  98               	 ;  0 "" 2
  99               	.LVL7:
 100               		.loc 1 169 12 view .LVU15
 101               	/* #NOAPP */
 102               	/* epilogue start */
 103               	.LBE2:
 170:quantum/keymap_common.c **** }
 104               		.loc 1 170 1 is_stmt 0 view .LVU16
 105 0026 0895      		ret
 106               		.cfi_endproc
 107               	.LFE114:
 109               		.section	.text.keymap_function_id_to_action,"ax",@progbits
 110               		.weak	keymap_function_id_to_action
 112               	keymap_function_id_to_action:
 113               	.LVL8:
 114               	.LFB115:
 171:quantum/keymap_common.c **** 
 172:quantum/keymap_common.c **** // translates function id to action
 173:quantum/keymap_common.c **** __attribute__ ((weak))
 174:quantum/keymap_common.c **** uint16_t keymap_function_id_to_action( uint16_t function_id )
 175:quantum/keymap_common.c **** {
 115               		.loc 1 175 1 is_stmt 1 view -0
 116               		.cfi_startproc
 117               	/* prologue: function */
 118               	/* frame size = 0 */
 119               	/* stack size = 0 */
 120               	.L__stack_usage = 0
 176:quantum/keymap_common.c **** 	return pgm_read_word(&fn_actions[function_id]);
 121               		.loc 1 176 2 view .LVU18
 122               	.LBB3:
 123               		.loc 1 176 9 view .LVU19
 124 0000 FC01      		movw r30,r24
 125 0002 EE0F      		lsl r30
 126 0004 FF1F      		rol r31
 127               	.LVL9:
 128               		.loc 1 176 9 is_stmt 0 view .LVU20
 129 0006 E050      		subi r30,lo8(-(fn_actions))
 130 0008 F040      		sbci r31,hi8(-(fn_actions))
 131               	.LVL10:
 132               		.loc 1 176 9 is_stmt 1 view .LVU21
 133               		.loc 1 176 9 view .LVU22
 134               	/* #APP */
 135               	 ;  176 "quantum/keymap_common.c" 1
 136 000a 8591      		lpm r24, Z+
 137 000c 9491      		lpm r25, Z
 138               		
 139               	 ;  0 "" 2
 140               	.LVL11:
 141               		.loc 1 176 9 view .LVU23
 142               	/* #NOAPP */
 143               	/* epilogue start */
 144               	.LBE3:
 177:quantum/keymap_common.c **** }
 145               		.loc 1 177 1 is_stmt 0 view .LVU24
 146 000e 0895      		ret
 147               		.cfi_endproc
 148               	.LFE115:
 150               		.section	.text.action_for_key,"ax",@progbits
 151               	.global	action_for_key
 153               	action_for_key:
 154               	.LVL12:
 155               	.LFB111:
  42:quantum/keymap_common.c ****     // 16bit keycodes - important
 156               		.loc 1 42 1 is_stmt 1 view -0
 157               		.cfi_startproc
 158               	/* prologue: function */
 159               	/* frame size = 0 */
 160               	/* stack size = 0 */
 161               	.L__stack_usage = 0
  44:quantum/keymap_common.c **** 
 162               		.loc 1 44 5 view .LVU26
  44:quantum/keymap_common.c **** 
 163               		.loc 1 44 24 is_stmt 0 view .LVU27
 164 0000 0E94 0000 		call keymap_key_to_keycode
 165               	.LVL13:
  47:quantum/keymap_common.c **** 
 166               		.loc 1 47 5 is_stmt 1 view .LVU28
  47:quantum/keymap_common.c **** 
 167               		.loc 1 47 15 is_stmt 0 view .LVU29
 168 0004 0E94 0000 		call keycode_config
 169               	.LVL14:
  49:quantum/keymap_common.c ****     uint8_t action_layer, when, mod;
 170               		.loc 1 49 5 is_stmt 1 view .LVU30
  50:quantum/keymap_common.c **** 
 171               		.loc 1 50 5 view .LVU31
  52:quantum/keymap_common.c ****         case KC_FN0 ... KC_FN31:
 172               		.loc 1 52 5 view .LVU32
 173 0008 8115      		cp r24,__zero_reg__
 174 000a 20E4      		ldi r18,64
 175 000c 9207      		cpc r25,r18
 176 000e 00F0      		brlo .+2
 177 0010 00C0      		rjmp .L6
 178 0012 8115      		cp r24,__zero_reg__
 179 0014 40E3      		ldi r20,48
 180 0016 9407      		cpc r25,r20
 181 0018 00F0      		brlo .+2
 182 001a 00C0      		rjmp .L7
 183 001c 803E      		cpi r24,-32
 184 001e 9105      		cpc r25,__zero_reg__
 185 0020 00F0      		brlo .+2
 186 0022 00C0      		rjmp .L8
 187 0024 803C      		cpi r24,-64
 188 0026 9105      		cpc r25,__zero_reg__
 189 0028 00F0      		brlo .+2
 190 002a 00C0      		rjmp .L9
 191 002c 883A      		cpi r24,-88
 192 002e 9105      		cpc r25,__zero_reg__
 193 0030 00F4      		brsh .L10
 194 0032 853A      		cpi r24,-91
 195 0034 9105      		cpc r25,__zero_reg__
 196 0036 00F0      		brlo .+2
 197 0038 00C0      		rjmp .L11
 198 003a 8130      		cpi r24,1
 199 003c 9105      		cpc r25,__zero_reg__
 200 003e 01F4      		brne .+2
 201 0040 00C0      		rjmp .L12
 202 0042 0097      		sbiw r24,0
 203 0044 01F4      		brne .+2
 204 0046 00C0      		rjmp .L12
 205 0048 8430      		cpi r24,4
 206 004a 9105      		cpc r25,__zero_reg__
 207 004c 00F0      		brlo .+2
 208 004e 00C0      		rjmp .L12
 209               	.LVL15:
 210               	.L31:
 140:quantum/keymap_common.c ****             break;
 211               		.loc 1 140 25 is_stmt 0 view .LVU33
 212 0050 90E0      		ldi r25,0
 213 0052 80E0      		ldi r24,0
 214 0054 0895      		ret
 215               	.LVL16:
 216               	.L10:
  52:quantum/keymap_common.c ****         case KC_FN0 ... KC_FN31:
 217               		.loc 1 52 5 view .LVU34
 218 0056 8D3B      		cpi r24,-67
 219 0058 9105      		cpc r25,__zero_reg__
 220 005a 00F4      		brsh .L31
  64:quantum/keymap_common.c ****             break;
 221               		.loc 1 64 13 is_stmt 1 view .LVU35
  64:quantum/keymap_common.c ****             break;
 222               		.loc 1 64 27 is_stmt 0 view .LVU36
 223 005c 883A      		cpi r24,-88
 224 005e 9105      		cpc r25,__zero_reg__
 225 0060 01F4      		brne .+2
 226 0062 00C0      		rjmp .L34
  64:quantum/keymap_common.c ****             break;
 227               		.loc 1 64 27 discriminator 1 view .LVU37
 228 0064 893A      		cpi r24,-87
 229 0066 9105      		cpc r25,__zero_reg__
 230 0068 01F4      		brne .+2
 231 006a 00C0      		rjmp .L35
  64:quantum/keymap_common.c ****             break;
 232               		.loc 1 64 27 discriminator 3 view .LVU38
 233 006c 8A3A      		cpi r24,-86
 234 006e 9105      		cpc r25,__zero_reg__
 235 0070 01F4      		brne .+2
 236 0072 00C0      		rjmp .L36
  64:quantum/keymap_common.c ****             break;
 237               		.loc 1 64 27 discriminator 5 view .LVU39
 238 0074 8B3A      		cpi r24,-85
 239 0076 9105      		cpc r25,__zero_reg__
 240 0078 01F4      		brne .+2
 241 007a 00C0      		rjmp .L37
  64:quantum/keymap_common.c ****             break;
 242               		.loc 1 64 27 discriminator 7 view .LVU40
 243 007c 8C3A      		cpi r24,-84
 244 007e 9105      		cpc r25,__zero_reg__
 245 0080 01F4      		brne .+2
 246 0082 00C0      		rjmp .L38
  64:quantum/keymap_common.c ****             break;
 247               		.loc 1 64 27 discriminator 9 view .LVU41
 248 0084 8B3B      		cpi r24,-69
 249 0086 9105      		cpc r25,__zero_reg__
 250 0088 01F4      		brne .+2
 251 008a 00C0      		rjmp .L39
  64:quantum/keymap_common.c ****             break;
 252               		.loc 1 64 27 discriminator 11 view .LVU42
 253 008c 8C3B      		cpi r24,-68
 254 008e 9105      		cpc r25,__zero_reg__
 255 0090 01F4      		brne .+2
 256 0092 00C0      		rjmp .L40
  64:quantum/keymap_common.c ****             break;
 257               		.loc 1 64 27 discriminator 13 view .LVU43
 258 0094 8D3A      		cpi r24,-83
 259 0096 9105      		cpc r25,__zero_reg__
 260 0098 01F4      		brne .+2
 261 009a 00C0      		rjmp .L41
  64:quantum/keymap_common.c ****             break;
 262               		.loc 1 64 27 discriminator 15 view .LVU44
 263 009c 803B      		cpi r24,-80
 264 009e 9105      		cpc r25,__zero_reg__
 265 00a0 01F4      		brne .+2
 266 00a2 00C0      		rjmp .L42
  64:quantum/keymap_common.c ****             break;
 267               		.loc 1 64 27 discriminator 17 view .LVU45
 268 00a4 8E3A      		cpi r24,-82
 269 00a6 9105      		cpc r25,__zero_reg__
 270 00a8 01F4      		brne .+2
 271 00aa 00C0      		rjmp .L43
  64:quantum/keymap_common.c ****             break;
 272               		.loc 1 64 27 discriminator 19 view .LVU46
 273 00ac 8F3A      		cpi r24,-81
 274 00ae 9105      		cpc r25,__zero_reg__
 275 00b0 01F4      		brne .+2
 276 00b2 00C0      		rjmp .L44
  64:quantum/keymap_common.c ****             break;
 277               		.loc 1 64 27 discriminator 21 view .LVU47
 278 00b4 813B      		cpi r24,-79
 279 00b6 9105      		cpc r25,__zero_reg__
 280 00b8 01F4      		brne .+2
 281 00ba 00C0      		rjmp .L45
  64:quantum/keymap_common.c ****             break;
 282               		.loc 1 64 27 discriminator 23 view .LVU48
 283 00bc 823B      		cpi r24,-78
 284 00be 9105      		cpc r25,__zero_reg__
 285 00c0 01F4      		brne .+2
 286 00c2 00C0      		rjmp .L46
  64:quantum/keymap_common.c ****             break;
 287               		.loc 1 64 27 discriminator 25 view .LVU49
 288 00c4 833B      		cpi r24,-77
 289 00c6 9105      		cpc r25,__zero_reg__
 290 00c8 01F4      		brne .+2
 291 00ca 00C0      		rjmp .L47
  64:quantum/keymap_common.c ****             break;
 292               		.loc 1 64 27 discriminator 27 view .LVU50
 293 00cc 843B      		cpi r24,-76
 294 00ce 9105      		cpc r25,__zero_reg__
 295 00d0 01F4      		brne .+2
 296 00d2 00C0      		rjmp .L48
  64:quantum/keymap_common.c ****             break;
 297               		.loc 1 64 27 discriminator 29 view .LVU51
 298 00d4 853B      		cpi r24,-75
 299 00d6 9105      		cpc r25,__zero_reg__
 300 00d8 01F4      		brne .+2
 301 00da 00C0      		rjmp .L49
  64:quantum/keymap_common.c ****             break;
 302               		.loc 1 64 27 discriminator 31 view .LVU52
 303 00dc 863B      		cpi r24,-74
 304 00de 9105      		cpc r25,__zero_reg__
 305 00e0 01F4      		brne .+2
 306 00e2 00C0      		rjmp .L50
  64:quantum/keymap_common.c ****             break;
 307               		.loc 1 64 27 discriminator 33 view .LVU53
 308 00e4 873B      		cpi r24,-73
 309 00e6 9105      		cpc r25,__zero_reg__
 310 00e8 01F4      		brne .+2
 311 00ea 00C0      		rjmp .L51
  64:quantum/keymap_common.c ****             break;
 312               		.loc 1 64 27 discriminator 35 view .LVU54
 313 00ec 883B      		cpi r24,-72
 314 00ee 9105      		cpc r25,__zero_reg__
 315 00f0 01F4      		brne .+2
 316 00f2 00C0      		rjmp .L52
  64:quantum/keymap_common.c ****             break;
 317               		.loc 1 64 27 discriminator 37 view .LVU55
 318 00f4 893B      		cpi r24,-71
 319 00f6 9105      		cpc r25,__zero_reg__
 320 00f8 01F4      		brne .+2
 321 00fa 00C0      		rjmp .L53
  64:quantum/keymap_common.c ****             break;
 322               		.loc 1 64 27 discriminator 39 view .LVU56
 323 00fc 8A3B      		cpi r24,-70
 324 00fe 9105      		cpc r25,__zero_reg__
 325 0100 01F4      		brne .+2
 326 0102 00C0      		rjmp .L54
  64:quantum/keymap_common.c ****             break;
 327               		.loc 1 64 27 view .LVU57
 328 0104 80E0      		ldi r24,0
 329 0106 94E4      		ldi r25,lo8(68)
 330               	.LVL17:
  64:quantum/keymap_common.c ****             break;
 331               		.loc 1 64 27 view .LVU58
 332 0108 0895      		ret
 333               	.LVL18:
 334               	.L8:
  52:quantum/keymap_common.c ****         case KC_FN0 ... KC_FN31:
 335               		.loc 1 52 5 view .LVU59
 336 010a 8F3F      		cpi r24,-1
 337 010c 9105      		cpc r25,__zero_reg__
 338 010e 01F0      		breq .+2
 339 0110 00F4      		brsh .L14
 340 0112 803F      		cpi r24,-16
 341 0114 9105      		cpc r25,__zero_reg__
 342 0116 00F0      		brlo .+2
 343 0118 00C0      		rjmp .L15
 344 011a 883E      		cpi r24,-24
 345 011c 9105      		cpc r25,__zero_reg__
 346 011e 00F0      		brlo .+2
 347 0120 00C0      		rjmp .L31
 348               	.LVL19:
 349               	.L12:
 143:quantum/keymap_common.c **** }
 350               		.loc 1 143 5 is_stmt 1 view .LVU60
 351               	/* epilogue start */
 144:quantum/keymap_common.c **** 
 352               		.loc 1 144 1 is_stmt 0 view .LVU61
 353 0122 0895      		ret
 354               	.LVL20:
 355               	.L14:
  52:quantum/keymap_common.c ****         case KC_FN0 ... KC_FN31:
 356               		.loc 1 52 5 view .LVU62
 357 0124 8115      		cp r24,__zero_reg__
 358 0126 60E2      		ldi r22,32
 359 0128 9607      		cpc r25,r22
 360 012a 00F0      		brlo .+2
 361 012c 00C0      		rjmp .L61
 362 012e 0895      		ret
 363               	.L6:
 364 0130 8115      		cp r24,__zero_reg__
 365 0132 73E5      		ldi r23,83
 366 0134 9707      		cpc r25,r23
 367 0136 00F4      		brsh .L17
 368 0138 8115      		cp r24,__zero_reg__
 369 013a 22E5      		ldi r18,82
 370 013c 9207      		cpc r25,r18
 371 013e 00F0      		brlo .+2
 372 0140 00C0      		rjmp .L18
 373 0142 8115      		cp r24,__zero_reg__
 374 0144 41E5      		ldi r20,81
 375 0146 9407      		cpc r25,r20
 376 0148 00F0      		brlo .+2
 377 014a 00C0      		rjmp .L19
 378 014c 8115      		cp r24,__zero_reg__
 379 014e 60E5      		ldi r22,80
 380 0150 9607      		cpc r25,r22
 381 0152 00F4      		brsh .+2
 382 0154 00C0      		rjmp .L62
  88:quantum/keymap_common.c ****             // Layer set "GOTO"
 383               		.loc 1 88 35 is_stmt 1 view .LVU63
  90:quantum/keymap_common.c ****             action_layer = keycode & 0xF;
 384               		.loc 1 90 13 view .LVU64
 385               	.LVL21:
  91:quantum/keymap_common.c ****             action.code = ACTION_LAYER_SET(action_layer, when);
 386               		.loc 1 91 13 view .LVU65
  92:quantum/keymap_common.c ****             break;
 387               		.loc 1 92 13 view .LVU66
  90:quantum/keymap_common.c ****             action_layer = keycode & 0xF;
 388               		.loc 1 90 29 is_stmt 0 view .LVU67
 389 0156 9C01      		movw r18,r24
 390 0158 54E0      		ldi r21,4
 391               		1:
 392 015a 3695      		lsr r19
 393 015c 2795      		ror r18
 394 015e 5A95      		dec r21
 395 0160 01F4      		brne 1b
  90:quantum/keymap_common.c ****             action_layer = keycode & 0xF;
 396               		.loc 1 90 18 view .LVU68
 397 0162 922F      		mov r25,r18
 398 0164 9370      		andi r25,lo8(3)
  92:quantum/keymap_common.c ****             break;
 399               		.loc 1 92 27 view .LVU69
 400 0166 282F      		mov r18,r24
 401 0168 2695      		lsr r18
 402 016a 2695      		lsr r18
 403 016c 2370      		andi r18,lo8(3)
 404 016e 70E2      		ldi r23,lo8(32)
 405 0170 279F      		mul r18,r23
 406 0172 9001      		movw r18,r0
 407 0174 1124      		clr __zero_reg__
 408 0176 392B      		or r19,r25
 409 0178 8370      		andi r24,lo8(3)
 410               	.LVL22:
  92:quantum/keymap_common.c ****             break;
 411               		.loc 1 92 27 view .LVU70
 412 017a 41E0      		ldi r20,lo8(1)
 413 017c 50E0      		ldi r21,0
 414 017e BA01      		movw r22,r20
 415 0180 00C0      		rjmp 2f
 416               		1:
 417 0182 660F      		lsl r22
 418 0184 771F      		rol r23
 419               		2:
 420 0186 8A95      		dec r24
 421 0188 02F4      		brpl 1b
 422 018a CB01      		movw r24,r22
 423               	.L66:
 102:quantum/keymap_common.c ****             break;
 424               		.loc 1 102 27 view .LVU71
 425 018c 822B      		or r24,r18
 426 018e 932B      		or r25,r19
 427 0190 9C68      		ori r25,140
 428               	.LVL23:
 103:quantum/keymap_common.c ****         case QK_TOGGLE_LAYER ... QK_TOGGLE_LAYER_MAX: ;
 429               		.loc 1 103 13 is_stmt 1 view .LVU72
 430 0192 0895      		ret
 431               	.LVL24:
 432               	.L17:
  52:quantum/keymap_common.c ****         case KC_FN0 ... KC_FN31:
 433               		.loc 1 52 5 is_stmt 0 view .LVU73
 434 0194 8115      		cp r24,__zero_reg__
 435 0196 75E5      		ldi r23,85
 436 0198 9707      		cpc r25,r23
 437 019a 00F4      		brsh .L22
 438 019c 8115      		cp r24,__zero_reg__
 439 019e 24E5      		ldi r18,84
 440 01a0 9207      		cpc r25,r18
 441 01a2 00F4      		brsh .+2
 442 01a4 00C0      		rjmp .L63
 109:quantum/keymap_common.c ****             // OSL(action_layer) - One-shot action_layer
 443               		.loc 1 109 59 is_stmt 1 view .LVU74
 111:quantum/keymap_common.c ****             action.code = ACTION_LAYER_ONESHOT(action_layer);
 444               		.loc 1 111 13 view .LVU75
 445               	.LVL25:
 112:quantum/keymap_common.c ****             break;
 446               		.loc 1 112 13 view .LVU76
 112:quantum/keymap_common.c ****             break;
 447               		.loc 1 112 27 is_stmt 0 view .LVU77
 448 01a6 982F      		mov r25,r24
 449 01a8 8827      		clr r24
 450               	.LVL26:
 112:quantum/keymap_common.c ****             break;
 451               		.loc 1 112 27 view .LVU78
 452 01aa 846F      		ori r24,244
 453 01ac 906A      		ori r25,160
 454               	.LVL27:
 113:quantum/keymap_common.c ****         case QK_ONE_SHOT_MOD ... QK_ONE_SHOT_MOD_MAX: ;
 455               		.loc 1 113 13 is_stmt 1 view .LVU79
 456 01ae 0895      		ret
 457               	.LVL28:
 458               	.L22:
  52:quantum/keymap_common.c ****         case KC_FN0 ... KC_FN31:
 459               		.loc 1 52 5 is_stmt 0 view .LVU80
 460 01b0 8115      		cp r24,__zero_reg__
 461 01b2 46E5      		ldi r20,86
 462 01b4 9407      		cpc r25,r20
 463 01b6 00F4      		brsh .+2
 464 01b8 00C0      		rjmp .L25
 465 01ba 9C01      		movw r18,r24
 466 01bc 3056      		subi r19,96
 120:quantum/keymap_common.c ****             break;
 467               		.loc 1 120 27 view .LVU81
 468 01be 9F70      		andi r25,15
 469               	.LVL29:
  52:quantum/keymap_common.c ****         case KC_FN0 ... KC_FN31:
 470               		.loc 1 52 5 view .LVU82
 471 01c0 2115      		cp r18,__zero_reg__
 472 01c2 3041      		sbci r19,16
 473 01c4 00F0      		brlo .+2
 474 01c6 00C0      		rjmp .L31
 475               	.LVL30:
 476               	.L67:
 120:quantum/keymap_common.c ****             break;
 477               		.loc 1 120 27 view .LVU83
 478 01c8 9062      		ori r25,32
 479               	.LVL31:
 121:quantum/keymap_common.c ****     #ifdef BACKLIGHT_ENABLE
 480               		.loc 1 121 13 is_stmt 1 view .LVU84
 481 01ca 0895      		ret
 482               	.LVL32:
 483               	.L9:
  54:quantum/keymap_common.c ****             break;
 484               		.loc 1 54 13 view .LVU85
  54:quantum/keymap_common.c ****             break;
 485               		.loc 1 54 27 is_stmt 0 view .LVU86
 486 01cc 805C      		subi r24,-64
 487 01ce 9109      		sbc r25,__zero_reg__
 488               	.LVL33:
 489               	.L65:
  80:quantum/keymap_common.c ****             break;
 490               		.loc 1 80 27 view .LVU87
 491 01d0 0E94 0000 		call keymap_function_id_to_action
 492               	.LVL34:
  81:quantum/keymap_common.c ****         case QK_MACRO ... QK_MACRO_MAX:
 493               		.loc 1 81 13 is_stmt 1 view .LVU88
 494 01d4 0895      		ret
 495               	.LVL35:
 496               	.L11:
  61:quantum/keymap_common.c ****             break;
 497               		.loc 1 61 13 view .LVU89
  61:quantum/keymap_common.c ****             break;
 498               		.loc 1 61 27 is_stmt 0 view .LVU90
 499 01d6 853A      		cpi r24,-91
 500 01d8 9105      		cpc r25,__zero_reg__
 501 01da 01F4      		brne .+2
 502 01dc 00C0      		rjmp .L32
  61:quantum/keymap_common.c ****             break;
 503               		.loc 1 61 27 discriminator 1 view .LVU91
 504 01de 863A      		cpi r24,-90
 505 01e0 9105      		cpc r25,__zero_reg__
 506 01e2 01F0      		breq .+2
 507 01e4 00C0      		rjmp .L33
  61:quantum/keymap_common.c ****             break;
 508               		.loc 1 61 27 view .LVU92
 509 01e6 82E8      		ldi r24,lo8(-126)
 510 01e8 90E4      		ldi r25,lo8(64)
 511               	.LVL36:
  61:quantum/keymap_common.c ****             break;
 512               		.loc 1 61 27 view .LVU93
 513 01ea 0895      		ret
 514               	.LVL37:
 515               	.L15:
  67:quantum/keymap_common.c ****             break;
 516               		.loc 1 67 13 is_stmt 1 view .LVU94
  67:quantum/keymap_common.c ****             break;
 517               		.loc 1 67 27 is_stmt 0 view .LVU95
 518 01ec 9065      		ori r25,80
 519               	.LVL38:
  68:quantum/keymap_common.c ****         case KC_TRNS:
 520               		.loc 1 68 13 is_stmt 1 view .LVU96
 521 01ee 0895      		ret
 522               	.LVL39:
 523               	.L61:
  77:quantum/keymap_common.c ****             // Is a shortcut for function action_layer, pull last 12bits
 524               		.loc 1 77 47 view .LVU97
  80:quantum/keymap_common.c ****             break;
 525               		.loc 1 80 13 view .LVU98
  80:quantum/keymap_common.c ****             break;
 526               		.loc 1 80 27 is_stmt 0 view .LVU99
 527 01f0 9F70      		andi r25,15
 528               	.LVL40:
  80:quantum/keymap_common.c ****             break;
 529               		.loc 1 80 27 view .LVU100
 530 01f2 00C0      		rjmp .L65
 531               	.LVL41:
 532               	.L7:
  83:quantum/keymap_common.c ****             break;
 533               		.loc 1 83 13 is_stmt 1 view .LVU101
  83:quantum/keymap_common.c ****             break;
 534               		.loc 1 83 27 is_stmt 0 view .LVU102
 535 01f4 9927      		clr r25
 536               	.LVL42:
  83:quantum/keymap_common.c ****             break;
 537               		.loc 1 83 27 view .LVU103
 538 01f6 906C      		ori r25,192
 539               	.LVL43:
  84:quantum/keymap_common.c ****         case QK_LAYER_TAP ... QK_LAYER_TAP_MAX:
 540               		.loc 1 84 13 is_stmt 1 view .LVU104
 541 01f8 0895      		ret
 542               	.LVL44:
 543               	.L62:
  86:quantum/keymap_common.c ****             break;
 544               		.loc 1 86 13 view .LVU105
  86:quantum/keymap_common.c ****             break;
 545               		.loc 1 86 27 is_stmt 0 view .LVU106
 546 01fa 9F70      		andi r25,15
 547               	.LVL45:
  86:quantum/keymap_common.c ****             break;
 548               		.loc 1 86 27 view .LVU107
 549 01fc 906A      		ori r25,160
 550               	.LVL46:
  87:quantum/keymap_common.c ****         case QK_TO ... QK_TO_MAX: ;
 551               		.loc 1 87 13 is_stmt 1 view .LVU108
 552 01fe 0895      		ret
 553               	.LVL47:
 554               	.L19:
  94:quantum/keymap_common.c ****             // Momentary action_layer
 555               		.loc 1 94 49 view .LVU109
  96:quantum/keymap_common.c ****             action.code = ACTION_LAYER_MOMENTARY(action_layer);
 556               		.loc 1 96 13 view .LVU110
  97:quantum/keymap_common.c ****             break;
 557               		.loc 1 97 13 view .LVU111
  97:quantum/keymap_common.c ****             break;
 558               		.loc 1 97 27 is_stmt 0 view .LVU112
 559 0200 982F      		mov r25,r24
 560 0202 8827      		clr r24
 561               	.LVL48:
  97:quantum/keymap_common.c ****             break;
 562               		.loc 1 97 27 view .LVU113
 563 0204 816F      		ori r24,241
 564 0206 906A      		ori r25,160
 565               	.LVL49:
  98:quantum/keymap_common.c ****         case QK_DEF_LAYER ... QK_DEF_LAYER_MAX: ;
 566               		.loc 1 98 13 is_stmt 1 view .LVU114
 567 0208 0895      		ret
 568               	.LVL50:
 569               	.L18:
  99:quantum/keymap_common.c ****             // Set default action_layer
 570               		.loc 1 99 49 view .LVU115
 101:quantum/keymap_common.c ****             action.code = ACTION_DEFAULT_LAYER_SET(action_layer);
 571               		.loc 1 101 13 view .LVU116
 102:quantum/keymap_common.c ****             break;
 572               		.loc 1 102 13 view .LVU117
 102:quantum/keymap_common.c ****             break;
 573               		.loc 1 102 27 is_stmt 0 view .LVU118
 574 020a AC01      		movw r20,r24
 575 020c 4370      		andi r20,3
 576 020e 5527      		clr r21
 577 0210 21E0      		ldi r18,lo8(1)
 578 0212 30E0      		ldi r19,0
 579 0214 00C0      		rjmp 2f
 580               		1:
 581 0216 220F      		lsl r18
 582 0218 331F      		rol r19
 583               		2:
 584 021a 4A95      		dec r20
 585 021c 02F4      		brpl 1b
 586 021e 8695      		lsr r24
 587 0220 8695      		lsr r24
 588               	.LVL51:
 102:quantum/keymap_common.c ****             break;
 589               		.loc 1 102 27 view .LVU119
 590 0222 70E2      		ldi r23,lo8(32)
 591 0224 879F      		mul r24,r23
 592 0226 C001      		movw r24,r0
 593 0228 1124      		clr __zero_reg__
 594 022a 00C0      		rjmp .L66
 595               	.LVL52:
 596               	.L63:
 104:quantum/keymap_common.c ****             // Set toggle
 597               		.loc 1 104 55 is_stmt 1 view .LVU120
 106:quantum/keymap_common.c ****             action.code = ACTION_LAYER_TOGGLE(action_layer);
 598               		.loc 1 106 13 view .LVU121
 107:quantum/keymap_common.c ****             break;
 599               		.loc 1 107 13 view .LVU122
 107:quantum/keymap_common.c ****             break;
 600               		.loc 1 107 27 is_stmt 0 view .LVU123
 601 022c AC01      		movw r20,r24
 602 022e 4370      		andi r20,3
 603 0230 5527      		clr r21
 604 0232 21E0      		ldi r18,lo8(1)
 605 0234 30E0      		ldi r19,0
 606 0236 00C0      		rjmp 2f
 607               		1:
 608 0238 220F      		lsl r18
 609 023a 331F      		rol r19
 610               		2:
 611 023c 4A95      		dec r20
 612 023e 02F4      		brpl 1b
 613 0240 8695      		lsr r24
 614 0242 8695      		lsr r24
 615               	.LVL53:
 107:quantum/keymap_common.c ****             break;
 616               		.loc 1 107 27 view .LVU124
 617 0244 40E2      		ldi r20,lo8(32)
 618 0246 849F      		mul r24,r20
 619 0248 C001      		movw r24,r0
 620 024a 1124      		clr __zero_reg__
 621 024c 822B      		or r24,r18
 622 024e 932B      		or r25,r19
 623 0250 9A68      		ori r25,138
 624               	.LVL54:
 108:quantum/keymap_common.c ****         case QK_ONE_SHOT_LAYER ... QK_ONE_SHOT_LAYER_MAX: ;
 625               		.loc 1 108 13 is_stmt 1 view .LVU125
 626 0252 0895      		ret
 627               	.LVL55:
 628               	.L25:
 114:quantum/keymap_common.c ****             // OSM(mod) - One-shot mod
 629               		.loc 1 114 55 view .LVU126
 116:quantum/keymap_common.c ****             action.code = ACTION_MODS_ONESHOT(mod);
 630               		.loc 1 116 13 view .LVU127
 117:quantum/keymap_common.c ****             break;
 631               		.loc 1 117 13 view .LVU128
 117:quantum/keymap_common.c ****             break;
 632               		.loc 1 117 27 is_stmt 0 view .LVU129
 633 0254 982F      		mov r25,r24
 634 0256 8827      		clr r24
 635               	.LVL56:
 117:quantum/keymap_common.c ****             break;
 636               		.loc 1 117 27 view .LVU130
 637 0258 8827      		clr r24
 638 025a 9F71      		andi r25,31
 639 025c 00C0      		rjmp .L67
 640               	.LVL57:
 641               	.L32:
  61:quantum/keymap_common.c ****             break;
 642               		.loc 1 61 27 view .LVU131
 643 025e 81E8      		ldi r24,lo8(-127)
 644 0260 90E4      		ldi r25,lo8(64)
 645               	.LVL58:
  61:quantum/keymap_common.c ****             break;
 646               		.loc 1 61 27 view .LVU132
 647 0262 0895      		ret
 648               	.LVL59:
 649               	.L33:
  61:quantum/keymap_common.c ****             break;
 650               		.loc 1 61 27 view .LVU133
 651 0264 83E8      		ldi r24,lo8(-125)
 652 0266 90E4      		ldi r25,lo8(64)
 653               	.LVL60:
  61:quantum/keymap_common.c ****             break;
 654               		.loc 1 61 27 view .LVU134
 655 0268 0895      		ret
 656               	.LVL61:
 657               	.L34:
  64:quantum/keymap_common.c ****             break;
 658               		.loc 1 64 27 view .LVU135
 659 026a 82EE      		ldi r24,lo8(-30)
 660 026c 94E4      		ldi r25,lo8(68)
 661               	.LVL62:
  64:quantum/keymap_common.c ****             break;
 662               		.loc 1 64 27 view .LVU136
 663 026e 0895      		ret
 664               	.LVL63:
 665               	.L35:
  64:quantum/keymap_common.c ****             break;
 666               		.loc 1 64 27 view .LVU137
 667 0270 89EE      		ldi r24,lo8(-23)
 668 0272 94E4      		ldi r25,lo8(68)
 669               	.LVL64:
  64:quantum/keymap_common.c ****             break;
 670               		.loc 1 64 27 view .LVU138
 671 0274 0895      		ret
 672               	.LVL65:
 673               	.L36:
  64:quantum/keymap_common.c ****             break;
 674               		.loc 1 64 27 view .LVU139
 675 0276 8AEE      		ldi r24,lo8(-22)
 676 0278 94E4      		ldi r25,lo8(68)
 677               	.LVL66:
  64:quantum/keymap_common.c ****             break;
 678               		.loc 1 64 27 view .LVU140
 679 027a 0895      		ret
 680               	.LVL67:
 681               	.L37:
  64:quantum/keymap_common.c ****             break;
 682               		.loc 1 64 27 view .LVU141
 683 027c 85EB      		ldi r24,lo8(-75)
 684 027e 94E4      		ldi r25,lo8(68)
 685               	.LVL68:
  64:quantum/keymap_common.c ****             break;
 686               		.loc 1 64 27 view .LVU142
 687 0280 0895      		ret
 688               	.LVL69:
 689               	.L38:
  64:quantum/keymap_common.c ****             break;
 690               		.loc 1 64 27 view .LVU143
 691 0282 86EB      		ldi r24,lo8(-74)
 692 0284 94E4      		ldi r25,lo8(68)
 693               	.LVL70:
  64:quantum/keymap_common.c ****             break;
 694               		.loc 1 64 27 view .LVU144
 695 0286 0895      		ret
 696               	.LVL71:
 697               	.L39:
  64:quantum/keymap_common.c ****             break;
 698               		.loc 1 64 27 view .LVU145
 699 0288 83EB      		ldi r24,lo8(-77)
 700 028a 94E4      		ldi r25,lo8(68)
 701               	.LVL72:
  64:quantum/keymap_common.c ****             break;
 702               		.loc 1 64 27 view .LVU146
 703 028c 0895      		ret
 704               	.LVL73:
 705               	.L40:
  64:quantum/keymap_common.c ****             break;
 706               		.loc 1 64 27 view .LVU147
 707 028e 84EB      		ldi r24,lo8(-76)
 708 0290 94E4      		ldi r25,lo8(68)
 709               	.LVL74:
  64:quantum/keymap_common.c ****             break;
 710               		.loc 1 64 27 view .LVU148
 711 0292 0895      		ret
 712               	.LVL75:
 713               	.L41:
  64:quantum/keymap_common.c ****             break;
 714               		.loc 1 64 27 view .LVU149
 715 0294 87EB      		ldi r24,lo8(-73)
 716 0296 94E4      		ldi r25,lo8(68)
 717               	.LVL76:
  64:quantum/keymap_common.c ****             break;
 718               		.loc 1 64 27 view .LVU150
 719 0298 0895      		ret
 720               	.LVL77:
 721               	.L42:
  64:quantum/keymap_common.c ****             break;
 722               		.loc 1 64 27 view .LVU151
 723 029a 8CEC      		ldi r24,lo8(-52)
 724 029c 94E4      		ldi r25,lo8(68)
 725               	.LVL78:
  64:quantum/keymap_common.c ****             break;
 726               		.loc 1 64 27 view .LVU152
 727 029e 0895      		ret
 728               	.LVL79:
 729               	.L43:
  64:quantum/keymap_common.c ****             break;
 730               		.loc 1 64 27 view .LVU153
 731 02a0 8DEC      		ldi r24,lo8(-51)
 732 02a2 94E4      		ldi r25,lo8(68)
 733               	.LVL80:
  64:quantum/keymap_common.c ****             break;
 734               		.loc 1 64 27 view .LVU154
 735 02a4 0895      		ret
 736               	.LVL81:
 737               	.L44:
  64:quantum/keymap_common.c ****             break;
 738               		.loc 1 64 27 view .LVU155
 739 02a6 83E8      		ldi r24,lo8(-125)
 740 02a8 95E4      		ldi r25,lo8(69)
 741               	.LVL82:
  64:quantum/keymap_common.c ****             break;
 742               		.loc 1 64 27 view .LVU156
 743 02aa 0895      		ret
 744               	.LVL83:
 745               	.L45:
  64:quantum/keymap_common.c ****             break;
 746               		.loc 1 64 27 view .LVU157
 747 02ac 8AE8      		ldi r24,lo8(-118)
 748 02ae 95E4      		ldi r25,lo8(69)
 749               	.LVL84:
  64:quantum/keymap_common.c ****             break;
 750               		.loc 1 64 27 view .LVU158
 751 02b0 0895      		ret
 752               	.LVL85:
 753               	.L46:
  64:quantum/keymap_common.c ****             break;
 754               		.loc 1 64 27 view .LVU159
 755 02b2 82E9      		ldi r24,lo8(-110)
 756 02b4 95E4      		ldi r25,lo8(69)
 757               	.LVL86:
  64:quantum/keymap_common.c ****             break;
 758               		.loc 1 64 27 view .LVU160
 759 02b6 0895      		ret
 760               	.LVL87:
 761               	.L47:
  64:quantum/keymap_common.c ****             break;
 762               		.loc 1 64 27 view .LVU161
 763 02b8 84E9      		ldi r24,lo8(-108)
 764 02ba 95E4      		ldi r25,lo8(69)
 765               	.LVL88:
  64:quantum/keymap_common.c ****             break;
 766               		.loc 1 64 27 view .LVU162
 767 02bc 0895      		ret
 768               	.LVL89:
 769               	.L48:
  64:quantum/keymap_common.c ****             break;
 770               		.loc 1 64 27 view .LVU163
 771 02be 81E2      		ldi r24,lo8(33)
 772 02c0 96E4      		ldi r25,lo8(70)
 773               	.LVL90:
  64:quantum/keymap_common.c ****             break;
 774               		.loc 1 64 27 view .LVU164
 775 02c2 0895      		ret
 776               	.LVL91:
 777               	.L49:
  64:quantum/keymap_common.c ****             break;
 778               		.loc 1 64 27 view .LVU165
 779 02c4 83E2      		ldi r24,lo8(35)
 780 02c6 96E4      		ldi r25,lo8(70)
 781               	.LVL92:
  64:quantum/keymap_common.c ****             break;
 782               		.loc 1 64 27 view .LVU166
 783 02c8 0895      		ret
 784               	.LVL93:
 785               	.L50:
  64:quantum/keymap_common.c ****             break;
 786               		.loc 1 64 27 view .LVU167
 787 02ca 84E2      		ldi r24,lo8(36)
 788 02cc 96E4      		ldi r25,lo8(70)
 789               	.LVL94:
  64:quantum/keymap_common.c ****             break;
 790               		.loc 1 64 27 view .LVU168
 791 02ce 0895      		ret
 792               	.LVL95:
 793               	.L51:
  64:quantum/keymap_common.c ****             break;
 794               		.loc 1 64 27 view .LVU169
 795 02d0 85E2      		ldi r24,lo8(37)
 796 02d2 96E4      		ldi r25,lo8(70)
 797               	.LVL96:
  64:quantum/keymap_common.c ****             break;
 798               		.loc 1 64 27 view .LVU170
 799 02d4 0895      		ret
 800               	.LVL97:
 801               	.L52:
  64:quantum/keymap_common.c ****             break;
 802               		.loc 1 64 27 view .LVU171
 803 02d6 86E2      		ldi r24,lo8(38)
 804 02d8 96E4      		ldi r25,lo8(70)
 805               	.LVL98:
  64:quantum/keymap_common.c ****             break;
 806               		.loc 1 64 27 view .LVU172
 807 02da 0895      		ret
 808               	.LVL99:
 809               	.L53:
  64:quantum/keymap_common.c ****             break;
 810               		.loc 1 64 27 view .LVU173
 811 02dc 87E2      		ldi r24,lo8(39)
 812 02de 96E4      		ldi r25,lo8(70)
 813               	.LVL100:
  64:quantum/keymap_common.c ****             break;
 814               		.loc 1 64 27 view .LVU174
 815 02e0 0895      		ret
 816               	.LVL101:
 817               	.L54:
  64:quantum/keymap_common.c ****             break;
 818               		.loc 1 64 27 view .LVU175
 819 02e2 8AE2      		ldi r24,lo8(42)
 820 02e4 96E4      		ldi r25,lo8(70)
 821               	.LVL102:
  64:quantum/keymap_common.c ****             break;
 822               		.loc 1 64 27 view .LVU176
 823 02e6 00C0      		rjmp .L12
 824               		.cfi_endproc
 825               	.LFE111:
 827               		.weak	fn_actions
 828               		.section	.progmem.data.fn_actions,"a"
 831               	fn_actions:
 832               		.text
 833               	.Letext0:
 834               		.file 2 "/usr/local/Cellar/avr-gcc@8/8.5.0_1/avr/include/stdint.h"
 835               		.file 3 "./tmk_core/common/keyboard.h"
 836               		.file 4 "./tmk_core/common/keycode.h"
 837               		.file 5 "./tmk_core/common/action_code.h"
 838               		.file 6 "/usr/local/Cellar/avr-gcc@8/8.5.0_1/lib/avr-gcc/8/gcc/avr/8.5.0/include/stddef.h"
 839               		.file 7 "./tmk_core/common/action_macro.h"
 840               		.file 8 "./tmk_core/common/action.h"
 841               		.file 9 "./tmk_core/protocol/lufa/LUFA-git/LUFA/Drivers/USB/Core/AVR8/../StdRequestType.h"
 842               		.file 10 "./tmk_core/protocol/lufa/LUFA-git/LUFA/Drivers/USB/Core/AVR8/../DeviceStandardReq.h"
 843               		.file 11 "./tmk_core/protocol/lufa/LUFA-git/LUFA/Drivers/USB/Core/USBTask.h"
 844               		.file 12 "./tmk_core/protocol/lufa/LUFA-git/LUFA/Drivers/USB/Core/HostStandardReq.h"
 845               		.file 13 "/usr/local/Cellar/avr-gcc@8/8.5.0_1/avr/include/stdio.h"
 846               		.file 14 "./tmk_core/common/report.h"
 847               		.file 15 "./tmk_core/common/host.h"
 848               		.file 16 "./tmk_core/common/debug.h"
 849               		.file 17 "quantum/keycode_config.h"
 850               		.file 18 "quantum/quantum_keycodes.h"
 851               		.file 19 "quantum/keymap.h"
 852               		.file 20 "./tmk_core/common/action_layer.h"
 853               		.file 21 "./tmk_core/common/timer.h"
 854               		.file 22 "./tmk_core/common/action_util.h"
 855               		.file 23 "/usr/local/Cellar/avr-gcc@8/8.5.0_1/avr/include/stdlib.h"
DEFINED SYMBOLS
                            *ABS*:00000000 keymap_common.c
/var/folders/f1/r0m_vh_54tg0jls9tjh4vqkr0000gn/T//ccCIxQWT.s:2      *ABS*:0000003e __SP_H__
/var/folders/f1/r0m_vh_54tg0jls9tjh4vqkr0000gn/T//ccCIxQWT.s:3      *ABS*:0000003d __SP_L__
/var/folders/f1/r0m_vh_54tg0jls9tjh4vqkr0000gn/T//ccCIxQWT.s:4      *ABS*:0000003f __SREG__
/var/folders/f1/r0m_vh_54tg0jls9tjh4vqkr0000gn/T//ccCIxQWT.s:5      *ABS*:00000000 __tmp_reg__
/var/folders/f1/r0m_vh_54tg0jls9tjh4vqkr0000gn/T//ccCIxQWT.s:6      *ABS*:00000001 __zero_reg__
/var/folders/f1/r0m_vh_54tg0jls9tjh4vqkr0000gn/T//ccCIxQWT.s:13     .text.action_get_macro:00000000 action_get_macro
/var/folders/f1/r0m_vh_54tg0jls9tjh4vqkr0000gn/T//ccCIxQWT.s:17     .text.action_get_macro:00000000 .Loc.0
/var/folders/f1/r0m_vh_54tg0jls9tjh4vqkr0000gn/T//ccCIxQWT.s:18     .text.action_get_macro:00000000 L0
/var/folders/f1/r0m_vh_54tg0jls9tjh4vqkr0000gn/T//ccCIxQWT.s:23     .text.action_get_macro:00000000 .Loc.1
/var/folders/f1/r0m_vh_54tg0jls9tjh4vqkr0000gn/T//ccCIxQWT.s:24     .text.action_get_macro:00000000 .Loc.2
/var/folders/f1/r0m_vh_54tg0jls9tjh4vqkr0000gn/T//ccCIxQWT.s:29     .text.action_get_macro:00000004 .Loc.3
/var/folders/f1/r0m_vh_54tg0jls9tjh4vqkr0000gn/T//ccCIxQWT.s:31     .text.action_get_macro:00000006 L0
/var/folders/f1/r0m_vh_54tg0jls9tjh4vqkr0000gn/T//ccCIxQWT.s:37     .text.action_function:00000000 action_function
/var/folders/f1/r0m_vh_54tg0jls9tjh4vqkr0000gn/T//ccCIxQWT.s:40     .text.action_function:00000000 .Loc.4
/var/folders/f1/r0m_vh_54tg0jls9tjh4vqkr0000gn/T//ccCIxQWT.s:41     .text.action_function:00000000 L0
/var/folders/f1/r0m_vh_54tg0jls9tjh4vqkr0000gn/T//ccCIxQWT.s:46     .text.action_function:00000000 .Loc.5
/var/folders/f1/r0m_vh_54tg0jls9tjh4vqkr0000gn/T//ccCIxQWT.s:49     .text.action_function:00000002 L0
/var/folders/f1/r0m_vh_54tg0jls9tjh4vqkr0000gn/T//ccCIxQWT.s:55     .text.keymap_key_to_keycode:00000000 keymap_key_to_keycode
/var/folders/f1/r0m_vh_54tg0jls9tjh4vqkr0000gn/T//ccCIxQWT.s:58     .text.keymap_key_to_keycode:00000000 .Loc.6
/var/folders/f1/r0m_vh_54tg0jls9tjh4vqkr0000gn/T//ccCIxQWT.s:59     .text.keymap_key_to_keycode:00000000 L0
/var/folders/f1/r0m_vh_54tg0jls9tjh4vqkr0000gn/T//ccCIxQWT.s:64     .text.keymap_key_to_keycode:00000000 .Loc.7
/var/folders/f1/r0m_vh_54tg0jls9tjh4vqkr0000gn/T//ccCIxQWT.s:66     .text.keymap_key_to_keycode:00000002 .Loc.8
/var/folders/f1/r0m_vh_54tg0jls9tjh4vqkr0000gn/T//ccCIxQWT.s:68     .text.keymap_key_to_keycode:00000002 .Loc.9
/var/folders/f1/r0m_vh_54tg0jls9tjh4vqkr0000gn/T//ccCIxQWT.s:70     .text.keymap_key_to_keycode:00000004 .Loc.10
/var/folders/f1/r0m_vh_54tg0jls9tjh4vqkr0000gn/T//ccCIxQWT.s:77     .text.keymap_key_to_keycode:0000000e .Loc.11
/var/folders/f1/r0m_vh_54tg0jls9tjh4vqkr0000gn/T//ccCIxQWT.s:87     .text.keymap_key_to_keycode:0000001e .Loc.12
/var/folders/f1/r0m_vh_54tg0jls9tjh4vqkr0000gn/T//ccCIxQWT.s:91     .text.keymap_key_to_keycode:00000022 .Loc.13
/var/folders/f1/r0m_vh_54tg0jls9tjh4vqkr0000gn/T//ccCIxQWT.s:92     .text.keymap_key_to_keycode:00000022 .Loc.14
/var/folders/f1/r0m_vh_54tg0jls9tjh4vqkr0000gn/T//ccCIxQWT.s:100    .text.keymap_key_to_keycode:00000026 .Loc.15
/var/folders/f1/r0m_vh_54tg0jls9tjh4vqkr0000gn/T//ccCIxQWT.s:104    .text.keymap_key_to_keycode:00000026 .Loc.16
/var/folders/f1/r0m_vh_54tg0jls9tjh4vqkr0000gn/T//ccCIxQWT.s:106    .text.keymap_key_to_keycode:00000028 L0
/var/folders/f1/r0m_vh_54tg0jls9tjh4vqkr0000gn/T//ccCIxQWT.s:112    .text.keymap_function_id_to_action:00000000 keymap_function_id_to_action
/var/folders/f1/r0m_vh_54tg0jls9tjh4vqkr0000gn/T//ccCIxQWT.s:115    .text.keymap_function_id_to_action:00000000 .Loc.17
/var/folders/f1/r0m_vh_54tg0jls9tjh4vqkr0000gn/T//ccCIxQWT.s:116    .text.keymap_function_id_to_action:00000000 L0
/var/folders/f1/r0m_vh_54tg0jls9tjh4vqkr0000gn/T//ccCIxQWT.s:121    .text.keymap_function_id_to_action:00000000 .Loc.18
/var/folders/f1/r0m_vh_54tg0jls9tjh4vqkr0000gn/T//ccCIxQWT.s:123    .text.keymap_function_id_to_action:00000000 .Loc.19
/var/folders/f1/r0m_vh_54tg0jls9tjh4vqkr0000gn/T//ccCIxQWT.s:128    .text.keymap_function_id_to_action:00000006 .Loc.20
/var/folders/f1/r0m_vh_54tg0jls9tjh4vqkr0000gn/T//ccCIxQWT.s:831    .progmem.data.fn_actions:00000000 fn_actions
/var/folders/f1/r0m_vh_54tg0jls9tjh4vqkr0000gn/T//ccCIxQWT.s:132    .text.keymap_function_id_to_action:0000000a .Loc.21
/var/folders/f1/r0m_vh_54tg0jls9tjh4vqkr0000gn/T//ccCIxQWT.s:133    .text.keymap_function_id_to_action:0000000a .Loc.22
/var/folders/f1/r0m_vh_54tg0jls9tjh4vqkr0000gn/T//ccCIxQWT.s:141    .text.keymap_function_id_to_action:0000000e .Loc.23
/var/folders/f1/r0m_vh_54tg0jls9tjh4vqkr0000gn/T//ccCIxQWT.s:145    .text.keymap_function_id_to_action:0000000e .Loc.24
/var/folders/f1/r0m_vh_54tg0jls9tjh4vqkr0000gn/T//ccCIxQWT.s:147    .text.keymap_function_id_to_action:00000010 L0
/var/folders/f1/r0m_vh_54tg0jls9tjh4vqkr0000gn/T//ccCIxQWT.s:153    .text.action_for_key:00000000 action_for_key
/var/folders/f1/r0m_vh_54tg0jls9tjh4vqkr0000gn/T//ccCIxQWT.s:156    .text.action_for_key:00000000 .Loc.25
/var/folders/f1/r0m_vh_54tg0jls9tjh4vqkr0000gn/T//ccCIxQWT.s:157    .text.action_for_key:00000000 L0
/var/folders/f1/r0m_vh_54tg0jls9tjh4vqkr0000gn/T//ccCIxQWT.s:162    .text.action_for_key:00000000 .Loc.26
/var/folders/f1/r0m_vh_54tg0jls9tjh4vqkr0000gn/T//ccCIxQWT.s:163    .text.action_for_key:00000000 .Loc.27
/var/folders/f1/r0m_vh_54tg0jls9tjh4vqkr0000gn/T//ccCIxQWT.s:166    .text.action_for_key:00000004 .Loc.28
/var/folders/f1/r0m_vh_54tg0jls9tjh4vqkr0000gn/T//ccCIxQWT.s:167    .text.action_for_key:00000004 .Loc.29
/var/folders/f1/r0m_vh_54tg0jls9tjh4vqkr0000gn/T//ccCIxQWT.s:170    .text.action_for_key:00000008 .Loc.30
/var/folders/f1/r0m_vh_54tg0jls9tjh4vqkr0000gn/T//ccCIxQWT.s:171    .text.action_for_key:00000008 .Loc.31
/var/folders/f1/r0m_vh_54tg0jls9tjh4vqkr0000gn/T//ccCIxQWT.s:172    .text.action_for_key:00000008 .Loc.32
/var/folders/f1/r0m_vh_54tg0jls9tjh4vqkr0000gn/T//ccCIxQWT.s:176    .text.action_for_key:00000010 L0
/var/folders/f1/r0m_vh_54tg0jls9tjh4vqkr0000gn/T//ccCIxQWT.s:181    .text.action_for_key:0000001a L0
/var/folders/f1/r0m_vh_54tg0jls9tjh4vqkr0000gn/T//ccCIxQWT.s:185    .text.action_for_key:00000022 L0
/var/folders/f1/r0m_vh_54tg0jls9tjh4vqkr0000gn/T//ccCIxQWT.s:189    .text.action_for_key:0000002a L0
/var/folders/f1/r0m_vh_54tg0jls9tjh4vqkr0000gn/T//ccCIxQWT.s:196    .text.action_for_key:00000038 L0
/var/folders/f1/r0m_vh_54tg0jls9tjh4vqkr0000gn/T//ccCIxQWT.s:200    .text.action_for_key:00000040 L0
/var/folders/f1/r0m_vh_54tg0jls9tjh4vqkr0000gn/T//ccCIxQWT.s:203    .text.action_for_key:00000046 L0
/var/folders/f1/r0m_vh_54tg0jls9tjh4vqkr0000gn/T//ccCIxQWT.s:207    .text.action_for_key:0000004e L0
/var/folders/f1/r0m_vh_54tg0jls9tjh4vqkr0000gn/T//ccCIxQWT.s:211    .text.action_for_key:00000050 .Loc.33
/var/folders/f1/r0m_vh_54tg0jls9tjh4vqkr0000gn/T//ccCIxQWT.s:217    .text.action_for_key:00000056 .Loc.34
/var/folders/f1/r0m_vh_54tg0jls9tjh4vqkr0000gn/T//ccCIxQWT.s:221    .text.action_for_key:0000005c .Loc.35
/var/folders/f1/r0m_vh_54tg0jls9tjh4vqkr0000gn/T//ccCIxQWT.s:222    .text.action_for_key:0000005c .Loc.36
/var/folders/f1/r0m_vh_54tg0jls9tjh4vqkr0000gn/T//ccCIxQWT.s:225    .text.action_for_key:00000062 L0
/var/folders/f1/r0m_vh_54tg0jls9tjh4vqkr0000gn/T//ccCIxQWT.s:227    .text.action_for_key:00000064 .Loc.37
/var/folders/f1/r0m_vh_54tg0jls9tjh4vqkr0000gn/T//ccCIxQWT.s:230    .text.action_for_key:0000006a L0
/var/folders/f1/r0m_vh_54tg0jls9tjh4vqkr0000gn/T//ccCIxQWT.s:232    .text.action_for_key:0000006c .Loc.38
/var/folders/f1/r0m_vh_54tg0jls9tjh4vqkr0000gn/T//ccCIxQWT.s:235    .text.action_for_key:00000072 L0
/var/folders/f1/r0m_vh_54tg0jls9tjh4vqkr0000gn/T//ccCIxQWT.s:237    .text.action_for_key:00000074 .Loc.39
/var/folders/f1/r0m_vh_54tg0jls9tjh4vqkr0000gn/T//ccCIxQWT.s:240    .text.action_for_key:0000007a L0
/var/folders/f1/r0m_vh_54tg0jls9tjh4vqkr0000gn/T//ccCIxQWT.s:242    .text.action_for_key:0000007c .Loc.40
/var/folders/f1/r0m_vh_54tg0jls9tjh4vqkr0000gn/T//ccCIxQWT.s:245    .text.action_for_key:00000082 L0
/var/folders/f1/r0m_vh_54tg0jls9tjh4vqkr0000gn/T//ccCIxQWT.s:247    .text.action_for_key:00000084 .Loc.41
/var/folders/f1/r0m_vh_54tg0jls9tjh4vqkr0000gn/T//ccCIxQWT.s:250    .text.action_for_key:0000008a L0
/var/folders/f1/r0m_vh_54tg0jls9tjh4vqkr0000gn/T//ccCIxQWT.s:252    .text.action_for_key:0000008c .Loc.42
/var/folders/f1/r0m_vh_54tg0jls9tjh4vqkr0000gn/T//ccCIxQWT.s:255    .text.action_for_key:00000092 L0
/var/folders/f1/r0m_vh_54tg0jls9tjh4vqkr0000gn/T//ccCIxQWT.s:257    .text.action_for_key:00000094 .Loc.43
/var/folders/f1/r0m_vh_54tg0jls9tjh4vqkr0000gn/T//ccCIxQWT.s:260    .text.action_for_key:0000009a L0
/var/folders/f1/r0m_vh_54tg0jls9tjh4vqkr0000gn/T//ccCIxQWT.s:262    .text.action_for_key:0000009c .Loc.44
/var/folders/f1/r0m_vh_54tg0jls9tjh4vqkr0000gn/T//ccCIxQWT.s:265    .text.action_for_key:000000a2 L0
/var/folders/f1/r0m_vh_54tg0jls9tjh4vqkr0000gn/T//ccCIxQWT.s:267    .text.action_for_key:000000a4 .Loc.45
/var/folders/f1/r0m_vh_54tg0jls9tjh4vqkr0000gn/T//ccCIxQWT.s:270    .text.action_for_key:000000aa L0
/var/folders/f1/r0m_vh_54tg0jls9tjh4vqkr0000gn/T//ccCIxQWT.s:272    .text.action_for_key:000000ac .Loc.46
/var/folders/f1/r0m_vh_54tg0jls9tjh4vqkr0000gn/T//ccCIxQWT.s:275    .text.action_for_key:000000b2 L0
/var/folders/f1/r0m_vh_54tg0jls9tjh4vqkr0000gn/T//ccCIxQWT.s:277    .text.action_for_key:000000b4 .Loc.47
/var/folders/f1/r0m_vh_54tg0jls9tjh4vqkr0000gn/T//ccCIxQWT.s:280    .text.action_for_key:000000ba L0
/var/folders/f1/r0m_vh_54tg0jls9tjh4vqkr0000gn/T//ccCIxQWT.s:282    .text.action_for_key:000000bc .Loc.48
/var/folders/f1/r0m_vh_54tg0jls9tjh4vqkr0000gn/T//ccCIxQWT.s:285    .text.action_for_key:000000c2 L0
/var/folders/f1/r0m_vh_54tg0jls9tjh4vqkr0000gn/T//ccCIxQWT.s:287    .text.action_for_key:000000c4 .Loc.49
/var/folders/f1/r0m_vh_54tg0jls9tjh4vqkr0000gn/T//ccCIxQWT.s:290    .text.action_for_key:000000ca L0
/var/folders/f1/r0m_vh_54tg0jls9tjh4vqkr0000gn/T//ccCIxQWT.s:292    .text.action_for_key:000000cc .Loc.50
/var/folders/f1/r0m_vh_54tg0jls9tjh4vqkr0000gn/T//ccCIxQWT.s:295    .text.action_for_key:000000d2 L0
/var/folders/f1/r0m_vh_54tg0jls9tjh4vqkr0000gn/T//ccCIxQWT.s:297    .text.action_for_key:000000d4 .Loc.51
/var/folders/f1/r0m_vh_54tg0jls9tjh4vqkr0000gn/T//ccCIxQWT.s:300    .text.action_for_key:000000da L0
/var/folders/f1/r0m_vh_54tg0jls9tjh4vqkr0000gn/T//ccCIxQWT.s:302    .text.action_for_key:000000dc .Loc.52
/var/folders/f1/r0m_vh_54tg0jls9tjh4vqkr0000gn/T//ccCIxQWT.s:305    .text.action_for_key:000000e2 L0
/var/folders/f1/r0m_vh_54tg0jls9tjh4vqkr0000gn/T//ccCIxQWT.s:307    .text.action_for_key:000000e4 .Loc.53
/var/folders/f1/r0m_vh_54tg0jls9tjh4vqkr0000gn/T//ccCIxQWT.s:310    .text.action_for_key:000000ea L0
/var/folders/f1/r0m_vh_54tg0jls9tjh4vqkr0000gn/T//ccCIxQWT.s:312    .text.action_for_key:000000ec .Loc.54
/var/folders/f1/r0m_vh_54tg0jls9tjh4vqkr0000gn/T//ccCIxQWT.s:315    .text.action_for_key:000000f2 L0
/var/folders/f1/r0m_vh_54tg0jls9tjh4vqkr0000gn/T//ccCIxQWT.s:317    .text.action_for_key:000000f4 .Loc.55
/var/folders/f1/r0m_vh_54tg0jls9tjh4vqkr0000gn/T//ccCIxQWT.s:320    .text.action_for_key:000000fa L0
/var/folders/f1/r0m_vh_54tg0jls9tjh4vqkr0000gn/T//ccCIxQWT.s:322    .text.action_for_key:000000fc .Loc.56
/var/folders/f1/r0m_vh_54tg0jls9tjh4vqkr0000gn/T//ccCIxQWT.s:325    .text.action_for_key:00000102 L0
/var/folders/f1/r0m_vh_54tg0jls9tjh4vqkr0000gn/T//ccCIxQWT.s:327    .text.action_for_key:00000104 .Loc.57
/var/folders/f1/r0m_vh_54tg0jls9tjh4vqkr0000gn/T//ccCIxQWT.s:331    .text.action_for_key:00000108 .Loc.58
/var/folders/f1/r0m_vh_54tg0jls9tjh4vqkr0000gn/T//ccCIxQWT.s:335    .text.action_for_key:0000010a .Loc.59
/var/folders/f1/r0m_vh_54tg0jls9tjh4vqkr0000gn/T//ccCIxQWT.s:338    .text.action_for_key:00000110 L0
/var/folders/f1/r0m_vh_54tg0jls9tjh4vqkr0000gn/T//ccCIxQWT.s:342    .text.action_for_key:00000118 L0
/var/folders/f1/r0m_vh_54tg0jls9tjh4vqkr0000gn/T//ccCIxQWT.s:346    .text.action_for_key:00000120 L0
/var/folders/f1/r0m_vh_54tg0jls9tjh4vqkr0000gn/T//ccCIxQWT.s:350    .text.action_for_key:00000122 .Loc.60
/var/folders/f1/r0m_vh_54tg0jls9tjh4vqkr0000gn/T//ccCIxQWT.s:352    .text.action_for_key:00000122 .Loc.61
/var/folders/f1/r0m_vh_54tg0jls9tjh4vqkr0000gn/T//ccCIxQWT.s:356    .text.action_for_key:00000124 .Loc.62
/var/folders/f1/r0m_vh_54tg0jls9tjh4vqkr0000gn/T//ccCIxQWT.s:360    .text.action_for_key:0000012c L0
/var/folders/f1/r0m_vh_54tg0jls9tjh4vqkr0000gn/T//ccCIxQWT.s:371    .text.action_for_key:00000140 L0
/var/folders/f1/r0m_vh_54tg0jls9tjh4vqkr0000gn/T//ccCIxQWT.s:376    .text.action_for_key:0000014a L0
/var/folders/f1/r0m_vh_54tg0jls9tjh4vqkr0000gn/T//ccCIxQWT.s:381    .text.action_for_key:00000154 L0
/var/folders/f1/r0m_vh_54tg0jls9tjh4vqkr0000gn/T//ccCIxQWT.s:383    .text.action_for_key:00000156 .Loc.63
/var/folders/f1/r0m_vh_54tg0jls9tjh4vqkr0000gn/T//ccCIxQWT.s:384    .text.action_for_key:00000156 .Loc.64
/var/folders/f1/r0m_vh_54tg0jls9tjh4vqkr0000gn/T//ccCIxQWT.s:386    .text.action_for_key:00000156 .Loc.65
/var/folders/f1/r0m_vh_54tg0jls9tjh4vqkr0000gn/T//ccCIxQWT.s:387    .text.action_for_key:00000156 .Loc.66
/var/folders/f1/r0m_vh_54tg0jls9tjh4vqkr0000gn/T//ccCIxQWT.s:388    .text.action_for_key:00000156 .Loc.67
/var/folders/f1/r0m_vh_54tg0jls9tjh4vqkr0000gn/T//ccCIxQWT.s:396    .text.action_for_key:00000162 .Loc.68
/var/folders/f1/r0m_vh_54tg0jls9tjh4vqkr0000gn/T//ccCIxQWT.s:399    .text.action_for_key:00000166 .Loc.69
/var/folders/f1/r0m_vh_54tg0jls9tjh4vqkr0000gn/T//ccCIxQWT.s:411    .text.action_for_key:0000017a .Loc.70
/var/folders/f1/r0m_vh_54tg0jls9tjh4vqkr0000gn/T//ccCIxQWT.s:424    .text.action_for_key:0000018c .Loc.71
/var/folders/f1/r0m_vh_54tg0jls9tjh4vqkr0000gn/T//ccCIxQWT.s:429    .text.action_for_key:00000192 .Loc.72
/var/folders/f1/r0m_vh_54tg0jls9tjh4vqkr0000gn/T//ccCIxQWT.s:433    .text.action_for_key:00000194 .Loc.73
/var/folders/f1/r0m_vh_54tg0jls9tjh4vqkr0000gn/T//ccCIxQWT.s:441    .text.action_for_key:000001a4 L0
/var/folders/f1/r0m_vh_54tg0jls9tjh4vqkr0000gn/T//ccCIxQWT.s:443    .text.action_for_key:000001a6 .Loc.74
/var/folders/f1/r0m_vh_54tg0jls9tjh4vqkr0000gn/T//ccCIxQWT.s:444    .text.action_for_key:000001a6 .Loc.75
/var/folders/f1/r0m_vh_54tg0jls9tjh4vqkr0000gn/T//ccCIxQWT.s:446    .text.action_for_key:000001a6 .Loc.76
/var/folders/f1/r0m_vh_54tg0jls9tjh4vqkr0000gn/T//ccCIxQWT.s:447    .text.action_for_key:000001a6 .Loc.77
/var/folders/f1/r0m_vh_54tg0jls9tjh4vqkr0000gn/T//ccCIxQWT.s:451    .text.action_for_key:000001aa .Loc.78
/var/folders/f1/r0m_vh_54tg0jls9tjh4vqkr0000gn/T//ccCIxQWT.s:455    .text.action_for_key:000001ae .Loc.79
/var/folders/f1/r0m_vh_54tg0jls9tjh4vqkr0000gn/T//ccCIxQWT.s:459    .text.action_for_key:000001b0 .Loc.80
/var/folders/f1/r0m_vh_54tg0jls9tjh4vqkr0000gn/T//ccCIxQWT.s:463    .text.action_for_key:000001b8 L0
/var/folders/f1/r0m_vh_54tg0jls9tjh4vqkr0000gn/T//ccCIxQWT.s:467    .text.action_for_key:000001be .Loc.81
/var/folders/f1/r0m_vh_54tg0jls9tjh4vqkr0000gn/T//ccCIxQWT.s:470    .text.action_for_key:000001c0 .Loc.82
/var/folders/f1/r0m_vh_54tg0jls9tjh4vqkr0000gn/T//ccCIxQWT.s:473    .text.action_for_key:000001c6 L0
/var/folders/f1/r0m_vh_54tg0jls9tjh4vqkr0000gn/T//ccCIxQWT.s:477    .text.action_for_key:000001c8 .Loc.83
/var/folders/f1/r0m_vh_54tg0jls9tjh4vqkr0000gn/T//ccCIxQWT.s:480    .text.action_for_key:000001ca .Loc.84
/var/folders/f1/r0m_vh_54tg0jls9tjh4vqkr0000gn/T//ccCIxQWT.s:484    .text.action_for_key:000001cc .Loc.85
/var/folders/f1/r0m_vh_54tg0jls9tjh4vqkr0000gn/T//ccCIxQWT.s:485    .text.action_for_key:000001cc .Loc.86
/var/folders/f1/r0m_vh_54tg0jls9tjh4vqkr0000gn/T//ccCIxQWT.s:490    .text.action_for_key:000001d0 .Loc.87
/var/folders/f1/r0m_vh_54tg0jls9tjh4vqkr0000gn/T//ccCIxQWT.s:493    .text.action_for_key:000001d4 .Loc.88
/var/folders/f1/r0m_vh_54tg0jls9tjh4vqkr0000gn/T//ccCIxQWT.s:497    .text.action_for_key:000001d6 .Loc.89
/var/folders/f1/r0m_vh_54tg0jls9tjh4vqkr0000gn/T//ccCIxQWT.s:498    .text.action_for_key:000001d6 .Loc.90
/var/folders/f1/r0m_vh_54tg0jls9tjh4vqkr0000gn/T//ccCIxQWT.s:501    .text.action_for_key:000001dc L0
/var/folders/f1/r0m_vh_54tg0jls9tjh4vqkr0000gn/T//ccCIxQWT.s:503    .text.action_for_key:000001de .Loc.91
/var/folders/f1/r0m_vh_54tg0jls9tjh4vqkr0000gn/T//ccCIxQWT.s:506    .text.action_for_key:000001e4 L0
/var/folders/f1/r0m_vh_54tg0jls9tjh4vqkr0000gn/T//ccCIxQWT.s:508    .text.action_for_key:000001e6 .Loc.92
/var/folders/f1/r0m_vh_54tg0jls9tjh4vqkr0000gn/T//ccCIxQWT.s:512    .text.action_for_key:000001ea .Loc.93
/var/folders/f1/r0m_vh_54tg0jls9tjh4vqkr0000gn/T//ccCIxQWT.s:516    .text.action_for_key:000001ec .Loc.94
/var/folders/f1/r0m_vh_54tg0jls9tjh4vqkr0000gn/T//ccCIxQWT.s:517    .text.action_for_key:000001ec .Loc.95
/var/folders/f1/r0m_vh_54tg0jls9tjh4vqkr0000gn/T//ccCIxQWT.s:520    .text.action_for_key:000001ee .Loc.96
/var/folders/f1/r0m_vh_54tg0jls9tjh4vqkr0000gn/T//ccCIxQWT.s:524    .text.action_for_key:000001f0 .Loc.97
/var/folders/f1/r0m_vh_54tg0jls9tjh4vqkr0000gn/T//ccCIxQWT.s:525    .text.action_for_key:000001f0 .Loc.98
/var/folders/f1/r0m_vh_54tg0jls9tjh4vqkr0000gn/T//ccCIxQWT.s:526    .text.action_for_key:000001f0 .Loc.99
/var/folders/f1/r0m_vh_54tg0jls9tjh4vqkr0000gn/T//ccCIxQWT.s:529    .text.action_for_key:000001f2 .Loc.100
/var/folders/f1/r0m_vh_54tg0jls9tjh4vqkr0000gn/T//ccCIxQWT.s:533    .text.action_for_key:000001f4 .Loc.101
/var/folders/f1/r0m_vh_54tg0jls9tjh4vqkr0000gn/T//ccCIxQWT.s:534    .text.action_for_key:000001f4 .Loc.102
/var/folders/f1/r0m_vh_54tg0jls9tjh4vqkr0000gn/T//ccCIxQWT.s:537    .text.action_for_key:000001f6 .Loc.103
/var/folders/f1/r0m_vh_54tg0jls9tjh4vqkr0000gn/T//ccCIxQWT.s:540    .text.action_for_key:000001f8 .Loc.104
/var/folders/f1/r0m_vh_54tg0jls9tjh4vqkr0000gn/T//ccCIxQWT.s:544    .text.action_for_key:000001fa .Loc.105
/var/folders/f1/r0m_vh_54tg0jls9tjh4vqkr0000gn/T//ccCIxQWT.s:545    .text.action_for_key:000001fa .Loc.106
/var/folders/f1/r0m_vh_54tg0jls9tjh4vqkr0000gn/T//ccCIxQWT.s:548    .text.action_for_key:000001fc .Loc.107
/var/folders/f1/r0m_vh_54tg0jls9tjh4vqkr0000gn/T//ccCIxQWT.s:551    .text.action_for_key:000001fe .Loc.108
/var/folders/f1/r0m_vh_54tg0jls9tjh4vqkr0000gn/T//ccCIxQWT.s:555    .text.action_for_key:00000200 .Loc.109
/var/folders/f1/r0m_vh_54tg0jls9tjh4vqkr0000gn/T//ccCIxQWT.s:556    .text.action_for_key:00000200 .Loc.110
/var/folders/f1/r0m_vh_54tg0jls9tjh4vqkr0000gn/T//ccCIxQWT.s:557    .text.action_for_key:00000200 .Loc.111
/var/folders/f1/r0m_vh_54tg0jls9tjh4vqkr0000gn/T//ccCIxQWT.s:558    .text.action_for_key:00000200 .Loc.112
/var/folders/f1/r0m_vh_54tg0jls9tjh4vqkr0000gn/T//ccCIxQWT.s:562    .text.action_for_key:00000204 .Loc.113
/var/folders/f1/r0m_vh_54tg0jls9tjh4vqkr0000gn/T//ccCIxQWT.s:566    .text.action_for_key:00000208 .Loc.114
/var/folders/f1/r0m_vh_54tg0jls9tjh4vqkr0000gn/T//ccCIxQWT.s:570    .text.action_for_key:0000020a .Loc.115
/var/folders/f1/r0m_vh_54tg0jls9tjh4vqkr0000gn/T//ccCIxQWT.s:571    .text.action_for_key:0000020a .Loc.116
/var/folders/f1/r0m_vh_54tg0jls9tjh4vqkr0000gn/T//ccCIxQWT.s:572    .text.action_for_key:0000020a .Loc.117
/var/folders/f1/r0m_vh_54tg0jls9tjh4vqkr0000gn/T//ccCIxQWT.s:573    .text.action_for_key:0000020a .Loc.118
/var/folders/f1/r0m_vh_54tg0jls9tjh4vqkr0000gn/T//ccCIxQWT.s:589    .text.action_for_key:00000222 .Loc.119
/var/folders/f1/r0m_vh_54tg0jls9tjh4vqkr0000gn/T//ccCIxQWT.s:597    .text.action_for_key:0000022c .Loc.120
/var/folders/f1/r0m_vh_54tg0jls9tjh4vqkr0000gn/T//ccCIxQWT.s:598    .text.action_for_key:0000022c .Loc.121
/var/folders/f1/r0m_vh_54tg0jls9tjh4vqkr0000gn/T//ccCIxQWT.s:599    .text.action_for_key:0000022c .Loc.122
/var/folders/f1/r0m_vh_54tg0jls9tjh4vqkr0000gn/T//ccCIxQWT.s:600    .text.action_for_key:0000022c .Loc.123
/var/folders/f1/r0m_vh_54tg0jls9tjh4vqkr0000gn/T//ccCIxQWT.s:616    .text.action_for_key:00000244 .Loc.124
/var/folders/f1/r0m_vh_54tg0jls9tjh4vqkr0000gn/T//ccCIxQWT.s:625    .text.action_for_key:00000252 .Loc.125
/var/folders/f1/r0m_vh_54tg0jls9tjh4vqkr0000gn/T//ccCIxQWT.s:629    .text.action_for_key:00000254 .Loc.126
/var/folders/f1/r0m_vh_54tg0jls9tjh4vqkr0000gn/T//ccCIxQWT.s:630    .text.action_for_key:00000254 .Loc.127
/var/folders/f1/r0m_vh_54tg0jls9tjh4vqkr0000gn/T//ccCIxQWT.s:631    .text.action_for_key:00000254 .Loc.128
/var/folders/f1/r0m_vh_54tg0jls9tjh4vqkr0000gn/T//ccCIxQWT.s:632    .text.action_for_key:00000254 .Loc.129
/var/folders/f1/r0m_vh_54tg0jls9tjh4vqkr0000gn/T//ccCIxQWT.s:636    .text.action_for_key:00000258 .Loc.130
/var/folders/f1/r0m_vh_54tg0jls9tjh4vqkr0000gn/T//ccCIxQWT.s:642    .text.action_for_key:0000025e .Loc.131
/var/folders/f1/r0m_vh_54tg0jls9tjh4vqkr0000gn/T//ccCIxQWT.s:646    .text.action_for_key:00000262 .Loc.132
/var/folders/f1/r0m_vh_54tg0jls9tjh4vqkr0000gn/T//ccCIxQWT.s:650    .text.action_for_key:00000264 .Loc.133
/var/folders/f1/r0m_vh_54tg0jls9tjh4vqkr0000gn/T//ccCIxQWT.s:654    .text.action_for_key:00000268 .Loc.134
/var/folders/f1/r0m_vh_54tg0jls9tjh4vqkr0000gn/T//ccCIxQWT.s:658    .text.action_for_key:0000026a .Loc.135
/var/folders/f1/r0m_vh_54tg0jls9tjh4vqkr0000gn/T//ccCIxQWT.s:662    .text.action_for_key:0000026e .Loc.136
/var/folders/f1/r0m_vh_54tg0jls9tjh4vqkr0000gn/T//ccCIxQWT.s:666    .text.action_for_key:00000270 .Loc.137
/var/folders/f1/r0m_vh_54tg0jls9tjh4vqkr0000gn/T//ccCIxQWT.s:670    .text.action_for_key:00000274 .Loc.138
/var/folders/f1/r0m_vh_54tg0jls9tjh4vqkr0000gn/T//ccCIxQWT.s:674    .text.action_for_key:00000276 .Loc.139
/var/folders/f1/r0m_vh_54tg0jls9tjh4vqkr0000gn/T//ccCIxQWT.s:678    .text.action_for_key:0000027a .Loc.140
/var/folders/f1/r0m_vh_54tg0jls9tjh4vqkr0000gn/T//ccCIxQWT.s:682    .text.action_for_key:0000027c .Loc.141
/var/folders/f1/r0m_vh_54tg0jls9tjh4vqkr0000gn/T//ccCIxQWT.s:686    .text.action_for_key:00000280 .Loc.142
/var/folders/f1/r0m_vh_54tg0jls9tjh4vqkr0000gn/T//ccCIxQWT.s:690    .text.action_for_key:00000282 .Loc.143
/var/folders/f1/r0m_vh_54tg0jls9tjh4vqkr0000gn/T//ccCIxQWT.s:694    .text.action_for_key:00000286 .Loc.144
/var/folders/f1/r0m_vh_54tg0jls9tjh4vqkr0000gn/T//ccCIxQWT.s:698    .text.action_for_key:00000288 .Loc.145
/var/folders/f1/r0m_vh_54tg0jls9tjh4vqkr0000gn/T//ccCIxQWT.s:702    .text.action_for_key:0000028c .Loc.146
/var/folders/f1/r0m_vh_54tg0jls9tjh4vqkr0000gn/T//ccCIxQWT.s:706    .text.action_for_key:0000028e .Loc.147
/var/folders/f1/r0m_vh_54tg0jls9tjh4vqkr0000gn/T//ccCIxQWT.s:710    .text.action_for_key:00000292 .Loc.148
/var/folders/f1/r0m_vh_54tg0jls9tjh4vqkr0000gn/T//ccCIxQWT.s:714    .text.action_for_key:00000294 .Loc.149
/var/folders/f1/r0m_vh_54tg0jls9tjh4vqkr0000gn/T//ccCIxQWT.s:718    .text.action_for_key:00000298 .Loc.150
/var/folders/f1/r0m_vh_54tg0jls9tjh4vqkr0000gn/T//ccCIxQWT.s:722    .text.action_for_key:0000029a .Loc.151
/var/folders/f1/r0m_vh_54tg0jls9tjh4vqkr0000gn/T//ccCIxQWT.s:726    .text.action_for_key:0000029e .Loc.152
/var/folders/f1/r0m_vh_54tg0jls9tjh4vqkr0000gn/T//ccCIxQWT.s:730    .text.action_for_key:000002a0 .Loc.153
/var/folders/f1/r0m_vh_54tg0jls9tjh4vqkr0000gn/T//ccCIxQWT.s:734    .text.action_for_key:000002a4 .Loc.154
/var/folders/f1/r0m_vh_54tg0jls9tjh4vqkr0000gn/T//ccCIxQWT.s:738    .text.action_for_key:000002a6 .Loc.155
/var/folders/f1/r0m_vh_54tg0jls9tjh4vqkr0000gn/T//ccCIxQWT.s:742    .text.action_for_key:000002aa .Loc.156
/var/folders/f1/r0m_vh_54tg0jls9tjh4vqkr0000gn/T//ccCIxQWT.s:746    .text.action_for_key:000002ac .Loc.157
/var/folders/f1/r0m_vh_54tg0jls9tjh4vqkr0000gn/T//ccCIxQWT.s:750    .text.action_for_key:000002b0 .Loc.158
/var/folders/f1/r0m_vh_54tg0jls9tjh4vqkr0000gn/T//ccCIxQWT.s:754    .text.action_for_key:000002b2 .Loc.159
/var/folders/f1/r0m_vh_54tg0jls9tjh4vqkr0000gn/T//ccCIxQWT.s:758    .text.action_for_key:000002b6 .Loc.160
/var/folders/f1/r0m_vh_54tg0jls9tjh4vqkr0000gn/T//ccCIxQWT.s:762    .text.action_for_key:000002b8 .Loc.161
/var/folders/f1/r0m_vh_54tg0jls9tjh4vqkr0000gn/T//ccCIxQWT.s:766    .text.action_for_key:000002bc .Loc.162
/var/folders/f1/r0m_vh_54tg0jls9tjh4vqkr0000gn/T//ccCIxQWT.s:770    .text.action_for_key:000002be .Loc.163
/var/folders/f1/r0m_vh_54tg0jls9tjh4vqkr0000gn/T//ccCIxQWT.s:774    .text.action_for_key:000002c2 .Loc.164
/var/folders/f1/r0m_vh_54tg0jls9tjh4vqkr0000gn/T//ccCIxQWT.s:778    .text.action_for_key:000002c4 .Loc.165
/var/folders/f1/r0m_vh_54tg0jls9tjh4vqkr0000gn/T//ccCIxQWT.s:782    .text.action_for_key:000002c8 .Loc.166
/var/folders/f1/r0m_vh_54tg0jls9tjh4vqkr0000gn/T//ccCIxQWT.s:786    .text.action_for_key:000002ca .Loc.167
/var/folders/f1/r0m_vh_54tg0jls9tjh4vqkr0000gn/T//ccCIxQWT.s:790    .text.action_for_key:000002ce .Loc.168
/var/folders/f1/r0m_vh_54tg0jls9tjh4vqkr0000gn/T//ccCIxQWT.s:794    .text.action_for_key:000002d0 .Loc.169
/var/folders/f1/r0m_vh_54tg0jls9tjh4vqkr0000gn/T//ccCIxQWT.s:798    .text.action_for_key:000002d4 .Loc.170
/var/folders/f1/r0m_vh_54tg0jls9tjh4vqkr0000gn/T//ccCIxQWT.s:802    .text.action_for_key:000002d6 .Loc.171
/var/folders/f1/r0m_vh_54tg0jls9tjh4vqkr0000gn/T//ccCIxQWT.s:806    .text.action_for_key:000002da .Loc.172
/var/folders/f1/r0m_vh_54tg0jls9tjh4vqkr0000gn/T//ccCIxQWT.s:810    .text.action_for_key:000002dc .Loc.173
/var/folders/f1/r0m_vh_54tg0jls9tjh4vqkr0000gn/T//ccCIxQWT.s:814    .text.action_for_key:000002e0 .Loc.174
/var/folders/f1/r0m_vh_54tg0jls9tjh4vqkr0000gn/T//ccCIxQWT.s:818    .text.action_for_key:000002e2 .Loc.175
/var/folders/f1/r0m_vh_54tg0jls9tjh4vqkr0000gn/T//ccCIxQWT.s:822    .text.action_for_key:000002e6 .Loc.176
/var/folders/f1/r0m_vh_54tg0jls9tjh4vqkr0000gn/T//ccCIxQWT.s:824    .text.action_for_key:000002e8 L0
/var/folders/f1/r0m_vh_54tg0jls9tjh4vqkr0000gn/T//ccCIxQWT.s:34     .text.action_get_macro:00000006 L0
/var/folders/f1/r0m_vh_54tg0jls9tjh4vqkr0000gn/T//ccCIxQWT.s:52     .text.action_function:00000002 L0
/var/folders/f1/r0m_vh_54tg0jls9tjh4vqkr0000gn/T//ccCIxQWT.s:109    .text.keymap_key_to_keycode:00000028 L0
/var/folders/f1/r0m_vh_54tg0jls9tjh4vqkr0000gn/T//ccCIxQWT.s:150    .text.keymap_function_id_to_action:00000010 L0
/var/folders/f1/r0m_vh_54tg0jls9tjh4vqkr0000gn/T//ccCIxQWT.s:828    .text.action_for_key:000002e8 L0
                     .debug_frame:00000000 L0
/var/folders/f1/r0m_vh_54tg0jls9tjh4vqkr0000gn/T//ccCIxQWT.s:363    .text.action_for_key:00000130 .L6
/var/folders/f1/r0m_vh_54tg0jls9tjh4vqkr0000gn/T//ccCIxQWT.s:532    .text.action_for_key:000001f4 .L7
/var/folders/f1/r0m_vh_54tg0jls9tjh4vqkr0000gn/T//ccCIxQWT.s:334    .text.action_for_key:0000010a .L8
/var/folders/f1/r0m_vh_54tg0jls9tjh4vqkr0000gn/T//ccCIxQWT.s:483    .text.action_for_key:000001cc .L9
/var/folders/f1/r0m_vh_54tg0jls9tjh4vqkr0000gn/T//ccCIxQWT.s:216    .text.action_for_key:00000056 .L10
/var/folders/f1/r0m_vh_54tg0jls9tjh4vqkr0000gn/T//ccCIxQWT.s:496    .text.action_for_key:000001d6 .L11
/var/folders/f1/r0m_vh_54tg0jls9tjh4vqkr0000gn/T//ccCIxQWT.s:349    .text.action_for_key:00000122 .L12
/var/folders/f1/r0m_vh_54tg0jls9tjh4vqkr0000gn/T//ccCIxQWT.s:210    .text.action_for_key:00000050 .L31
/var/folders/f1/r0m_vh_54tg0jls9tjh4vqkr0000gn/T//ccCIxQWT.s:657    .text.action_for_key:0000026a .L34
/var/folders/f1/r0m_vh_54tg0jls9tjh4vqkr0000gn/T//ccCIxQWT.s:665    .text.action_for_key:00000270 .L35
/var/folders/f1/r0m_vh_54tg0jls9tjh4vqkr0000gn/T//ccCIxQWT.s:673    .text.action_for_key:00000276 .L36
/var/folders/f1/r0m_vh_54tg0jls9tjh4vqkr0000gn/T//ccCIxQWT.s:681    .text.action_for_key:0000027c .L37
/var/folders/f1/r0m_vh_54tg0jls9tjh4vqkr0000gn/T//ccCIxQWT.s:689    .text.action_for_key:00000282 .L38
/var/folders/f1/r0m_vh_54tg0jls9tjh4vqkr0000gn/T//ccCIxQWT.s:697    .text.action_for_key:00000288 .L39
/var/folders/f1/r0m_vh_54tg0jls9tjh4vqkr0000gn/T//ccCIxQWT.s:705    .text.action_for_key:0000028e .L40
/var/folders/f1/r0m_vh_54tg0jls9tjh4vqkr0000gn/T//ccCIxQWT.s:713    .text.action_for_key:00000294 .L41
/var/folders/f1/r0m_vh_54tg0jls9tjh4vqkr0000gn/T//ccCIxQWT.s:721    .text.action_for_key:0000029a .L42
/var/folders/f1/r0m_vh_54tg0jls9tjh4vqkr0000gn/T//ccCIxQWT.s:729    .text.action_for_key:000002a0 .L43
/var/folders/f1/r0m_vh_54tg0jls9tjh4vqkr0000gn/T//ccCIxQWT.s:737    .text.action_for_key:000002a6 .L44
/var/folders/f1/r0m_vh_54tg0jls9tjh4vqkr0000gn/T//ccCIxQWT.s:745    .text.action_for_key:000002ac .L45
/var/folders/f1/r0m_vh_54tg0jls9tjh4vqkr0000gn/T//ccCIxQWT.s:753    .text.action_for_key:000002b2 .L46
/var/folders/f1/r0m_vh_54tg0jls9tjh4vqkr0000gn/T//ccCIxQWT.s:761    .text.action_for_key:000002b8 .L47
/var/folders/f1/r0m_vh_54tg0jls9tjh4vqkr0000gn/T//ccCIxQWT.s:769    .text.action_for_key:000002be .L48
/var/folders/f1/r0m_vh_54tg0jls9tjh4vqkr0000gn/T//ccCIxQWT.s:777    .text.action_for_key:000002c4 .L49
/var/folders/f1/r0m_vh_54tg0jls9tjh4vqkr0000gn/T//ccCIxQWT.s:785    .text.action_for_key:000002ca .L50
/var/folders/f1/r0m_vh_54tg0jls9tjh4vqkr0000gn/T//ccCIxQWT.s:793    .text.action_for_key:000002d0 .L51
/var/folders/f1/r0m_vh_54tg0jls9tjh4vqkr0000gn/T//ccCIxQWT.s:801    .text.action_for_key:000002d6 .L52
/var/folders/f1/r0m_vh_54tg0jls9tjh4vqkr0000gn/T//ccCIxQWT.s:809    .text.action_for_key:000002dc .L53
/var/folders/f1/r0m_vh_54tg0jls9tjh4vqkr0000gn/T//ccCIxQWT.s:817    .text.action_for_key:000002e2 .L54
/var/folders/f1/r0m_vh_54tg0jls9tjh4vqkr0000gn/T//ccCIxQWT.s:355    .text.action_for_key:00000124 .L14
/var/folders/f1/r0m_vh_54tg0jls9tjh4vqkr0000gn/T//ccCIxQWT.s:515    .text.action_for_key:000001ec .L15
/var/folders/f1/r0m_vh_54tg0jls9tjh4vqkr0000gn/T//ccCIxQWT.s:523    .text.action_for_key:000001f0 .L61
/var/folders/f1/r0m_vh_54tg0jls9tjh4vqkr0000gn/T//ccCIxQWT.s:432    .text.action_for_key:00000194 .L17
/var/folders/f1/r0m_vh_54tg0jls9tjh4vqkr0000gn/T//ccCIxQWT.s:569    .text.action_for_key:0000020a .L18
/var/folders/f1/r0m_vh_54tg0jls9tjh4vqkr0000gn/T//ccCIxQWT.s:554    .text.action_for_key:00000200 .L19
/var/folders/f1/r0m_vh_54tg0jls9tjh4vqkr0000gn/T//ccCIxQWT.s:543    .text.action_for_key:000001fa .L62
/var/folders/f1/r0m_vh_54tg0jls9tjh4vqkr0000gn/T//ccCIxQWT.s:391    .text.action_for_key:0000015a .L11
/var/folders/f1/r0m_vh_54tg0jls9tjh4vqkr0000gn/T//ccCIxQWT.s:419    .text.action_for_key:00000186 .L21
/var/folders/f1/r0m_vh_54tg0jls9tjh4vqkr0000gn/T//ccCIxQWT.s:416    .text.action_for_key:00000182 .L12
/var/folders/f1/r0m_vh_54tg0jls9tjh4vqkr0000gn/T//ccCIxQWT.s:458    .text.action_for_key:000001b0 .L22
/var/folders/f1/r0m_vh_54tg0jls9tjh4vqkr0000gn/T//ccCIxQWT.s:596    .text.action_for_key:0000022c .L63
/var/folders/f1/r0m_vh_54tg0jls9tjh4vqkr0000gn/T//ccCIxQWT.s:628    .text.action_for_key:00000254 .L25
/var/folders/f1/r0m_vh_54tg0jls9tjh4vqkr0000gn/T//ccCIxQWT.s:641    .text.action_for_key:0000025e .L32
/var/folders/f1/r0m_vh_54tg0jls9tjh4vqkr0000gn/T//ccCIxQWT.s:649    .text.action_for_key:00000264 .L33
/var/folders/f1/r0m_vh_54tg0jls9tjh4vqkr0000gn/T//ccCIxQWT.s:489    .text.action_for_key:000001d0 .L65
/var/folders/f1/r0m_vh_54tg0jls9tjh4vqkr0000gn/T//ccCIxQWT.s:583    .text.action_for_key:0000021a .L22
/var/folders/f1/r0m_vh_54tg0jls9tjh4vqkr0000gn/T//ccCIxQWT.s:580    .text.action_for_key:00000216 .L13
/var/folders/f1/r0m_vh_54tg0jls9tjh4vqkr0000gn/T//ccCIxQWT.s:423    .text.action_for_key:0000018c .L66
/var/folders/f1/r0m_vh_54tg0jls9tjh4vqkr0000gn/T//ccCIxQWT.s:610    .text.action_for_key:0000023c .L23
/var/folders/f1/r0m_vh_54tg0jls9tjh4vqkr0000gn/T//ccCIxQWT.s:607    .text.action_for_key:00000238 .L14
/var/folders/f1/r0m_vh_54tg0jls9tjh4vqkr0000gn/T//ccCIxQWT.s:476    .text.action_for_key:000001c8 .L67
/var/folders/f1/r0m_vh_54tg0jls9tjh4vqkr0000gn/T//ccCIxQWT.s:3840   .debug_abbrev:00000000 .Ldebug_abbrev0
/var/folders/f1/r0m_vh_54tg0jls9tjh4vqkr0000gn/T//ccCIxQWT.s:5334   .debug_ranges:00000000 .Ldebug_ranges0
/var/folders/f1/r0m_vh_54tg0jls9tjh4vqkr0000gn/T//ccCIxQWT.s:5348   .debug_line:00000000 .Ldebug_line0
/var/folders/f1/r0m_vh_54tg0jls9tjh4vqkr0000gn/T//ccCIxQWT.s:114    .text.keymap_function_id_to_action:00000000 .LFB115
/var/folders/f1/r0m_vh_54tg0jls9tjh4vqkr0000gn/T//ccCIxQWT.s:148    .text.keymap_function_id_to_action:00000010 .LFE115
/var/folders/f1/r0m_vh_54tg0jls9tjh4vqkr0000gn/T//ccCIxQWT.s:4512   .debug_loc:00000004 .LLST5
/var/folders/f1/r0m_vh_54tg0jls9tjh4vqkr0000gn/T//ccCIxQWT.s:4507   .debug_loc:00000000 .LVUS5
/var/folders/f1/r0m_vh_54tg0jls9tjh4vqkr0000gn/T//ccCIxQWT.s:122    .text.keymap_function_id_to_action:00000000 .LBB3
/var/folders/f1/r0m_vh_54tg0jls9tjh4vqkr0000gn/T//ccCIxQWT.s:144    .text.keymap_function_id_to_action:0000000e .LBE3
/var/folders/f1/r0m_vh_54tg0jls9tjh4vqkr0000gn/T//ccCIxQWT.s:4534   .debug_loc:0000002c .LLST6
/var/folders/f1/r0m_vh_54tg0jls9tjh4vqkr0000gn/T//ccCIxQWT.s:4531   .debug_loc:0000002a .LVUS6
/var/folders/f1/r0m_vh_54tg0jls9tjh4vqkr0000gn/T//ccCIxQWT.s:4549   .debug_loc:00000046 .LLST7
/var/folders/f1/r0m_vh_54tg0jls9tjh4vqkr0000gn/T//ccCIxQWT.s:4546   .debug_loc:00000044 .LVUS7
/var/folders/f1/r0m_vh_54tg0jls9tjh4vqkr0000gn/T//ccCIxQWT.s:57     .text.keymap_key_to_keycode:00000000 .LFB114
/var/folders/f1/r0m_vh_54tg0jls9tjh4vqkr0000gn/T//ccCIxQWT.s:107    .text.keymap_key_to_keycode:00000028 .LFE114
/var/folders/f1/r0m_vh_54tg0jls9tjh4vqkr0000gn/T//ccCIxQWT.s:4566   .debug_loc:00000062 .LLST1
/var/folders/f1/r0m_vh_54tg0jls9tjh4vqkr0000gn/T//ccCIxQWT.s:4561   .debug_loc:0000005e .LVUS1
/var/folders/f1/r0m_vh_54tg0jls9tjh4vqkr0000gn/T//ccCIxQWT.s:4583   .debug_loc:00000085 .LLST2
/var/folders/f1/r0m_vh_54tg0jls9tjh4vqkr0000gn/T//ccCIxQWT.s:4580   .debug_loc:00000083 .LVUS2
/var/folders/f1/r0m_vh_54tg0jls9tjh4vqkr0000gn/T//ccCIxQWT.s:67     .text.keymap_key_to_keycode:00000002 .LBB2
/var/folders/f1/r0m_vh_54tg0jls9tjh4vqkr0000gn/T//ccCIxQWT.s:103    .text.keymap_key_to_keycode:00000026 .LBE2
/var/folders/f1/r0m_vh_54tg0jls9tjh4vqkr0000gn/T//ccCIxQWT.s:4598   .debug_loc:0000009f .LLST3
/var/folders/f1/r0m_vh_54tg0jls9tjh4vqkr0000gn/T//ccCIxQWT.s:4595   .debug_loc:0000009d .LVUS3
/var/folders/f1/r0m_vh_54tg0jls9tjh4vqkr0000gn/T//ccCIxQWT.s:4613   .debug_loc:000000b9 .LLST4
/var/folders/f1/r0m_vh_54tg0jls9tjh4vqkr0000gn/T//ccCIxQWT.s:4610   .debug_loc:000000b7 .LVUS4
/var/folders/f1/r0m_vh_54tg0jls9tjh4vqkr0000gn/T//ccCIxQWT.s:39     .text.action_function:00000000 .LFB113
/var/folders/f1/r0m_vh_54tg0jls9tjh4vqkr0000gn/T//ccCIxQWT.s:50     .text.action_function:00000002 .LFE113
/var/folders/f1/r0m_vh_54tg0jls9tjh4vqkr0000gn/T//ccCIxQWT.s:15     .text.action_get_macro:00000000 .LFB112
/var/folders/f1/r0m_vh_54tg0jls9tjh4vqkr0000gn/T//ccCIxQWT.s:32     .text.action_get_macro:00000006 .LFE112
/var/folders/f1/r0m_vh_54tg0jls9tjh4vqkr0000gn/T//ccCIxQWT.s:4630   .debug_loc:000000d5 .LLST0
/var/folders/f1/r0m_vh_54tg0jls9tjh4vqkr0000gn/T//ccCIxQWT.s:4625   .debug_loc:000000d1 .LVUS0
/var/folders/f1/r0m_vh_54tg0jls9tjh4vqkr0000gn/T//ccCIxQWT.s:155    .text.action_for_key:00000000 .LFB111
/var/folders/f1/r0m_vh_54tg0jls9tjh4vqkr0000gn/T//ccCIxQWT.s:825    .text.action_for_key:000002e8 .LFE111
/var/folders/f1/r0m_vh_54tg0jls9tjh4vqkr0000gn/T//ccCIxQWT.s:4654   .debug_loc:000000ff .LLST8
/var/folders/f1/r0m_vh_54tg0jls9tjh4vqkr0000gn/T//ccCIxQWT.s:4649   .debug_loc:000000fb .LVUS8
/var/folders/f1/r0m_vh_54tg0jls9tjh4vqkr0000gn/T//ccCIxQWT.s:4671   .debug_loc:00000122 .LLST9
/var/folders/f1/r0m_vh_54tg0jls9tjh4vqkr0000gn/T//ccCIxQWT.s:4668   .debug_loc:00000120 .LVUS9
/var/folders/f1/r0m_vh_54tg0jls9tjh4vqkr0000gn/T//ccCIxQWT.s:4766   .debug_loc:0000018c .LLST10
/var/folders/f1/r0m_vh_54tg0jls9tjh4vqkr0000gn/T//ccCIxQWT.s:4683   .debug_loc:0000013a .LVUS10
/var/folders/f1/r0m_vh_54tg0jls9tjh4vqkr0000gn/T//ccCIxQWT.s:5156   .debug_loc:00000437 .LLST11
/var/folders/f1/r0m_vh_54tg0jls9tjh4vqkr0000gn/T//ccCIxQWT.s:5135   .debug_loc:00000423 .LVUS11
/var/folders/f1/r0m_vh_54tg0jls9tjh4vqkr0000gn/T//ccCIxQWT.s:5260   .debug_loc:000004e9 .LLST12
/var/folders/f1/r0m_vh_54tg0jls9tjh4vqkr0000gn/T//ccCIxQWT.s:5249   .debug_loc:000004df .LVUS12
/var/folders/f1/r0m_vh_54tg0jls9tjh4vqkr0000gn/T//ccCIxQWT.s:5290   .debug_loc:0000052e .LLST13
/var/folders/f1/r0m_vh_54tg0jls9tjh4vqkr0000gn/T//ccCIxQWT.s:5287   .debug_loc:0000052c .LVUS13
/var/folders/f1/r0m_vh_54tg0jls9tjh4vqkr0000gn/T//ccCIxQWT.s:5306   .debug_loc:00000549 .LLST14
/var/folders/f1/r0m_vh_54tg0jls9tjh4vqkr0000gn/T//ccCIxQWT.s:5303   .debug_loc:00000547 .LVUS14
/var/folders/f1/r0m_vh_54tg0jls9tjh4vqkr0000gn/T//ccCIxQWT.s:165    .text.action_for_key:00000004 .LVL13
/var/folders/f1/r0m_vh_54tg0jls9tjh4vqkr0000gn/T//ccCIxQWT.s:169    .text.action_for_key:00000008 .LVL14
/var/folders/f1/r0m_vh_54tg0jls9tjh4vqkr0000gn/T//ccCIxQWT.s:492    .text.action_for_key:000001d4 .LVL34
/var/folders/f1/r0m_vh_54tg0jls9tjh4vqkr0000gn/T//ccCIxQWT.s:113    .text.keymap_function_id_to_action:00000000 .LVL8
/var/folders/f1/r0m_vh_54tg0jls9tjh4vqkr0000gn/T//ccCIxQWT.s:127    .text.keymap_function_id_to_action:00000006 .LVL9
/var/folders/f1/r0m_vh_54tg0jls9tjh4vqkr0000gn/T//ccCIxQWT.s:131    .text.keymap_function_id_to_action:0000000a .LVL10
/var/folders/f1/r0m_vh_54tg0jls9tjh4vqkr0000gn/T//ccCIxQWT.s:140    .text.keymap_function_id_to_action:0000000e .LVL11
/var/folders/f1/r0m_vh_54tg0jls9tjh4vqkr0000gn/T//ccCIxQWT.s:56     .text.keymap_key_to_keycode:00000000 .LVL3
/var/folders/f1/r0m_vh_54tg0jls9tjh4vqkr0000gn/T//ccCIxQWT.s:86     .text.keymap_key_to_keycode:0000001e .LVL5
/var/folders/f1/r0m_vh_54tg0jls9tjh4vqkr0000gn/T//ccCIxQWT.s:76     .text.keymap_key_to_keycode:0000000e .LVL4
/var/folders/f1/r0m_vh_54tg0jls9tjh4vqkr0000gn/T//ccCIxQWT.s:90     .text.keymap_key_to_keycode:00000022 .LVL6
/var/folders/f1/r0m_vh_54tg0jls9tjh4vqkr0000gn/T//ccCIxQWT.s:99     .text.keymap_key_to_keycode:00000026 .LVL7
/var/folders/f1/r0m_vh_54tg0jls9tjh4vqkr0000gn/T//ccCIxQWT.s:14     .text.action_get_macro:00000000 .LVL0
/var/folders/f1/r0m_vh_54tg0jls9tjh4vqkr0000gn/T//ccCIxQWT.s:27     .text.action_get_macro:00000004 .LVL1
/var/folders/f1/r0m_vh_54tg0jls9tjh4vqkr0000gn/T//ccCIxQWT.s:154    .text.action_for_key:00000000 .LVL12
/var/folders/f1/r0m_vh_54tg0jls9tjh4vqkr0000gn/T//ccCIxQWT.s:209    .text.action_for_key:00000050 .LVL15
/var/folders/f1/r0m_vh_54tg0jls9tjh4vqkr0000gn/T//ccCIxQWT.s:215    .text.action_for_key:00000056 .LVL16
/var/folders/f1/r0m_vh_54tg0jls9tjh4vqkr0000gn/T//ccCIxQWT.s:330    .text.action_for_key:00000108 .LVL17
/var/folders/f1/r0m_vh_54tg0jls9tjh4vqkr0000gn/T//ccCIxQWT.s:333    .text.action_for_key:0000010a .LVL18
/var/folders/f1/r0m_vh_54tg0jls9tjh4vqkr0000gn/T//ccCIxQWT.s:348    .text.action_for_key:00000122 .LVL19
/var/folders/f1/r0m_vh_54tg0jls9tjh4vqkr0000gn/T//ccCIxQWT.s:354    .text.action_for_key:00000124 .LVL20
/var/folders/f1/r0m_vh_54tg0jls9tjh4vqkr0000gn/T//ccCIxQWT.s:410    .text.action_for_key:0000017a .LVL22
/var/folders/f1/r0m_vh_54tg0jls9tjh4vqkr0000gn/T//ccCIxQWT.s:431    .text.action_for_key:00000194 .LVL24
/var/folders/f1/r0m_vh_54tg0jls9tjh4vqkr0000gn/T//ccCIxQWT.s:450    .text.action_for_key:000001aa .LVL26
/var/folders/f1/r0m_vh_54tg0jls9tjh4vqkr0000gn/T//ccCIxQWT.s:457    .text.action_for_key:000001b0 .LVL28
/var/folders/f1/r0m_vh_54tg0jls9tjh4vqkr0000gn/T//ccCIxQWT.s:469    .text.action_for_key:000001c0 .LVL29
/var/folders/f1/r0m_vh_54tg0jls9tjh4vqkr0000gn/T//ccCIxQWT.s:475    .text.action_for_key:000001c8 .LVL30
/var/folders/f1/r0m_vh_54tg0jls9tjh4vqkr0000gn/T//ccCIxQWT.s:482    .text.action_for_key:000001cc .LVL32
/var/folders/f1/r0m_vh_54tg0jls9tjh4vqkr0000gn/T//ccCIxQWT.s:488    .text.action_for_key:000001d0 .LVL33
/var/folders/f1/r0m_vh_54tg0jls9tjh4vqkr0000gn/T//ccCIxQWT.s:495    .text.action_for_key:000001d6 .LVL35
/var/folders/f1/r0m_vh_54tg0jls9tjh4vqkr0000gn/T//ccCIxQWT.s:511    .text.action_for_key:000001ea .LVL36
/var/folders/f1/r0m_vh_54tg0jls9tjh4vqkr0000gn/T//ccCIxQWT.s:514    .text.action_for_key:000001ec .LVL37
/var/folders/f1/r0m_vh_54tg0jls9tjh4vqkr0000gn/T//ccCIxQWT.s:519    .text.action_for_key:000001ee .LVL38
/var/folders/f1/r0m_vh_54tg0jls9tjh4vqkr0000gn/T//ccCIxQWT.s:522    .text.action_for_key:000001f0 .LVL39
/var/folders/f1/r0m_vh_54tg0jls9tjh4vqkr0000gn/T//ccCIxQWT.s:528    .text.action_for_key:000001f2 .LVL40
/var/folders/f1/r0m_vh_54tg0jls9tjh4vqkr0000gn/T//ccCIxQWT.s:531    .text.action_for_key:000001f4 .LVL41
/var/folders/f1/r0m_vh_54tg0jls9tjh4vqkr0000gn/T//ccCIxQWT.s:536    .text.action_for_key:000001f6 .LVL42
/var/folders/f1/r0m_vh_54tg0jls9tjh4vqkr0000gn/T//ccCIxQWT.s:542    .text.action_for_key:000001fa .LVL44
/var/folders/f1/r0m_vh_54tg0jls9tjh4vqkr0000gn/T//ccCIxQWT.s:547    .text.action_for_key:000001fc .LVL45
/var/folders/f1/r0m_vh_54tg0jls9tjh4vqkr0000gn/T//ccCIxQWT.s:553    .text.action_for_key:00000200 .LVL47
/var/folders/f1/r0m_vh_54tg0jls9tjh4vqkr0000gn/T//ccCIxQWT.s:561    .text.action_for_key:00000204 .LVL48
/var/folders/f1/r0m_vh_54tg0jls9tjh4vqkr0000gn/T//ccCIxQWT.s:568    .text.action_for_key:0000020a .LVL50
/var/folders/f1/r0m_vh_54tg0jls9tjh4vqkr0000gn/T//ccCIxQWT.s:588    .text.action_for_key:00000222 .LVL51
/var/folders/f1/r0m_vh_54tg0jls9tjh4vqkr0000gn/T//ccCIxQWT.s:595    .text.action_for_key:0000022c .LVL52
/var/folders/f1/r0m_vh_54tg0jls9tjh4vqkr0000gn/T//ccCIxQWT.s:615    .text.action_for_key:00000244 .LVL53
/var/folders/f1/r0m_vh_54tg0jls9tjh4vqkr0000gn/T//ccCIxQWT.s:627    .text.action_for_key:00000254 .LVL55
/var/folders/f1/r0m_vh_54tg0jls9tjh4vqkr0000gn/T//ccCIxQWT.s:635    .text.action_for_key:00000258 .LVL56
/var/folders/f1/r0m_vh_54tg0jls9tjh4vqkr0000gn/T//ccCIxQWT.s:640    .text.action_for_key:0000025e .LVL57
/var/folders/f1/r0m_vh_54tg0jls9tjh4vqkr0000gn/T//ccCIxQWT.s:645    .text.action_for_key:00000262 .LVL58
/var/folders/f1/r0m_vh_54tg0jls9tjh4vqkr0000gn/T//ccCIxQWT.s:648    .text.action_for_key:00000264 .LVL59
/var/folders/f1/r0m_vh_54tg0jls9tjh4vqkr0000gn/T//ccCIxQWT.s:653    .text.action_for_key:00000268 .LVL60
/var/folders/f1/r0m_vh_54tg0jls9tjh4vqkr0000gn/T//ccCIxQWT.s:656    .text.action_for_key:0000026a .LVL61
/var/folders/f1/r0m_vh_54tg0jls9tjh4vqkr0000gn/T//ccCIxQWT.s:661    .text.action_for_key:0000026e .LVL62
/var/folders/f1/r0m_vh_54tg0jls9tjh4vqkr0000gn/T//ccCIxQWT.s:664    .text.action_for_key:00000270 .LVL63
/var/folders/f1/r0m_vh_54tg0jls9tjh4vqkr0000gn/T//ccCIxQWT.s:669    .text.action_for_key:00000274 .LVL64
/var/folders/f1/r0m_vh_54tg0jls9tjh4vqkr0000gn/T//ccCIxQWT.s:672    .text.action_for_key:00000276 .LVL65
/var/folders/f1/r0m_vh_54tg0jls9tjh4vqkr0000gn/T//ccCIxQWT.s:677    .text.action_for_key:0000027a .LVL66
/var/folders/f1/r0m_vh_54tg0jls9tjh4vqkr0000gn/T//ccCIxQWT.s:680    .text.action_for_key:0000027c .LVL67
/var/folders/f1/r0m_vh_54tg0jls9tjh4vqkr0000gn/T//ccCIxQWT.s:685    .text.action_for_key:00000280 .LVL68
/var/folders/f1/r0m_vh_54tg0jls9tjh4vqkr0000gn/T//ccCIxQWT.s:688    .text.action_for_key:00000282 .LVL69
/var/folders/f1/r0m_vh_54tg0jls9tjh4vqkr0000gn/T//ccCIxQWT.s:693    .text.action_for_key:00000286 .LVL70
/var/folders/f1/r0m_vh_54tg0jls9tjh4vqkr0000gn/T//ccCIxQWT.s:696    .text.action_for_key:00000288 .LVL71
/var/folders/f1/r0m_vh_54tg0jls9tjh4vqkr0000gn/T//ccCIxQWT.s:701    .text.action_for_key:0000028c .LVL72
/var/folders/f1/r0m_vh_54tg0jls9tjh4vqkr0000gn/T//ccCIxQWT.s:704    .text.action_for_key:0000028e .LVL73
/var/folders/f1/r0m_vh_54tg0jls9tjh4vqkr0000gn/T//ccCIxQWT.s:709    .text.action_for_key:00000292 .LVL74
/var/folders/f1/r0m_vh_54tg0jls9tjh4vqkr0000gn/T//ccCIxQWT.s:712    .text.action_for_key:00000294 .LVL75
/var/folders/f1/r0m_vh_54tg0jls9tjh4vqkr0000gn/T//ccCIxQWT.s:717    .text.action_for_key:00000298 .LVL76
/var/folders/f1/r0m_vh_54tg0jls9tjh4vqkr0000gn/T//ccCIxQWT.s:720    .text.action_for_key:0000029a .LVL77
/var/folders/f1/r0m_vh_54tg0jls9tjh4vqkr0000gn/T//ccCIxQWT.s:725    .text.action_for_key:0000029e .LVL78
/var/folders/f1/r0m_vh_54tg0jls9tjh4vqkr0000gn/T//ccCIxQWT.s:728    .text.action_for_key:000002a0 .LVL79
/var/folders/f1/r0m_vh_54tg0jls9tjh4vqkr0000gn/T//ccCIxQWT.s:733    .text.action_for_key:000002a4 .LVL80
/var/folders/f1/r0m_vh_54tg0jls9tjh4vqkr0000gn/T//ccCIxQWT.s:736    .text.action_for_key:000002a6 .LVL81
/var/folders/f1/r0m_vh_54tg0jls9tjh4vqkr0000gn/T//ccCIxQWT.s:741    .text.action_for_key:000002aa .LVL82
/var/folders/f1/r0m_vh_54tg0jls9tjh4vqkr0000gn/T//ccCIxQWT.s:744    .text.action_for_key:000002ac .LVL83
/var/folders/f1/r0m_vh_54tg0jls9tjh4vqkr0000gn/T//ccCIxQWT.s:749    .text.action_for_key:000002b0 .LVL84
/var/folders/f1/r0m_vh_54tg0jls9tjh4vqkr0000gn/T//ccCIxQWT.s:752    .text.action_for_key:000002b2 .LVL85
/var/folders/f1/r0m_vh_54tg0jls9tjh4vqkr0000gn/T//ccCIxQWT.s:757    .text.action_for_key:000002b6 .LVL86
/var/folders/f1/r0m_vh_54tg0jls9tjh4vqkr0000gn/T//ccCIxQWT.s:760    .text.action_for_key:000002b8 .LVL87
/var/folders/f1/r0m_vh_54tg0jls9tjh4vqkr0000gn/T//ccCIxQWT.s:765    .text.action_for_key:000002bc .LVL88
/var/folders/f1/r0m_vh_54tg0jls9tjh4vqkr0000gn/T//ccCIxQWT.s:768    .text.action_for_key:000002be .LVL89
/var/folders/f1/r0m_vh_54tg0jls9tjh4vqkr0000gn/T//ccCIxQWT.s:773    .text.action_for_key:000002c2 .LVL90
/var/folders/f1/r0m_vh_54tg0jls9tjh4vqkr0000gn/T//ccCIxQWT.s:776    .text.action_for_key:000002c4 .LVL91
/var/folders/f1/r0m_vh_54tg0jls9tjh4vqkr0000gn/T//ccCIxQWT.s:781    .text.action_for_key:000002c8 .LVL92
/var/folders/f1/r0m_vh_54tg0jls9tjh4vqkr0000gn/T//ccCIxQWT.s:784    .text.action_for_key:000002ca .LVL93
/var/folders/f1/r0m_vh_54tg0jls9tjh4vqkr0000gn/T//ccCIxQWT.s:789    .text.action_for_key:000002ce .LVL94
/var/folders/f1/r0m_vh_54tg0jls9tjh4vqkr0000gn/T//ccCIxQWT.s:792    .text.action_for_key:000002d0 .LVL95
/var/folders/f1/r0m_vh_54tg0jls9tjh4vqkr0000gn/T//ccCIxQWT.s:797    .text.action_for_key:000002d4 .LVL96
/var/folders/f1/r0m_vh_54tg0jls9tjh4vqkr0000gn/T//ccCIxQWT.s:800    .text.action_for_key:000002d6 .LVL97
/var/folders/f1/r0m_vh_54tg0jls9tjh4vqkr0000gn/T//ccCIxQWT.s:805    .text.action_for_key:000002da .LVL98
/var/folders/f1/r0m_vh_54tg0jls9tjh4vqkr0000gn/T//ccCIxQWT.s:808    .text.action_for_key:000002dc .LVL99
/var/folders/f1/r0m_vh_54tg0jls9tjh4vqkr0000gn/T//ccCIxQWT.s:813    .text.action_for_key:000002e0 .LVL100
/var/folders/f1/r0m_vh_54tg0jls9tjh4vqkr0000gn/T//ccCIxQWT.s:816    .text.action_for_key:000002e2 .LVL101
/var/folders/f1/r0m_vh_54tg0jls9tjh4vqkr0000gn/T//ccCIxQWT.s:821    .text.action_for_key:000002e6 .LVL102
/var/folders/f1/r0m_vh_54tg0jls9tjh4vqkr0000gn/T//ccCIxQWT.s:428    .text.action_for_key:00000192 .LVL23
/var/folders/f1/r0m_vh_54tg0jls9tjh4vqkr0000gn/T//ccCIxQWT.s:454    .text.action_for_key:000001ae .LVL27
/var/folders/f1/r0m_vh_54tg0jls9tjh4vqkr0000gn/T//ccCIxQWT.s:479    .text.action_for_key:000001ca .LVL31
/var/folders/f1/r0m_vh_54tg0jls9tjh4vqkr0000gn/T//ccCIxQWT.s:539    .text.action_for_key:000001f8 .LVL43
/var/folders/f1/r0m_vh_54tg0jls9tjh4vqkr0000gn/T//ccCIxQWT.s:550    .text.action_for_key:000001fe .LVL46
/var/folders/f1/r0m_vh_54tg0jls9tjh4vqkr0000gn/T//ccCIxQWT.s:565    .text.action_for_key:00000208 .LVL49
/var/folders/f1/r0m_vh_54tg0jls9tjh4vqkr0000gn/T//ccCIxQWT.s:624    .text.action_for_key:00000252 .LVL54
/var/folders/f1/r0m_vh_54tg0jls9tjh4vqkr0000gn/T//ccCIxQWT.s:385    .text.action_for_key:00000156 .LVL21
/var/folders/f1/r0m_vh_54tg0jls9tjh4vqkr0000gn/T//ccCIxQWT.s:445    .text.action_for_key:000001a6 .LVL25
/var/folders/f1/r0m_vh_54tg0jls9tjh4vqkr0000gn/T//ccCIxQWT.s:857    .debug_info:00000000 .Ldebug_info0

UNDEFINED SYMBOLS
keymaps
keycode_config
