Archive member included to satisfy reference by file (symbol)

/usr/local/Cellar/avr-gcc@8/8.5.0_1/lib/avr-gcc/8/gcc/avr/8.5.0/../../../../../../avr/lib/avr5/libm.a(fixsfsi.o)
                              .build/obj_kb_default/common/mousekey.o (__fixsfsi)
/usr/local/Cellar/avr-gcc@8/8.5.0_1/lib/avr-gcc/8/gcc/avr/8.5.0/../../../../../../avr/lib/avr5/libm.a(fixunssfsi.o)
                              /usr/local/Cellar/avr-gcc@8/8.5.0_1/lib/avr-gcc/8/gcc/avr/8.5.0/../../../../../../avr/lib/avr5/libm.a(fixsfsi.o) (__fixunssfsi)
/usr/local/Cellar/avr-gcc@8/8.5.0_1/lib/avr-gcc/8/gcc/avr/8.5.0/../../../../../../avr/lib/avr5/libm.a(floatsisf.o)
                              .build/obj_kb_default/common/mousekey.o (__floatsisf)
/usr/local/Cellar/avr-gcc@8/8.5.0_1/lib/avr-gcc/8/gcc/avr/8.5.0/../../../../../../avr/lib/avr5/libm.a(fp_split3.o)
                              /usr/local/Cellar/avr-gcc@8/8.5.0_1/lib/avr-gcc/8/gcc/avr/8.5.0/../../../../../../avr/lib/avr5/libm.a(fixunssfsi.o) (__fp_splitA)
/usr/local/Cellar/avr-gcc@8/8.5.0_1/lib/avr-gcc/8/gcc/avr/8.5.0/../../../../../../avr/lib/avr5/libm.a(fp_zero.o)
                              /usr/local/Cellar/avr-gcc@8/8.5.0_1/lib/avr-gcc/8/gcc/avr/8.5.0/../../../../../../avr/lib/avr5/libm.a(fixunssfsi.o) (__fp_zero)
/usr/local/Cellar/avr-gcc@8/8.5.0_1/lib/avr-gcc/8/gcc/avr/8.5.0/../../../../../../avr/lib/avr5/libm.a(mulsf3.o)
                              .build/obj_kb_default/common/mousekey.o (__mulsf3)
/usr/local/Cellar/avr-gcc@8/8.5.0_1/lib/avr-gcc/8/gcc/avr/8.5.0/../../../../../../avr/lib/avr5/libm.a(mulsf3x.o)
                              /usr/local/Cellar/avr-gcc@8/8.5.0_1/lib/avr-gcc/8/gcc/avr/8.5.0/../../../../../../avr/lib/avr5/libm.a(mulsf3.o) (__mulsf3x)
/usr/local/Cellar/avr-gcc@8/8.5.0_1/lib/avr-gcc/8/gcc/avr/8.5.0/../../../../../../avr/lib/avr5/libm.a(fp_inf.o)
                              /usr/local/Cellar/avr-gcc@8/8.5.0_1/lib/avr-gcc/8/gcc/avr/8.5.0/../../../../../../avr/lib/avr5/libm.a(mulsf3x.o) (__fp_inf)
/usr/local/Cellar/avr-gcc@8/8.5.0_1/lib/avr-gcc/8/gcc/avr/8.5.0/../../../../../../avr/lib/avr5/libm.a(fp_nan.o)
                              /usr/local/Cellar/avr-gcc@8/8.5.0_1/lib/avr-gcc/8/gcc/avr/8.5.0/../../../../../../avr/lib/avr5/libm.a(mulsf3x.o) (__fp_nan)
/usr/local/Cellar/avr-gcc@8/8.5.0_1/lib/avr-gcc/8/gcc/avr/8.5.0/../../../../../../avr/lib/avr5/libm.a(fp_pscA.o)
                              /usr/local/Cellar/avr-gcc@8/8.5.0_1/lib/avr-gcc/8/gcc/avr/8.5.0/../../../../../../avr/lib/avr5/libm.a(mulsf3x.o) (__fp_pscA)
/usr/local/Cellar/avr-gcc@8/8.5.0_1/lib/avr-gcc/8/gcc/avr/8.5.0/../../../../../../avr/lib/avr5/libm.a(fp_pscB.o)
                              /usr/local/Cellar/avr-gcc@8/8.5.0_1/lib/avr-gcc/8/gcc/avr/8.5.0/../../../../../../avr/lib/avr5/libm.a(mulsf3x.o) (__fp_pscB)
/usr/local/Cellar/avr-gcc@8/8.5.0_1/lib/avr-gcc/8/gcc/avr/8.5.0/../../../../../../avr/lib/avr5/libm.a(fp_round.o)
                              /usr/local/Cellar/avr-gcc@8/8.5.0_1/lib/avr-gcc/8/gcc/avr/8.5.0/../../../../../../avr/lib/avr5/libm.a(mulsf3.o) (__fp_round)
/usr/local/Cellar/avr-gcc@8/8.5.0_1/lib/avr-gcc/8/gcc/avr/8.5.0/avr5/libgcc.a(_divmodhi4.o)
                              .build/obj_kb_default/common/mousekey.o (__divmodhi4)
/usr/local/Cellar/avr-gcc@8/8.5.0_1/lib/avr-gcc/8/gcc/avr/8.5.0/avr5/libgcc.a(_exit.o)
                              /usr/local/Cellar/avr-gcc@8/8.5.0_1/lib/avr-gcc/8/gcc/avr/8.5.0/../../../../../../avr/lib/avr5/crtatmega32u4.o (exit)
/usr/local/Cellar/avr-gcc@8/8.5.0_1/lib/avr-gcc/8/gcc/avr/8.5.0/avr5/libgcc.a(_tablejump2.o)
                              .build/obj_kb_default/quantum/quantum.o (__tablejump2__)
/usr/local/Cellar/avr-gcc@8/8.5.0_1/lib/avr-gcc/8/gcc/avr/8.5.0/avr5/libgcc.a(_copy_data.o)
                              .build/obj_kb_default/quantum/matrix.o (__do_copy_data)
/usr/local/Cellar/avr-gcc@8/8.5.0_1/lib/avr-gcc/8/gcc/avr/8.5.0/avr5/libgcc.a(_clear_bss.o)
                              .build/obj_kb_default/quantum/quantum.o (__do_clear_bss)
/usr/local/Cellar/avr-gcc@8/8.5.0_1/lib/avr-gcc/8/gcc/avr/8.5.0/avr5/libgcc.a(_udivmodhi4.o)
                              /usr/local/Cellar/avr-gcc@8/8.5.0_1/lib/avr-gcc/8/gcc/avr/8.5.0/avr5/libgcc.a(_divmodhi4.o) (__udivmodhi4)
/usr/local/Cellar/avr-gcc@8/8.5.0_1/lib/avr-gcc/8/gcc/avr/8.5.0/../../../../../../avr/lib/avr5/libatmega32u4.a(eerd_byte.o)
                              .build/obj_kb_default/common/eeconfig.o (eeprom_read_byte)
/usr/local/Cellar/avr-gcc@8/8.5.0_1/lib/avr-gcc/8/gcc/avr/8.5.0/../../../../../../avr/lib/avr5/libatmega32u4.a(eerd_word.o)
                              .build/obj_kb_default/common/eeconfig.o (eeprom_read_word)
/usr/local/Cellar/avr-gcc@8/8.5.0_1/lib/avr-gcc/8/gcc/avr/8.5.0/../../../../../../avr/lib/avr5/libatmega32u4.a(eeupd_byte.o)
                              .build/obj_kb_default/common/eeconfig.o (eeprom_update_byte)
[...]
Memory Configuration

Name             Origin             Length             Attributes
text             0x00000000         0x00020000         xr
data             0x00800060         0x0000ffa0         rw!x
eeprom           0x00810000         0x00010000         rw!x
fuse             0x00820000         0x00000003         rw!x
lock             0x00830000         0x00000400         rw!x
signature        0x00840000         0x00000400         rw!x
user_signatures  0x00850000         0x00000400         rw!x
*default*        0x00000000         0xffffffff

Linker script and memory map

Address of section .data set to 0x800100
LOAD /usr/local/Cellar/avr-gcc@8/8.5.0_1/lib/avr-gcc/8/gcc/avr/8.5.0/../../../../../../avr/lib/avr5/crtatmega32u4.o
LOAD .build/obj_kb_default/keyboards/kb/kb.o
LOAD .build/obj_kb_default/keyboards/kb/keymaps/default/keymap.o
LOAD .build/obj_kb_default/quantum/quantum.o
LOAD .build/obj_kb_default/quantum/keymap_common.o
LOAD .build/obj_kb_default/quantum/keycode_config.o
LOAD .build/obj_kb_default/quantum/process_keycode/process_leader.o
LOAD .build/obj_kb_default/quantum/matrix.o
LOAD .build/obj_kb_default/common/host.o
LOAD .build/obj_kb_default/common/keyboard.o
LOAD .build/obj_kb_default/common/action.o
LOAD .build/obj_kb_default/common/action_tapping.o
LOAD .build/obj_kb_default/common/action_macro.o
LOAD .build/obj_kb_default/common/action_layer.o
LOAD .build/obj_kb_default/common/action_util.o
LOAD .build/obj_kb_default/common/print.o
LOAD .build/obj_kb_default/common/debug.o
LOAD .build/obj_kb_default/common/util.o
LOAD .build/obj_kb_default/common/eeconfig.o
LOAD .build/obj_kb_default/common/avr/suspend.o
LOAD .build/obj_kb_default/common/avr/timer.o
LOAD .build/obj_kb_default/common/avr/bootloader.o
LOAD .build/obj_kb_default/common/avr/xprintf.o
LOAD .build/obj_kb_default/common/bootmagic.o
LOAD .build/obj_kb_default/common/mousekey.o
LOAD .build/obj_kb_default/lufa.o
LOAD .build/obj_kb_default/descriptor.o
LOAD .build/obj_kb_default/protocol/lufa/LUFA-git/LUFA/Drivers/USB/Class/Common/HIDParser.o
LOAD .build/obj_kb_default/protocol/lufa/LUFA-git/LUFA/Drivers/USB/Core/AVR8/Device_AVR8.o
LOAD .build/obj_kb_default/protocol/lufa/LUFA-git/LUFA/Drivers/USB/Core/AVR8/EndpointStream_AVR8.o
LOAD .build/obj_kb_default/protocol/lufa/LUFA-git/LUFA/Drivers/USB/Core/AVR8/Endpoint_AVR8.o
LOAD .build/obj_kb_default/protocol/lufa/LUFA-git/LUFA/Drivers/USB/Core/AVR8/Host_AVR8.o
LOAD .build/obj_kb_default/protocol/lufa/LUFA-git/LUFA/Drivers/USB/Core/AVR8/PipeStream_AVR8.o
LOAD .build/obj_kb_default/protocol/lufa/LUFA-git/LUFA/Drivers/USB/Core/AVR8/Pipe_AVR8.o
LOAD .build/obj_kb_default/protocol/lufa/LUFA-git/LUFA/Drivers/USB/Core/AVR8/USBController_AVR8.o
LOAD .build/obj_kb_default/protocol/lufa/LUFA-git/LUFA/Drivers/USB/Core/AVR8/USBInterrupt_AVR8.o
LOAD .build/obj_kb_default/protocol/lufa/LUFA-git/LUFA/Drivers/USB/Core/ConfigDescriptors.o
LOAD .build/obj_kb_default/protocol/lufa/LUFA-git/LUFA/Drivers/USB/Core/DeviceStandardReq.o
LOAD .build/obj_kb_default/protocol/lufa/LUFA-git/LUFA/Drivers/USB/Core/Events.o
LOAD .build/obj_kb_default/protocol/lufa/LUFA-git/LUFA/Drivers/USB/Core/HostStandardReq.o
LOAD .build/obj_kb_default/protocol/lufa/LUFA-git/LUFA/Drivers/USB/Core/USBTask.o
LOAD /usr/local/Cellar/avr-gcc@8/8.5.0_1/lib/avr-gcc/8/gcc/avr/8.5.0/../../../../../../avr/lib/avr5/libm.a
START GROUP
LOAD /usr/local/Cellar/avr-gcc@8/8.5.0_1/lib/avr-gcc/8/gcc/avr/8.5.0/avr5/libgcc.a
LOAD /usr/local/Cellar/avr-gcc@8/8.5.0_1/lib/avr-gcc/8/gcc/avr/8.5.0/../../../../../../avr/lib/avr5/libm.a
LOAD /usr/local/Cellar/avr-gcc@8/8.5.0_1/lib/avr-gcc/8/gcc/avr/8.5.0/../../../../../../avr/lib/avr5/libc.a
LOAD /usr/local/Cellar/avr-gcc@8/8.5.0_1/lib/avr-gcc/8/gcc/avr/8.5.0/../../../../../../avr/lib/avr5/libatmega32u4.a
END GROUP
                0x00020000                        __TEXT_REGION_LENGTH__ = DEFINED (__TEXT_REGION_LENGTH__)?__TEXT_REGION_LENGTH__:0x20000
                0x00800060                        __DATA_REGION_ORIGIN__ = DEFINED (__DATA_REGION_ORIGIN__)?__DATA_REGION_ORIGIN__:0x800060
                0x0000ffa0                        __DATA_REGION_LENGTH__ = DEFINED (__DATA_REGION_LENGTH__)?__DATA_REGION_LENGTH__:0xffa0
                0x00010000                        __EEPROM_REGION_LENGTH__ = DEFINED (__EEPROM_REGION_LENGTH__)?__EEPROM_REGION_LENGTH__:0x10000
                [0x00000003]                      __FUSE_REGION_LENGTH__ = DEFINED (__FUSE_REGION_LENGTH__)?__FUSE_REGION_LENGTH__:0x400
                0x00000400                        __LOCK_REGION_LENGTH__ = DEFINED (__LOCK_REGION_LENGTH__)?__LOCK_REGION_LENGTH__:0x400
                0x00000400                        __SIGNATURE_REGION_LENGTH__ = DEFINED (__SIGNATURE_REGION_LENGTH__)?__SIGNATURE_REGION_LENGTH__:0x400
                0x00000400                        __USER_SIGNATURE_REGION_LENGTH__ = DEFINED (__USER_SIGNATURE_REGION_LENGTH__)?__USER_SIGNATURE_REGION_LENGTH__:0x400

.hash
 *(.hash)

.dynsym
 *(.dynsym)

.dynstr
 *(.dynstr)

.gnu.version
 *(.gnu.version)

.gnu.version_d
 *(.gnu.version_d)

.gnu.version_r
 *(.gnu.version_r)

.rel.init
 *(.rel.init)

.rela.init
 *(.rela.init)

.rel.text
 *(.rel.text)
 *(.rel.text.*)
 *(.rel.gnu.linkonce.t*)

.rela.text
 *(.rela.text)
 *(.rela.text.*)
 *(.rela.gnu.linkonce.t*)

.rel.fini
 *(.rel.fini)

.rela.fini
 *(.rela.fini)

.rel.rodata
 *(.rel.rodata)
 *(.rel.rodata.*)
 *(.rel.gnu.linkonce.r*)

.rela.rodata
 *(.rela.rodata)
 *(.rela.rodata.*)
 *(.rela.gnu.linkonce.r*)

.rel.data
 *(.rel.data)
 *(.rel.data.*)
 *(.rel.gnu.linkonce.d*)

.rela.data
 *(.rela.data)
 *(.rela.data.*)
 *(.rela.gnu.linkonce.d*)

.rel.ctors
 *(.rel.ctors)

.rela.ctors
 *(.rela.ctors)

.rel.dtors
 *(.rel.dtors)

.rela.dtors
 *(.rela.dtors)

.rel.got
 *(.rel.got)

.rela.got
 *(.rela.got)

.rel.bss
 *(.rel.bss)

.rela.bss
 *(.rela.bss)

.rel.plt
 *(.rel.plt)

.rela.plt
 *(.rela.plt)

.text           0x00000000     0x487a
 *(.vectors)
 .vectors       0x00000000       0xac /usr/local/Cellar/avr-gcc@8/8.5.0_1/lib/avr-gcc/8/gcc/avr/8.5.0/../../../../../../avr/lib/avr5/crtatmega32u4.o
                0x00000000                __vectors
                0x00000000                __vector_default
 *(.vectors)
 *(.progmem.gcc*)
                0x000000ac                        . = ALIGN (0x2)
                0x000000ac                        __trampolines_start = .
 *(.trampolines)
 .trampolines   0x000000ac        0x0 linker stubs
 *(.trampolines*)
                0x000000ac                        __trampolines_end = .
 *libprintf_flt.a:*(.progmem.data)
 *libc.a:*(.progmem.data)
 *(.progmem.*)
 .progmem.data.keymaps
                0x000000ac      0x960 .build/obj_kb_default/keyboards/kb/keymaps/default/keymap.o
                0x000000ac                keymaps
 .progmem.data.fn_actions
                0x00000a0c        0x0 .build/obj_kb_default/quantum/keymap_common.o
                0x00000a0c                fn_actions
 .progmem.data.ProductString
                0x00000a0c       0x2c .build/obj_kb_default/descriptor.o
                0x00000a0c                ProductString
 .progmem.data.ManufacturerString
                0x00000a38       0x3e .build/obj_kb_default/descriptor.o
                0x00000a38                ManufacturerString
 .progmem.data.LanguageString
                0x00000a76        0x4 .build/obj_kb_default/descriptor.o
                0x00000a76                LanguageString
 .progmem.data.ConfigurationDescriptor
                0x00000a7a       0x6d .build/obj_kb_default/descriptor.o
                0x00000a7a                ConfigurationDescriptor
 .progmem.data.DeviceDescriptor
                0x00000ae7       0x12 .build/obj_kb_default/descriptor.o
                0x00000ae7                DeviceDescriptor
 .progmem.data.NKROReport
                0x00000af9       0x39 .build/obj_kb_default/descriptor.o
                0x00000af9                NKROReport
 .progmem.data.ExtrakeyReport
                0x00000b32       0x36 .build/obj_kb_default/descriptor.o
                0x00000b32                ExtrakeyReport
 .progmem.data.MouseReport
                0x00000b68       0x4d .build/obj_kb_default/descriptor.o
                0x00000b68                MouseReport
 .progmem.data.KeyboardReport
                0x00000bb5       0x40 .build/obj_kb_default/descriptor.o
                0x00000bb5                KeyboardReport
                0x00000bf6                        . = ALIGN (0x2)
 *fill*         0x00000bf5        0x1 
 *(.lowtext)
 *(.lowtext*)
                0x00000bf6                        __ctors_start = .
 *(.ctors)
                0x00000bf6                        __ctors_end = .
                0x00000bf6                        __dtors_start = .
 *(.dtors)
                0x00000bf6                        __dtors_end = .
 SORT_BY_NAME(*)(.ctors)
 SORT_BY_NAME(*)(.dtors)
 *(.init0)
 .init0         0x00000bf6        0x0 /usr/local/Cellar/avr-gcc@8/8.5.0_1/lib/avr-gcc/8/gcc/avr/8.5.0/../../../../../../avr/lib/avr5/crtatmega32u4.o
                0x00000bf6                __init
 *(.init0)
 *(.init1)
 *(.init1)
 *(.init2)
 .init2         0x00000bf6        0xc /usr/local/Cellar/avr-gcc@8/8.5.0_1/lib/avr-gcc/8/gcc/avr/8.5.0/../../../../../../avr/lib/avr5/crtatmega32u4.o
 *(.init2)
 *(.init3)
 .init3         0x00000c02       0x54 .build/obj_kb_default/common/avr/bootloader.o
                0x00000c02                bootloader_jump_after_watchdog_reset
 *(.init3)
 *(.init4)
 .init4         0x00000c56       0x16 /usr/local/Cellar/avr-gcc@8/8.5.0_1/lib/avr-gcc/8/gcc/avr/8.5.0/avr5/libgcc.a(_copy_data.o)
                0x00000c56                __do_copy_data
 .init4         0x00000c6c       0x10 /usr/local/Cellar/avr-gcc@8/8.5.0_1/lib/avr-gcc/8/gcc/avr/8.5.0/avr5/libgcc.a(_clear_bss.o)
                0x00000c6c                __do_clear_bss
 *(.init4)
 *(.init5)
 *(.init5)
 *(.init6)
 *(.init6)
 *(.init7)
 *(.init7)
 *(.init8)
 *(.init8)
 *(.init9)
 .init9         0x00000c7c        0x8 /usr/local/Cellar/avr-gcc@8/8.5.0_1/lib/avr-gcc/8/gcc/avr/8.5.0/../../../../../../avr/lib/avr5/crtatmega32u4.o
 *(.init9)
 *(.text)
 .text          0x00000c84        0x4 /usr/local/Cellar/avr-gcc@8/8.5.0_1/lib/avr-gcc/8/gcc/avr/8.5.0/../../../../../../avr/lib/avr5/crtatmega32u4.o
                0x00000c84                __vector_42
                0x00000c84                __vector_22
                0x00000c84                __vector_28
                0x00000c84                __vector_1
                0x00000c84                __vector_32
                0x00000c84                __vector_34
                0x00000c84                __vector_24
                0x00000c84                __bad_interrupt
                0x00000c84                __vector_6
                0x00000c84                __vector_31
                0x00000c84                __vector_35
                0x00000c84                __vector_39
                0x00000c84                __vector_3
                0x00000c84                __vector_23
                0x00000c84                __vector_30
                0x00000c84                __vector_25
                0x00000c84                __vector_13
                0x00000c84                __vector_17
                0x00000c84                __vector_19
                0x00000c84                __vector_7
                0x00000c84                __vector_41
                0x00000c84                __vector_27
                0x00000c84                __vector_5
                0x00000c84                __vector_33
                0x00000c84                __vector_37
                0x00000c84                __vector_4
                0x00000c84                __vector_9
                0x00000c84                __vector_2
                0x00000c84                __vector_15
                0x00000c84                __vector_36
                0x00000c84                __vector_29
                0x00000c84                __vector_40
                0x00000c84                __vector_8
                0x00000c84                __vector_26
                0x00000c84                __vector_14
                0x00000c84                __vector_16
                0x00000c84                __vector_18
                0x00000c84                __vector_20
                0x00000c84                __vector_38
                0x00000c88                        . = ALIGN (0x2)
 *(.text.*)
 .text.action_get_macro
                0x00000c88        0x6 .build/obj_kb_default/keyboards/kb/keymaps/default/keymap.o
                0x00000c88                action_get_macro
 .text.matrix_init_user
                0x00000c8e        0x2 .build/obj_kb_default/keyboards/kb/keymaps/default/keymap.o
                0x00000c8e                matrix_init_user
 .text.matrix_scan_user
                0x00000c90        0x2 .build/obj_kb_default/keyboards/kb/keymaps/default/keymap.o
                0x00000c90                matrix_scan_user
 .text.process_record_user
                0x00000c92       0x26 .build/obj_kb_default/keyboards/kb/keymaps/default/keymap.o
                0x00000c92                process_record_user
 .text.led_set_user
                0x00000cb8        0xe .build/obj_kb_default/keyboards/kb/keymaps/default/keymap.o
                0x00000cb8                led_set_user
 .text.process_action_kb
                0x00000cc6        0x4 .build/obj_kb_default/quantum/quantum.o
                0x00000cc6                process_action_kb
 .text.process_record_kb
                0x00000cca        0x4 .build/obj_kb_default/quantum/quantum.o
                0x00000cca                process_record_kb
 .text.reset_keyboard
                0x00000cce       0x1a .build/obj_kb_default/quantum/quantum.o
                0x00000cce                reset_keyboard
 .text.process_record_quantum
                0x00000ce8      0x258 .build/obj_kb_default/quantum/quantum.o
                0x00000ce8                process_record_quantum
 .text.matrix_init_quantum
                0x00000f40        0x4 .build/obj_kb_default/quantum/quantum.o
                0x00000f40                matrix_init_quantum
 .text.matrix_scan_quantum
                0x00000f44        0x4 .build/obj_kb_default/quantum/quantum.o
                0x00000f44                matrix_scan_quantum
 .text.led_set_kb
                0x00000f48        0x4 .build/obj_kb_default/quantum/quantum.o
                0x00000f48                led_set_kb
 .text.led_set  0x00000f4c        0x4 .build/obj_kb_default/quantum/quantum.o
                0x00000f4c                led_set
 .text.action_function
                0x00000f50        0x2 .build/obj_kb_default/quantum/keymap_common.o
                0x00000f50                action_function
 .text.keymap_key_to_keycode
                0x00000f52       0x28 .build/obj_kb_default/quantum/keymap_common.o
                0x00000f52                keymap_key_to_keycode
 .text.keymap_function_id_to_action
                0x00000f7a       0x10 .build/obj_kb_default/quantum/keymap_common.o
                0x00000f7a                keymap_function_id_to_action
 .text.action_for_key
                0x00000f8a      0x2e8 .build/obj_kb_default/quantum/keymap_common.o
                0x00000f8a                action_for_key
 .text.keycode_config
                0x00001272       0xf6 .build/obj_kb_default/quantum/keycode_config.o
                0x00001272                keycode_config
 .text.leader_start
                0x00001368        0x2 .build/obj_kb_default/quantum/process_keycode/process_leader.o
                0x00001368                leader_start
 .text.process_leader
                0x0000136a       0x9e .build/obj_kb_default/quantum/process_keycode/process_leader.o
                0x0000136a                process_leader
 .text.matrix_init_kb
                0x00001408        0x4 .build/obj_kb_default/quantum/matrix.o
                0x00001408                matrix_init_kb
 .text.matrix_scan_kb
                0x0000140c        0x4 .build/obj_kb_default/quantum/matrix.o
                0x0000140c                matrix_scan_kb
 .text.matrix_init
                0x00001410       0xd6 .build/obj_kb_default/quantum/matrix.o
                0x00001410                matrix_init
 .text.matrix_scan
                0x000014e6      0x19a .build/obj_kb_default/quantum/matrix.o
                0x000014e6                matrix_scan
 .text.matrix_get_row
                0x00001680       0x12 .build/obj_kb_default/quantum/matrix.o
                0x00001680                matrix_get_row
 .text.matrix_print
                0x00001692        0x2 .build/obj_kb_default/quantum/matrix.o
                0x00001692                matrix_print
 .text.host_set_driver
                0x00001694        0xa .build/obj_kb_default/common/host.o
                0x00001694                host_set_driver
 .text.host_keyboard_leds
                0x0000169e       0x18 .build/obj_kb_default/common/host.o
                0x0000169e                host_keyboard_leds
 .text.host_keyboard_send
                0x000016b6       0x16 .build/obj_kb_default/common/host.o
                0x000016b6                host_keyboard_send
 .text.host_mouse_send
                0x000016cc       0x16 .build/obj_kb_default/common/host.o
                0x000016cc                host_mouse_send
 .text.host_system_send
                0x000016e2       0x2c .build/obj_kb_default/common/host.o
                0x000016e2                host_system_send
 .text.host_consumer_send
                0x0000170e       0x2c .build/obj_kb_default/common/host.o
                0x0000170e                host_consumer_send
 .text.matrix_setup
                0x0000173a        0x2 .build/obj_kb_default/common/keyboard.o
                0x0000173a                matrix_setup
 .text.keyboard_setup
                0x0000173c        0x4 .build/obj_kb_default/common/keyboard.o
                0x0000173c                keyboard_setup
 .text.keyboard_init
                0x00001740       0x18 .build/obj_kb_default/common/keyboard.o
                0x00001740                keyboard_init
 .text.keyboard_task
                0x00001758      0x16a .build/obj_kb_default/common/keyboard.o
                0x00001758                keyboard_task
 .text.action_exec
                0x000018c2       0x54 .build/obj_kb_default/common/action.o
                0x000018c2                action_exec
 .text.register_code
                0x00001916      0x1b8 .build/obj_kb_default/common/action.o
                0x00001916                register_code
 .text.unregister_code
                0x00001ace       0x9e .build/obj_kb_default/common/action.o
                0x00001ace                unregister_code
 .text.register_mods
                0x00001b6c        0xe .build/obj_kb_default/common/action.o
                0x00001b6c                register_mods
 .text.unregister_mods
                0x00001b7a        0xe .build/obj_kb_default/common/action.o
                0x00001b7a                unregister_mods
 .text.process_action
                0x00001b88      0x3fc .build/obj_kb_default/common/action.o
                0x00001b88                process_action
 .text.process_record
                0x00001f84       0x54 .build/obj_kb_default/common/action.o
                0x00001f84                process_record
 .text.clear_keyboard_but_mods
                0x00001fd8       0x28 .build/obj_kb_default/common/action.o
                0x00001fd8                clear_keyboard_but_mods
 .text.clear_keyboard
                0x00002000        0x8 .build/obj_kb_default/common/action.o
                0x00002000                clear_keyboard
 .text.is_tap_key
                0x00002008       0x42 .build/obj_kb_default/common/action.o
                0x00002008                is_tap_key
 .text.debug_event
                0x0000204a       0x1e .build/obj_kb_default/common/action.o
                0x0000204a                debug_event
 .text.debug_record
                0x00002068       0x20 .build/obj_kb_default/common/action.o
                0x00002068                debug_record
 .text.debug_waiting_buffer
                0x00002088       0x42 .build/obj_kb_default/common/action_tapping.o
 .text.debug_tapping_key
                0x000020ca       0x1c .build/obj_kb_default/common/action_tapping.o
 .text.waiting_buffer_scan_tap
                0x000020e6       0xc8 .build/obj_kb_default/common/action_tapping.o
 .text.process_tapping
                0x000021ae      0x372 .build/obj_kb_default/common/action_tapping.o
 .text.action_tapping_process
                0x00002520      0x134 .build/obj_kb_default/common/action_tapping.o
                0x00002520                action_tapping_process
 .text.action_macro_play
                0x00002654       0xf0 .build/obj_kb_default/common/action_macro.o
                0x00002654                action_macro_play
 .text.default_layer_debug
                0x00002744        0x2 .build/obj_kb_default/common/action_layer.o
                0x00002744                default_layer_debug
 .text.default_layer_set
                0x00002746       0x14 .build/obj_kb_default/common/action_layer.o
                0x00002746                default_layer_set
 .text.default_layer_or
                0x0000275a       0x38 .build/obj_kb_default/common/action_layer.o
                0x0000275a                default_layer_or
 .text.default_layer_and
                0x00002792       0x38 .build/obj_kb_default/common/action_layer.o
                0x00002792                default_layer_and
 .text.default_layer_xor
                0x000027ca       0x38 .build/obj_kb_default/common/action_layer.o
                0x000027ca                default_layer_xor
 .text.layer_clear
                0x00002802       0x14 .build/obj_kb_default/common/action_layer.o
                0x00002802                layer_clear
 .text.layer_move
                0x00002816       0x2a .build/obj_kb_default/common/action_layer.o
                0x00002816                layer_move
 .text.layer_on
                0x00002840       0x42 .build/obj_kb_default/common/action_layer.o
                0x00002840                layer_on
 .text.layer_off
                0x00002882       0x4a .build/obj_kb_default/common/action_layer.o
                0x00002882                layer_off
 .text.layer_invert
                0x000028cc       0x42 .build/obj_kb_default/common/action_layer.o
                0x000028cc                layer_invert
 .text.layer_or
                0x0000290e       0x38 .build/obj_kb_default/common/action_layer.o
                0x0000290e                layer_or
 .text.layer_and
                0x00002946       0x38 .build/obj_kb_default/common/action_layer.o
                0x00002946                layer_and
 .text.layer_xor
                0x0000297e       0x38 .build/obj_kb_default/common/action_layer.o
                0x0000297e                layer_xor
 .text.layer_debug
                0x000029b6        0x2 .build/obj_kb_default/common/action_layer.o
                0x000029b6                layer_debug
 .text.update_source_layers_cache
                0x000029b8       0x58 .build/obj_kb_default/common/action_layer.o
                0x000029b8                update_source_layers_cache
 .text.read_source_layers_cache
                0x00002a10       0x50 .build/obj_kb_default/common/action_layer.o
                0x00002a10                read_source_layers_cache
 .text.layer_switch_get_layer
                0x00002a60       0x84 .build/obj_kb_default/common/action_layer.o
                0x00002a60                layer_switch_get_layer
 .text.layer_switch_get_action
                0x00002ae4       0x14 .build/obj_kb_default/common/action_layer.o
                0x00002ae4                layer_switch_get_action
 .text.store_or_get_action
                0x00002af8       0x48 .build/obj_kb_default/common/action_layer.o
                0x00002af8                store_or_get_action
 .text.get_oneshot_layer
                0x00002b40        0xc .build/obj_kb_default/common/action_util.o
                0x00002b40                get_oneshot_layer
 .text.get_oneshot_layer_state
                0x00002b4c        0x8 .build/obj_kb_default/common/action_util.o
                0x00002b4c                get_oneshot_layer_state
 .text.set_oneshot_layer
                0x00002b54       0x12 .build/obj_kb_default/common/action_util.o
                0x00002b54                set_oneshot_layer
 .text.clear_oneshot_layer_state
                0x00002b66       0x2c .build/obj_kb_default/common/action_util.o
                0x00002b66                clear_oneshot_layer_state
 .text.is_oneshot_layer_active
                0x00002b92        0xe .build/obj_kb_default/common/action_util.o
                0x00002b92                is_oneshot_layer_active
 .text.add_key  0x00002ba0       0x7a .build/obj_kb_default/common/action_util.o
                0x00002ba0                add_key
 .text.del_key  0x00002c1a       0x68 .build/obj_kb_default/common/action_util.o
                0x00002c1a                del_key
 .text.clear_keys
                0x00002c82       0x1c .build/obj_kb_default/common/action_util.o
                0x00002c82                clear_keys
 .text.add_mods
                0x00002c9e        0xc .build/obj_kb_default/common/action_util.o
                0x00002c9e                add_mods
 .text.del_mods
                0x00002caa        0xe .build/obj_kb_default/common/action_util.o
                0x00002caa                del_mods
 .text.clear_mods
                0x00002cb8        0x6 .build/obj_kb_default/common/action_util.o
                0x00002cb8                clear_mods
 .text.add_weak_mods
                0x00002cbe        0xc .build/obj_kb_default/common/action_util.o
                0x00002cbe                add_weak_mods
 .text.del_weak_mods
                0x00002cca        0xe .build/obj_kb_default/common/action_util.o
                0x00002cca                del_weak_mods
 .text.clear_weak_mods
                0x00002cd8        0x6 .build/obj_kb_default/common/action_util.o
                0x00002cd8                clear_weak_mods
 .text.add_macro_mods
                0x00002cde        0xc .build/obj_kb_default/common/action_util.o
                0x00002cde                add_macro_mods
 .text.del_macro_mods
                0x00002cea        0xe .build/obj_kb_default/common/action_util.o
                0x00002cea                del_macro_mods
 .text.clear_macro_mods
                0x00002cf8        0x6 .build/obj_kb_default/common/action_util.o
                0x00002cf8                clear_macro_mods
 .text.set_oneshot_mods
                0x00002cfe        0x6 .build/obj_kb_default/common/action_util.o
                0x00002cfe                set_oneshot_mods
 .text.clear_oneshot_mods
                0x00002d04        0x6 .build/obj_kb_default/common/action_util.o
                0x00002d04                clear_oneshot_mods
 .text.has_anykey
                0x00002d0a       0x20 .build/obj_kb_default/common/action_util.o
                0x00002d0a                has_anykey
 .text.send_keyboard_report
                0x00002d2a       0x5e .build/obj_kb_default/common/action_util.o
                0x00002d2a                send_keyboard_report
 .text.eeconfig_init
                0x00002d88       0x34 .build/obj_kb_default/common/eeconfig.o
                0x00002d88                eeconfig_init
 .text.eeconfig_is_enabled
                0x00002dbc       0x16 .build/obj_kb_default/common/eeconfig.o
                0x00002dbc                eeconfig_is_enabled
 .text.eeconfig_read_debug
                0x00002dd2        0x8 .build/obj_kb_default/common/eeconfig.o
                0x00002dd2                eeconfig_read_debug
 .text.eeconfig_update_debug
                0x00002dda        0xa .build/obj_kb_default/common/eeconfig.o
                0x00002dda                eeconfig_update_debug
 .text.eeconfig_read_default_layer
                0x00002de4        0x8 .build/obj_kb_default/common/eeconfig.o
                0x00002de4                eeconfig_read_default_layer
 .text.eeconfig_update_default_layer
                0x00002dec        0xa .build/obj_kb_default/common/eeconfig.o
                0x00002dec                eeconfig_update_default_layer
 .text.eeconfig_read_keymap
                0x00002df6        0x8 .build/obj_kb_default/common/eeconfig.o
                0x00002df6                eeconfig_read_keymap
 .text.eeconfig_update_keymap
                0x00002dfe        0xa .build/obj_kb_default/common/eeconfig.o
                0x00002dfe                eeconfig_update_keymap
 .text.suspend_power_down
                0x00002e08       0x58 .build/obj_kb_default/common/avr/suspend.o
                0x00002e08                suspend_power_down
 .text.matrix_power_up
                0x00002e60        0x2 .build/obj_kb_default/common/avr/suspend.o
                0x00002e60                matrix_power_up
 .text.matrix_power_down
                0x00002e62        0x2 .build/obj_kb_default/common/avr/suspend.o
                0x00002e62                matrix_power_down
 .text.suspend_wakeup_condition
                0x00002e64       0x2a .build/obj_kb_default/common/avr/suspend.o
                0x00002e64                suspend_wakeup_condition
 .text.suspend_wakeup_init
                0x00002e8e        0xc .build/obj_kb_default/common/avr/suspend.o
                0x00002e8e                suspend_wakeup_init
 .text.__vector_12
                0x00002e9a       0x4e .build/obj_kb_default/common/avr/suspend.o
                0x00002e9a                __vector_12
 .text.timer_init
                0x00002ee8       0x12 .build/obj_kb_default/common/avr/timer.o
                0x00002ee8                timer_init
 .text.timer_read
                0x00002efa       0x18 .build/obj_kb_default/common/avr/timer.o
                0x00002efa                timer_read
 .text.timer_elapsed
                0x00002f12       0x54 .build/obj_kb_default/common/avr/timer.o
                0x00002f12                timer_elapsed
 .text.__vector_21
                0x00002f66       0x46 .build/obj_kb_default/common/avr/timer.o
                0x00002f66                __vector_21
 .text.bootloader_jump
                0x00002fac       0x44 .build/obj_kb_default/common/avr/bootloader.o
                0x00002fac                bootloader_jump
 .text.scan_keycode
                0x00002ff0       0x7a .build/obj_kb_default/common/bootmagic.o
 .text.bootmagic_scan_keycode
                0x0000306a       0x1c .build/obj_kb_default/common/bootmagic.o
                0x0000306a                bootmagic_scan_keycode
 .text.bootmagic
                0x00003086      0x212 .build/obj_kb_default/common/bootmagic.o
                0x00003086                bootmagic
 .text.move_unit
                0x00003298       0x94 .build/obj_kb_default/common/mousekey.o
 .text.wheel_unit
                0x0000332c       0x72 .build/obj_kb_default/common/mousekey.o
 .text.mousekey_on
                0x0000339e       0xd0 .build/obj_kb_default/common/mousekey.o
                0x0000339e                mousekey_on
 .text.mousekey_off
                0x0000346e       0xfe .build/obj_kb_default/common/mousekey.o
                0x0000346e                mousekey_off
 .text.mousekey_send
                0x0000356c       0x16 .build/obj_kb_default/common/mousekey.o
                0x0000356c                mousekey_send
 .text.mousekey_task
                0x00003582      0x142 .build/obj_kb_default/common/mousekey.o
                0x00003582                mousekey_task
 .text.mousekey_clear
                0x000036c4       0x18 .build/obj_kb_default/common/mousekey.o
                0x000036c4                mousekey_clear
 .text.keyboard_leds
                0x000036dc        0x6 .build/obj_kb_default/lufa.o
 .text.send_consumer
                0x000036e2       0x68 .build/obj_kb_default/lufa.o
 .text.send_system
                0x0000374a       0x6c .build/obj_kb_default/lufa.o
 .text.send_mouse
                0x000037b6       0x4a .build/obj_kb_default/lufa.o
 .text.send_keyboard
                0x00003800       0xa0 .build/obj_kb_default/lufa.o
 .text.EVENT_USB_Device_Connect
                0x000038a0       0x1c .build/obj_kb_default/lufa.o
                0x000038a0                EVENT_USB_Device_Connect
 .text.EVENT_USB_Device_Disconnect
                0x000038bc        0x6 .build/obj_kb_default/lufa.o
                0x000038bc                EVENT_USB_Device_Disconnect
 .text.EVENT_USB_Device_Reset
                0x000038c2        0x2 .build/obj_kb_default/lufa.o
                0x000038c2                EVENT_USB_Device_Reset
 .text.EVENT_USB_Device_Suspend
                0x000038c4        0x2 .build/obj_kb_default/lufa.o
                0x000038c4                EVENT_USB_Device_Suspend
 .text.EVENT_USB_Device_WakeUp
                0x000038c6        0x4 .build/obj_kb_default/lufa.o
                0x000038c6                EVENT_USB_Device_WakeUp
 .text.EVENT_USB_Device_ConfigurationChanged
                0x000038ca       0x28 .build/obj_kb_default/lufa.o
                0x000038ca                EVENT_USB_Device_ConfigurationChanged
 .text.EVENT_USB_Device_ControlRequest
                0x000038f2      0x15a .build/obj_kb_default/lufa.o
                0x000038f2                EVENT_USB_Device_ControlRequest
 .text.startup.main
                0x00003a4c       0x76 .build/obj_kb_default/lufa.o
                0x00003a4c                main
 .text.CALLBACK_USB_GetDescriptor
                0x00003ac2       0xae .build/obj_kb_default/descriptor.o
                0x00003ac2                CALLBACK_USB_GetDescriptor
 .text.USB_Device_SendRemoteWakeup
                0x00003b70       0x2c .build/obj_kb_default/protocol/lufa/LUFA-git/LUFA/Drivers/USB/Core/AVR8/Device_AVR8.o
                0x00003b70                USB_Device_SendRemoteWakeup
 .text.Endpoint_Write_Stream_LE
                0x00003b9c       0x9e .build/obj_kb_default/protocol/lufa/LUFA-git/LUFA/Drivers/USB/Core/AVR8/EndpointStream_AVR8.o
                0x00003b9c                Endpoint_Write_Stream_LE
 .text.Endpoint_Write_Control_Stream_LE
                0x00003c3a       0xbc .build/obj_kb_default/protocol/lufa/LUFA-git/LUFA/Drivers/USB/Core/AVR8/EndpointStream_AVR8.o
                0x00003c3a                Endpoint_Write_Control_Stream_LE
 .text.Endpoint_Write_Control_PStream_LE
                0x00003cf6       0xbe .build/obj_kb_default/protocol/lufa/LUFA-git/LUFA/Drivers/USB/Core/AVR8/EndpointStream_AVR8.o
                0x00003cf6                Endpoint_Write_Control_PStream_LE
 .text.Endpoint_ConfigureEndpoint_Prv
                0x00003db4       0x68 .build/obj_kb_default/protocol/lufa/LUFA-git/LUFA/Drivers/USB/Core/AVR8/Endpoint_AVR8.o
                0x00003db4                Endpoint_ConfigureEndpoint_Prv
 .text.Endpoint_ClearStatusStage
                0x00003e1c       0x3e .build/obj_kb_default/protocol/lufa/LUFA-git/LUFA/Drivers/USB/Core/AVR8/Endpoint_AVR8.o
                0x00003e1c                Endpoint_ClearStatusStage
 .text.Endpoint_WaitUntilReady
                0x00003e5a       0x62 .build/obj_kb_default/protocol/lufa/LUFA-git/LUFA/Drivers/USB/Core/AVR8/Endpoint_AVR8.o
                0x00003e5a                Endpoint_WaitUntilReady
 .text.USB_Disable
                0x00003ebc       0x34 .build/obj_kb_default/protocol/lufa/LUFA-git/LUFA/Drivers/USB/Core/AVR8/USBController_AVR8.o
                0x00003ebc                USB_Disable
 .text.USB_ResetInterface
                0x00003ef0       0x86 .build/obj_kb_default/protocol/lufa/LUFA-git/LUFA/Drivers/USB/Core/AVR8/USBController_AVR8.o
                0x00003ef0                USB_ResetInterface
 .text.USB_Init
                0x00003f76       0x22 .build/obj_kb_default/protocol/lufa/LUFA-git/LUFA/Drivers/USB/Core/AVR8/USBController_AVR8.o
                0x00003f76                USB_Init
 .text.USB_INT_DisableAllInterrupts
                0x00003f98       0x10 .build/obj_kb_default/protocol/lufa/LUFA-git/LUFA/Drivers/USB/Core/AVR8/USBInterrupt_AVR8.o
                0x00003f98                USB_INT_DisableAllInterrupts
 .text.USB_INT_ClearAllInterrupts
                0x00003fa8        0xa .build/obj_kb_default/protocol/lufa/LUFA-git/LUFA/Drivers/USB/Core/AVR8/USBInterrupt_AVR8.o
                0x00003fa8                USB_INT_ClearAllInterrupts
 .text.__vector_10
                0x00003fb2      0x1a8 .build/obj_kb_default/protocol/lufa/LUFA-git/LUFA/Drivers/USB/Core/AVR8/USBInterrupt_AVR8.o
                0x00003fb2                __vector_10
 .text.__vector_11
                0x0000415a       0x88 .build/obj_kb_default/protocol/lufa/LUFA-git/LUFA/Drivers/USB/Core/AVR8/USBInterrupt_AVR8.o
                0x0000415a                __vector_11
 .text.USB_Device_ProcessControlRequest
                0x000041e2      0x294 .build/obj_kb_default/protocol/lufa/LUFA-git/LUFA/Drivers/USB/Core/DeviceStandardReq.o
                0x000041e2                USB_Device_ProcessControlRequest
 .text.USB_Event_Stub
                0x00004476        0x2 .build/obj_kb_default/protocol/lufa/LUFA-git/LUFA/Drivers/USB/Core/Events.o
                0x00004476                USB_Event_Stub
                0x00004476                EVENT_USB_Device_StartOfFrame
 .text.USB_USBTask
                0x00004478       0x36 .build/obj_kb_default/protocol/lufa/LUFA-git/LUFA/Drivers/USB/Core/USBTask.o
                0x00004478                USB_USBTask
 .text.avr-libc.fplib
                0x000044ae        0xe /usr/local/Cellar/avr-gcc@8/8.5.0_1/lib/avr-gcc/8/gcc/avr/8.5.0/../../../../../../avr/lib/avr5/libm.a(fixsfsi.o)
                0x000044ae                __fixsfsi
 .text.avr-libc.fplib
                0x000044bc       0x5e /usr/local/Cellar/avr-gcc@8/8.5.0_1/lib/avr-gcc/8/gcc/avr/8.5.0/../../../../../../avr/lib/avr5/libm.a(fixunssfsi.o)
                0x000044bc                __fixunssfsi
 .text.avr-libc.fplib
                0x0000451a       0x7a /usr/local/Cellar/avr-gcc@8/8.5.0_1/lib/avr-gcc/8/gcc/avr/8.5.0/../../../../../../avr/lib/avr5/libm.a(floatsisf.o)
                0x0000451a                __floatunsisf
                0x0000451e                __floatsisf
 .text.avr-libc.fplib
                0x00004594       0x44 /usr/local/Cellar/avr-gcc@8/8.5.0_1/lib/avr-gcc/8/gcc/avr/8.5.0/../../../../../../avr/lib/avr5/libm.a(fp_split3.o)
                0x00004594                __fp_split3
                0x000045a4                __fp_splitA
 .text.avr-libc.fplib
                0x000045d8        0xe /usr/local/Cellar/avr-gcc@8/8.5.0_1/lib/avr-gcc/8/gcc/avr/8.5.0/../../../../../../avr/lib/avr5/libm.a(fp_zero.o)
                0x000045d8                __fp_zero
                0x000045da                __fp_szero
 .text.avr-libc.fplib
                0x000045e6        0x8 /usr/local/Cellar/avr-gcc@8/8.5.0_1/lib/avr-gcc/8/gcc/avr/8.5.0/../../../../../../avr/lib/avr5/libm.a(mulsf3.o)
                0x000045e6                __mulsf3
 .text.avr-libc.fplib
                0x000045ee       0xd2 /usr/local/Cellar/avr-gcc@8/8.5.0_1/lib/avr-gcc/8/gcc/avr/8.5.0/../../../../../../avr/lib/avr5/libm.a(mulsf3x.o)
                0x0000460c                __mulsf3x
                0x00004612                __mulsf3_pse
 .text.avr-libc.fplib
                0x000046c0        0xc /usr/local/Cellar/avr-gcc@8/8.5.0_1/lib/avr-gcc/8/gcc/avr/8.5.0/../../../../../../avr/lib/avr5/libm.a(fp_inf.o)
                0x000046c0                __fp_inf
 .text.avr-libc.fplib
                0x000046cc        0x6 /usr/local/Cellar/avr-gcc@8/8.5.0_1/lib/avr-gcc/8/gcc/avr/8.5.0/../../../../../../avr/lib/avr5/libm.a(fp_nan.o)
                0x000046cc                __fp_nan
 .text.avr-libc.fplib
                0x000046d2        0xe /usr/local/Cellar/avr-gcc@8/8.5.0_1/lib/avr-gcc/8/gcc/avr/8.5.0/../../../../../../avr/lib/avr5/libm.a(fp_pscA.o)
                0x000046d2                __fp_pscA
 .text.avr-libc.fplib
                0x000046e0        0xe /usr/local/Cellar/avr-gcc@8/8.5.0_1/lib/avr-gcc/8/gcc/avr/8.5.0/../../../../../../avr/lib/avr5/libm.a(fp_pscB.o)
                0x000046e0                __fp_pscB
 .text.avr-libc.fplib
                0x000046ee       0x22 /usr/local/Cellar/avr-gcc@8/8.5.0_1/lib/avr-gcc/8/gcc/avr/8.5.0/../../../../../../avr/lib/avr5/libm.a(fp_round.o)
                0x000046ee                __fp_round
 .text.libgcc.div
                0x00004710       0x28 /usr/local/Cellar/avr-gcc@8/8.5.0_1/lib/avr-gcc/8/gcc/avr/8.5.0/avr5/libgcc.a(_divmodhi4.o)
                0x00004710                __divmodhi4
                0x00004710                _div
 .text.libgcc   0x00004738        0xc /usr/local/Cellar/avr-gcc@8/8.5.0_1/lib/avr-gcc/8/gcc/avr/8.5.0/avr5/libgcc.a(_tablejump2.o)
                0x00004738                __tablejump2__
 .text.libgcc.div
                0x00004744       0x28 /usr/local/Cellar/avr-gcc@8/8.5.0_1/lib/avr-gcc/8/gcc/avr/8.5.0/avr5/libgcc.a(_udivmodhi4.o)
                0x00004744                __udivmodhi4
 .text.avr-libc
                0x0000476c       0x10 /usr/local/Cellar/avr-gcc@8/8.5.0_1/lib/avr-gcc/8/gcc/avr/8.5.0/../../../../../../avr/lib/avr5/libatmega32u4.a(eerd_byte.o)
                0x0000476c                eeprom_read_byte
 .text.avr-libc
                0x0000477c        0xc /usr/local/Cellar/avr-gcc@8/8.5.0_1/lib/avr-gcc/8/gcc/avr/8.5.0/../../../../../../avr/lib/avr5/libatmega32u4.a(eerd_word.o)
                0x0000477c                eeprom_read_word
 .text.avr-libc
                0x00004788       0x24 /usr/local/Cellar/avr-gcc@8/8.5.0_1/lib/avr-gcc/8/gcc/avr/8.5.0/../../../../../../avr/lib/avr5/libatmega32u4.a(eeupd_byte.o)
                0x00004788                eeprom_update_byte
                0x0000478a                eeprom_update_r18
 .text.avr-libc
                0x000047ac        0xc /usr/local/Cellar/avr-gcc@8/8.5.0_1/lib/avr-gcc/8/gcc/avr/8.5.0/../../../../../../avr/lib/avr5/libatmega32u4.a(eeupd_word.o)
                0x000047ac                eeprom_update_word
 .text.avr-libc
                0x000047b8       0x20 /usr/local/Cellar/avr-gcc@8/8.5.0_1/lib/avr-gcc/8/gcc/avr/8.5.0/../../../../../../avr/lib/avr5/libatmega32u4.a(eerd_block.o)
                0x000047b8                eeprom_read_block
                0x000047bc                eeprom_read_blraw
                0x000047d8                        . = ALIGN (0x2)
 *(.fini9)
 .fini9         0x000047d8        0x0 /usr/local/Cellar/avr-gcc@8/8.5.0_1/lib/avr-gcc/8/gcc/avr/8.5.0/avr5/libgcc.a(_exit.o)
                0x000047d8                exit
                0x000047d8                _exit
 *(.fini9)
 *(.fini8)
 *(.fini8)
 *(.fini7)
 *(.fini7)
 *(.fini6)
 *(.fini6)
 *(.fini5)
 *(.fini5)
 *(.fini4)
 *(.fini4)
 *(.fini3)
 *(.fini3)
 *(.fini2)
 *(.fini2)
 *(.fini1)
 *(.fini1)
 *(.fini0)
 .fini0         0x000047d8        0x4 /usr/local/Cellar/avr-gcc@8/8.5.0_1/lib/avr-gcc/8/gcc/avr/8.5.0/avr5/libgcc.a(_exit.o)
 *(.fini0)
 *(.hightext)
 *(.hightext*)
 *(.progmemx.*)
                0x000047dc                        . = ALIGN (0x2)
 *(.jumptables)
 *(.jumptables*)
 .jumptables.gcc.process_record_quantum
                0x000047dc       0x24 .build/obj_kb_default/quantum/quantum.o
 .jumptables.gcc.process_action
                0x00004800       0x4a .build/obj_kb_default/common/action.o
 .jumptables.gcc.is_tap_key
                0x0000484a       0x1c .build/obj_kb_default/common/action.o
 .jumptables.gcc.USB_Device_ProcessControlRequest
                0x00004866       0x14 .build/obj_kb_default/protocol/lufa/LUFA-git/LUFA/Drivers/USB/Core/DeviceStandardReq.o
                0x0000487a                        _etext = .

.data           0x00800100       0x3c load address 0x0000487a
                0x00800100                        PROVIDE (__data_start = .)
 *(.data)
 *(.data*)
 .data.keyboard_report
                0x00800100        0x2 .build/obj_kb_default/common/action_util.o
                0x00800100                keyboard_report
 .data.mk_wheel_time_to_max
                0x00800102        0x1 .build/obj_kb_default/common/mousekey.o
                0x00800102                mk_wheel_time_to_max
 .data.mk_wheel_max_speed
                0x00800103        0x1 .build/obj_kb_default/common/mousekey.o
                0x00800103                mk_wheel_max_speed
 .data.mk_time_to_max
                0x00800104        0x1 .build/obj_kb_default/common/mousekey.o
                0x00800104                mk_time_to_max
 .data.mk_max_speed
                0x00800105        0x1 .build/obj_kb_default/common/mousekey.o
                0x00800105                mk_max_speed
 .data.mk_interval
                0x00800106        0x1 .build/obj_kb_default/common/mousekey.o
                0x00800106                mk_interval
 .data.mk_delay
                0x00800107        0x1 .build/obj_kb_default/common/mousekey.o
                0x00800107                mk_delay
 .data.lufa_driver
                0x00800108        0xa .build/obj_kb_default/lufa.o
                0x00800108                lufa_driver
 .data.keyboard_protocol
                0x00800112        0x1 .build/obj_kb_default/lufa.o
                0x00800112                keyboard_protocol
 *(.gnu.linkonce.d*)
 *(.rodata)
 *(.rodata*)
 .rodata.col_pins
                0x00800113        0xf .build/obj_kb_default/quantum/matrix.o
 .rodata.row_pins
                0x00800122        0x5 .build/obj_kb_default/quantum/matrix.o
 .rodata.CSWTCH.2
                0x00800127        0x4 .build/obj_kb_default/descriptor.o
 .rodata.CSWTCH.1
                0x0080012b        0x8 .build/obj_kb_default/descriptor.o
 .rodata.CSWTCH.0
                0x00800133        0x8 .build/obj_kb_default/descriptor.o
 *(.gnu.linkonce.r*)
                0x0080013c                        . = ALIGN (0x2)
 *fill*         0x0080013b        0x1 
                0x0080013c                        _edata = .
                0x0080013c                        PROVIDE (__data_end = .)

.bss            0x0080013c      0x112
                0x0080013c                        PROVIDE (__bss_start = .)
 *(.bss)
 *(.bss*)
 .bss.scs_timer
                0x0080013c        0x2 .build/obj_kb_default/quantum/quantum.o
 .bss.shift_interrupted
                0x0080013e        0x2 .build/obj_kb_default/quantum/quantum.o
 .bss.leader_sequence_size
                0x00800140        0x1 .build/obj_kb_default/quantum/process_keycode/process_leader.o
                0x00800140                leader_sequence_size
 .bss.leader_sequence
                0x00800141        0xa .build/obj_kb_default/quantum/process_keycode/process_leader.o
                0x00800141                leader_sequence
 .bss.leader_time
                0x0080014b        0x2 .build/obj_kb_default/quantum/process_keycode/process_leader.o
                0x0080014b                leader_time
 .bss.leading   0x0080014d        0x1 .build/obj_kb_default/quantum/process_keycode/process_leader.o
                0x0080014d                leading
 .bss.matrix_debouncing
                0x0080014e        0xa .build/obj_kb_default/quantum/matrix.o
 .bss.matrix    0x00800158        0xa .build/obj_kb_default/quantum/matrix.o
 .bss.debouncing
                0x00800162        0x1 .build/obj_kb_default/quantum/matrix.o
 .bss.debouncing_time
                0x00800163        0x2 .build/obj_kb_default/quantum/matrix.o
 .bss.last_consumer_report
                0x00800165        0x2 .build/obj_kb_default/common/host.o
 .bss.last_system_report
                0x00800167        0x2 .build/obj_kb_default/common/host.o
 .bss.driver    0x00800169        0x2 .build/obj_kb_default/common/host.o
 .bss.led_status.5094
                0x0080016b        0x1 .build/obj_kb_default/common/keyboard.o
 .bss.matrix_prev.5093
                0x0080016c        0xa .build/obj_kb_default/common/keyboard.o
 .bss.disable_action_cache
                0x00800176        0x1 .build/obj_kb_default/common/action.o
                0x00800176                disable_action_cache
 .bss.waiting_buffer_tail
                0x00800177        0x1 .build/obj_kb_default/common/action_tapping.o
 .bss.waiting_buffer_head
                0x00800178        0x1 .build/obj_kb_default/common/action_tapping.o
 .bss.waiting_buffer
                0x00800179       0x30 .build/obj_kb_default/common/action_tapping.o
 .bss.tapping_key
                0x008001a9        0x6 .build/obj_kb_default/common/action_tapping.o
 .bss.source_layers_cache
                0x008001af       0x32 .build/obj_kb_default/common/action_layer.o
                0x008001af                source_layers_cache
 .bss.layer_state
                0x008001e1        0x4 .build/obj_kb_default/common/action_layer.o
                0x008001e1                layer_state
 .bss.default_layer_state
                0x008001e5        0x4 .build/obj_kb_default/common/action_layer.o
                0x008001e5                default_layer_state
 .bss.oneshot_layer_data
                0x008001e9        0x1 .build/obj_kb_default/common/action_util.o
 .bss.oneshot_mods
                0x008001ea        0x1 .build/obj_kb_default/common/action_util.o
 .bss.__compound_literal.0
                0x008001eb       0x20 .build/obj_kb_default/common/action_util.o
 .bss.macro_mods
                0x0080020b        0x1 .build/obj_kb_default/common/action_util.o
 .bss.weak_mods
                0x0080020c        0x1 .build/obj_kb_default/common/action_util.o
 .bss.real_mods
                0x0080020d        0x1 .build/obj_kb_default/common/action_util.o
 .bss.debug_config
                0x0080020e        0x1 .build/obj_kb_default/common/debug.o
                0x0080020e                debug_config
 .bss.wdt_timeout
                0x0080020f        0x1 .build/obj_kb_default/common/avr/suspend.o
 .bss.last_timer
                0x00800210        0x2 .build/obj_kb_default/common/mousekey.o
 .bss.mousekey_accel
                0x00800212        0x1 .build/obj_kb_default/common/mousekey.o
 .bss.mousekey_repeat
                0x00800213        0x1 .build/obj_kb_default/common/mousekey.o
 .bss.mouse_report
                0x00800214        0x5 .build/obj_kb_default/common/mousekey.o
 .bss.keyboard_report_sent
                0x00800219       0x20 .build/obj_kb_default/lufa.o
 .bss.keyboard_led_stats
                0x00800239        0x1 .build/obj_kb_default/lufa.o
 .bss.keyboard_idle
                0x0080023a        0x1 .build/obj_kb_default/lufa.o
                0x0080023a                keyboard_idle
 *(COMMON)
 COMMON         0x0080023b        0x4 .build/obj_kb_default/common/avr/timer.o
                0x0080023b                timer_count
 COMMON         0x0080023f        0x2 .build/obj_kb_default/common/bootmagic.o
                0x0080023f                keymap_config
 COMMON         0x00800241        0x3 .build/obj_kb_default/protocol/lufa/LUFA-git/LUFA/Drivers/USB/Core/DeviceStandardReq.o
                0x00800241                USB_Device_ConfigurationNumber
                0x00800242                USB_Device_CurrentlySelfPowered
                0x00800243                USB_Device_RemoteWakeupEnabled
 COMMON         0x00800244        0xa .build/obj_kb_default/protocol/lufa/LUFA-git/LUFA/Drivers/USB/Core/USBTask.o
                0x00800244                USB_IsInitialized
                0x00800245                USB_DeviceState
                0x00800246                USB_ControlRequest
                0x0080024e                        PROVIDE (__bss_end = .)
                0x0000487a                        __data_load_start = LOADADDR (.data)
                0x000048b6                        __data_load_end = (__data_load_start + SIZEOF (.data))

.noinit         0x0080024e        0x4
                [!provide]                        PROVIDE (__noinit_start = .)
 *(.noinit .noinit.* .gnu.linkonce.n.*)
 .noinit        0x0080024e        0x4 .build/obj_kb_default/common/avr/bootloader.o
                0x0080024e                reset_key
                [!provide]                        PROVIDE (__noinit_end = .)
                0x00800252                        _end = .
                [!provide]                        PROVIDE (__heap_start = .)

.eeprom         0x00810000        0x0
 *(.eeprom*)
                0x00810000                        __eeprom_end = .

.fuse
 *(.fuse)
 *(.lfuse)
 *(.hfuse)
 *(.efuse)

.lock
 *(.lock*)

.signature
 *(.signature*)

.stab
 *(.stab)

.stabstr        0x00000000       0x9c
 *(.stabstr)
 .stabstr       0x00000000       0x9c .build/obj_kb_default/common/avr/xprintf.o

.stab.excl
 *(.stab.excl)

.stab.exclstr
 *(.stab.exclstr)

.stab.index
 *(.stab.index)

.stab.indexstr
 *(.stab.indexstr)

.comment        0x00000000       0x26
 *(.comment)
 .comment       0x00000000       0x26 .build/obj_kb_default/keyboards/kb/keymaps/default/keymap.o
                                 0x27 (size before relaxing)
 .comment       0x00000026       0x27 .build/obj_kb_default/quantum/quantum.o
 .comment       0x00000026       0x27 .build/obj_kb_default/quantum/keymap_common.o
 .comment       0x00000026       0x27 .build/obj_kb_default/quantum/keycode_config.o
 .comment       0x00000026       0x27 .build/obj_kb_default/quantum/process_keycode/process_leader.o
 .comment       0x00000026       0x27 .build/obj_kb_default/quantum/matrix.o
 .comment       0x00000026       0x27 .build/obj_kb_default/common/host.o
 .comment       0x00000026       0x27 .build/obj_kb_default/common/keyboard.o
 .comment       0x00000026       0x27 .build/obj_kb_default/common/action.o
 .comment       0x00000026       0x27 .build/obj_kb_default/common/action_tapping.o
 .comment       0x00000026       0x27 .build/obj_kb_default/common/action_macro.o
 .comment       0x00000026       0x27 .build/obj_kb_default/common/action_layer.o
 .comment       0x00000026       0x27 .build/obj_kb_default/common/action_util.o
 .comment       0x00000026       0x27 .build/obj_kb_default/common/debug.o
 .comment       0x00000026       0x27 .build/obj_kb_default/common/eeconfig.o
 .comment       0x00000026       0x27 .build/obj_kb_default/common/avr/suspend.o
 .comment       0x00000026       0x27 .build/obj_kb_default/common/avr/timer.o
 .comment       0x00000026       0x27 .build/obj_kb_default/common/avr/bootloader.o
 .comment       0x00000026       0x27 .build/obj_kb_default/common/bootmagic.o
 .comment       0x00000026       0x27 .build/obj_kb_default/common/mousekey.o
 .comment       0x00000026       0x27 .build/obj_kb_default/lufa.o
 .comment       0x00000026       0x27 .build/obj_kb_default/descriptor.o
 .comment       0x00000026       0x27 .build/obj_kb_default/protocol/lufa/LUFA-git/LUFA/Drivers/USB/Core/AVR8/Device_AVR8.o
 .comment       0x00000026       0x27 .build/obj_kb_default/protocol/lufa/LUFA-git/LUFA/Drivers/USB/Core/AVR8/EndpointStream_AVR8.o
 .comment       0x00000026       0x27 .build/obj_kb_default/protocol/lufa/LUFA-git/LUFA/Drivers/USB/Core/AVR8/Endpoint_AVR8.o
 .comment       0x00000026       0x27 .build/obj_kb_default/protocol/lufa/LUFA-git/LUFA/Drivers/USB/Core/AVR8/USBController_AVR8.o
 .comment       0x00000026       0x27 .build/obj_kb_default/protocol/lufa/LUFA-git/LUFA/Drivers/USB/Core/AVR8/USBInterrupt_AVR8.o
 .comment       0x00000026       0x27 .build/obj_kb_default/protocol/lufa/LUFA-git/LUFA/Drivers/USB/Core/DeviceStandardReq.o
 .comment       0x00000026       0x27 .build/obj_kb_default/protocol/lufa/LUFA-git/LUFA/Drivers/USB/Core/Events.o
 .comment       0x00000026       0x27 .build/obj_kb_default/protocol/lufa/LUFA-git/LUFA/Drivers/USB/Core/USBTask.o

.note.gnu.avr.deviceinfo
                0x00000000       0x40
 .note.gnu.avr.deviceinfo
                0x00000000       0x40 /usr/local/Cellar/avr-gcc@8/8.5.0_1/lib/avr-gcc/8/gcc/avr/8.5.0/../../../../../../avr/lib/avr5/crtatmega32u4.o

.note.gnu.build-id
 *(.note.gnu.build-id)

.debug
 *(.debug)

.line
 *(.line)

.debug_srcinfo
 *(.debug_srcinfo)

.debug_sfnames
 *(.debug_sfnames)

.debug_aranges  0x00000000      0xa80
 *(.debug_aranges)
 .debug_aranges
                0x00000000       0x38 .build/obj_kb_default/keyboards/kb/keymaps/default/keymap.o
 .debug_aranges
                0x00000038       0xc8 .build/obj_kb_default/quantum/quantum.o
 .debug_aranges
                0x00000100       0x40 .build/obj_kb_default/quantum/keymap_common.o
 .debug_aranges
                0x00000140       0x20 .build/obj_kb_default/quantum/keycode_config.o
 .debug_aranges
                0x00000160       0x28 .build/obj_kb_default/quantum/process_keycode/process_leader.o
 .debug_aranges
                0x00000188       0x88 .build/obj_kb_default/quantum/matrix.o
 .debug_aranges
                0x00000210       0x60 .build/obj_kb_default/common/host.o
 .debug_aranges
                0x00000270       0x40 .build/obj_kb_default/common/keyboard.o
 .debug_aranges
                0x000002b0       0x90 .build/obj_kb_default/common/action.o
 .debug_aranges
                0x00000340       0x40 .build/obj_kb_default/common/action_tapping.o
 .debug_aranges
                0x00000380       0x20 .build/obj_kb_default/common/action_macro.o
 .debug_aranges
                0x000003a0       0xa8 .build/obj_kb_default/common/action_layer.o
 .debug_aranges
                0x00000448      0x128 .build/obj_kb_default/common/action_util.o
 .debug_aranges
                0x00000570       0x18 .build/obj_kb_default/common/debug.o
 .debug_aranges
                0x00000588       0x68 .build/obj_kb_default/common/eeconfig.o
 .debug_aranges
                0x000005f0       0x48 .build/obj_kb_default/common/avr/suspend.o
 .debug_aranges
                0x00000638       0x50 .build/obj_kb_default/common/avr/timer.o
 .debug_aranges
                0x00000688       0x28 .build/obj_kb_default/common/avr/bootloader.o
 .debug_aranges
                0x000006b0       0x30 .build/obj_kb_default/common/bootmagic.o
 .debug_aranges
                0x000006e0       0x50 .build/obj_kb_default/common/mousekey.o
 .debug_aranges
                0x00000730       0x80 .build/obj_kb_default/lufa.o
 .debug_aranges
                0x000007b0       0x20 .build/obj_kb_default/descriptor.o
 .debug_aranges
                0x000007d0       0x20 .build/obj_kb_default/protocol/lufa/LUFA-git/LUFA/Drivers/USB/Core/AVR8/Device_AVR8.o
 .debug_aranges
                0x000007f0       0xc8 .build/obj_kb_default/protocol/lufa/LUFA-git/LUFA/Drivers/USB/Core/AVR8/EndpointStream_AVR8.o
 .debug_aranges
                0x000008b8       0x40 .build/obj_kb_default/protocol/lufa/LUFA-git/LUFA/Drivers/USB/Core/AVR8/Endpoint_AVR8.o
 .debug_aranges
                0x000008f8       0x30 .build/obj_kb_default/protocol/lufa/LUFA-git/LUFA/Drivers/USB/Core/AVR8/USBController_AVR8.o
 .debug_aranges
                0x00000928       0x38 .build/obj_kb_default/protocol/lufa/LUFA-git/LUFA/Drivers/USB/Core/AVR8/USBInterrupt_AVR8.o
 .debug_aranges
                0x00000960       0x20 .build/obj_kb_default/protocol/lufa/LUFA-git/LUFA/Drivers/USB/Core/DeviceStandardReq.o
 .debug_aranges
                0x00000980       0x20 .build/obj_kb_default/protocol/lufa/LUFA-git/LUFA/Drivers/USB/Core/Events.o
 .debug_aranges
                0x000009a0       0x20 .build/obj_kb_default/protocol/lufa/LUFA-git/LUFA/Drivers/USB/Core/USBTask.o
 .debug_aranges
                0x000009c0       0x20 /usr/local/Cellar/avr-gcc@8/8.5.0_1/lib/avr-gcc/8/gcc/avr/8.5.0/avr5/libgcc.a(_divmodhi4.o)
 .debug_aranges
                0x000009e0       0x20 /usr/local/Cellar/avr-gcc@8/8.5.0_1/lib/avr-gcc/8/gcc/avr/8.5.0/avr5/libgcc.a(_exit.o)
 .debug_aranges
                0x00000a00       0x20 /usr/local/Cellar/avr-gcc@8/8.5.0_1/lib/avr-gcc/8/gcc/avr/8.5.0/avr5/libgcc.a(_tablejump2.o)
 .debug_aranges
                0x00000a20       0x20 /usr/local/Cellar/avr-gcc@8/8.5.0_1/lib/avr-gcc/8/gcc/avr/8.5.0/avr5/libgcc.a(_copy_data.o)
 .debug_aranges
                0x00000a40       0x20 /usr/local/Cellar/avr-gcc@8/8.5.0_1/lib/avr-gcc/8/gcc/avr/8.5.0/avr5/libgcc.a(_clear_bss.o)
 .debug_aranges
                0x00000a60       0x20 /usr/local/Cellar/avr-gcc@8/8.5.0_1/lib/avr-gcc/8/gcc/avr/8.5.0/avr5/libgcc.a(_udivmodhi4.o)

.debug_pubnames
 *(.debug_pubnames)

.debug_info     0x00000000    0x14e12
 *(.debug_info .gnu.linkonce.wi.*)
 .debug_info    0x00000000      0x9f4 /usr/local/Cellar/avr-gcc@8/8.5.0_1/lib/avr-gcc/8/gcc/avr/8.5.0/../../../../../../avr/lib/avr5/crtatmega32u4.o
 .debug_info    0x000009f4      0xbf5 .build/obj_kb_default/keyboards/kb/keymaps/default/keymap.o
 .debug_info    0x000015e9     0x1a6b .build/obj_kb_default/quantum/quantum.o
 .debug_info    0x00003054     0x160d .build/obj_kb_default/quantum/keymap_common.o
 .debug_info    0x00004661      0x595 .build/obj_kb_default/quantum/keycode_config.o
 .debug_info    0x00004bf6      0xa5a .build/obj_kb_default/quantum/process_keycode/process_leader.o
 .debug_info    0x00005650      0x846 .build/obj_kb_default/quantum/matrix.o
 .debug_info    0x00005e96      0x6b0 .build/obj_kb_default/common/host.o
 .debug_info    0x00006546      0x813 .build/obj_kb_default/common/keyboard.o
 .debug_info    0x00006d59     0x1c4d .build/obj_kb_default/common/action.o
 .debug_info    0x000089a6      0xf64 .build/obj_kb_default/common/action_tapping.o
 .debug_info    0x0000990a      0xb34 .build/obj_kb_default/common/action_macro.o
 .debug_info    0x0000a43e      0xc26 .build/obj_kb_default/common/action_layer.o
 .debug_info    0x0000b064      0xd02 .build/obj_kb_default/common/action_util.o
 .debug_info    0x0000bd66      0x110 .build/obj_kb_default/common/debug.o
 .debug_info    0x0000be76      0x371 .build/obj_kb_default/common/eeconfig.o
 .debug_info    0x0000c1e7      0x6bc .build/obj_kb_default/common/avr/suspend.o
 .debug_info    0x0000c8a3      0x42c .build/obj_kb_default/common/avr/timer.o
 .debug_info    0x0000cccf      0x3fb .build/obj_kb_default/common/avr/bootloader.o
 .debug_info    0x0000d0ca      0xd8d .build/obj_kb_default/common/bootmagic.o
 .debug_info    0x0000de57      0x836 .build/obj_kb_default/common/mousekey.o
 .debug_info    0x0000e68d     0x1602 .build/obj_kb_default/lufa.o
 .debug_info    0x0000fc8f      0x9e7 .build/obj_kb_default/descriptor.o
 .debug_info    0x00010676      0x1c0 .build/obj_kb_default/protocol/lufa/LUFA-git/LUFA/Drivers/USB/Core/AVR8/Device_AVR8.o
 .debug_info    0x00010836     0x1da4 .build/obj_kb_default/protocol/lufa/LUFA-git/LUFA/Drivers/USB/Core/AVR8/EndpointStream_AVR8.o
 .debug_info    0x000125da      0x75d .build/obj_kb_default/protocol/lufa/LUFA-git/LUFA/Drivers/USB/Core/AVR8/Endpoint_AVR8.o
 .debug_info    0x00012d37      0x606 .build/obj_kb_default/protocol/lufa/LUFA-git/LUFA/Drivers/USB/Core/AVR8/USBController_AVR8.o
 .debug_info    0x0001333d      0xa43 .build/obj_kb_default/protocol/lufa/LUFA-git/LUFA/Drivers/USB/Core/AVR8/USBInterrupt_AVR8.o
 .debug_info    0x00013d80      0xc3a .build/obj_kb_default/protocol/lufa/LUFA-git/LUFA/Drivers/USB/Core/DeviceStandardReq.o
 .debug_info    0x000149ba       0x79 .build/obj_kb_default/protocol/lufa/LUFA-git/LUFA/Drivers/USB/Core/Events.o
 .debug_info    0x00014a33      0x2fb .build/obj_kb_default/protocol/lufa/LUFA-git/LUFA/Drivers/USB/Core/USBTask.o
 .debug_info    0x00014d2e       0x26 /usr/local/Cellar/avr-gcc@8/8.5.0_1/lib/avr-gcc/8/gcc/avr/8.5.0/avr5/libgcc.a(_divmodhi4.o)
 .debug_info    0x00014d54       0x26 /usr/local/Cellar/avr-gcc@8/8.5.0_1/lib/avr-gcc/8/gcc/avr/8.5.0/avr5/libgcc.a(_exit.o)
 .debug_info    0x00014d7a       0x26 /usr/local/Cellar/avr-gcc@8/8.5.0_1/lib/avr-gcc/8/gcc/avr/8.5.0/avr5/libgcc.a(_tablejump2.o)
 .debug_info    0x00014da0       0x26 /usr/local/Cellar/avr-gcc@8/8.5.0_1/lib/avr-gcc/8/gcc/avr/8.5.0/avr5/libgcc.a(_copy_data.o)
 .debug_info    0x00014dc6       0x26 /usr/local/Cellar/avr-gcc@8/8.5.0_1/lib/avr-gcc/8/gcc/avr/8.5.0/avr5/libgcc.a(_clear_bss.o)
 .debug_info    0x00014dec       0x26 /usr/local/Cellar/avr-gcc@8/8.5.0_1/lib/avr-gcc/8/gcc/avr/8.5.0/avr5/libgcc.a(_udivmodhi4.o)

.debug_abbrev   0x00000000     0x543c
 *(.debug_abbrev)
 .debug_abbrev  0x00000000      0x96a /usr/local/Cellar/avr-gcc@8/8.5.0_1/lib/avr-gcc/8/gcc/avr/8.5.0/../../../../../../avr/lib/avr5/crtatmega32u4.o
 .debug_abbrev  0x0000096a      0x28d .build/obj_kb_default/keyboards/kb/keymaps/default/keymap.o
 .debug_abbrev  0x00000bf7      0x4d5 .build/obj_kb_default/quantum/quantum.o
 .debug_abbrev  0x000010cc      0x2a6 .build/obj_kb_default/quantum/keymap_common.o
 .debug_abbrev  0x00001372       0xe7 .build/obj_kb_default/quantum/keycode_config.o
 .debug_abbrev  0x00001459      0x20d .build/obj_kb_default/quantum/process_keycode/process_leader.o
 .debug_abbrev  0x00001666      0x3e4 .build/obj_kb_default/quantum/matrix.o
 .debug_abbrev  0x00001a4a      0x231 .build/obj_kb_default/common/host.o
 .debug_abbrev  0x00001c7b      0x2b3 .build/obj_kb_default/common/keyboard.o
 .debug_abbrev  0x00001f2e      0x3aa .build/obj_kb_default/common/action.o
 .debug_abbrev  0x000022d8      0x341 .build/obj_kb_default/common/action_tapping.o
 .debug_abbrev  0x00002619      0x2a4 .build/obj_kb_default/common/action_macro.o
 .debug_abbrev  0x000028bd      0x2de .build/obj_kb_default/common/action_layer.o
 .debug_abbrev  0x00002b9b      0x3be .build/obj_kb_default/common/action_util.o
 .debug_abbrev  0x00002f59       0xa2 .build/obj_kb_default/common/debug.o
 .debug_abbrev  0x00002ffb       0xcf .build/obj_kb_default/common/eeconfig.o
 .debug_abbrev  0x000030ca      0x306 .build/obj_kb_default/common/avr/suspend.o
 .debug_abbrev  0x000033d0      0x1c3 .build/obj_kb_default/common/avr/timer.o
 .debug_abbrev  0x00003593      0x26a .build/obj_kb_default/common/avr/bootloader.o
 .debug_abbrev  0x000037fd      0x30c .build/obj_kb_default/common/bootmagic.o
 .debug_abbrev  0x00003b09      0x261 .build/obj_kb_default/common/mousekey.o
 .debug_abbrev  0x00003d6a      0x4d7 .build/obj_kb_default/lufa.o
 .debug_abbrev  0x00004241      0x207 .build/obj_kb_default/descriptor.o
 .debug_abbrev  0x00004448       0xcb .build/obj_kb_default/protocol/lufa/LUFA-git/LUFA/Drivers/USB/Core/AVR8/Device_AVR8.o
 .debug_abbrev  0x00004513      0x23b .build/obj_kb_default/protocol/lufa/LUFA-git/LUFA/Drivers/USB/Core/AVR8/EndpointStream_AVR8.o
 .debug_abbrev  0x0000474e      0x29d .build/obj_kb_default/protocol/lufa/LUFA-git/LUFA/Drivers/USB/Core/AVR8/Endpoint_AVR8.o
 .debug_abbrev  0x000049eb      0x1f5 .build/obj_kb_default/protocol/lufa/LUFA-git/LUFA/Drivers/USB/Core/AVR8/USBController_AVR8.o
 .debug_abbrev  0x00004be0      0x2a5 .build/obj_kb_default/protocol/lufa/LUFA-git/LUFA/Drivers/USB/Core/AVR8/USBInterrupt_AVR8.o
 .debug_abbrev  0x00004e85      0x346 .build/obj_kb_default/protocol/lufa/LUFA-git/LUFA/Drivers/USB/Core/DeviceStandardReq.o
 .debug_abbrev  0x000051cb       0x46 .build/obj_kb_default/protocol/lufa/LUFA-git/LUFA/Drivers/USB/Core/Events.o
 .debug_abbrev  0x00005211      0x1b3 .build/obj_kb_default/protocol/lufa/LUFA-git/LUFA/Drivers/USB/Core/USBTask.o
 .debug_abbrev  0x000053c4       0x14 /usr/local/Cellar/avr-gcc@8/8.5.0_1/lib/avr-gcc/8/gcc/avr/8.5.0/avr5/libgcc.a(_divmodhi4.o)
 .debug_abbrev  0x000053d8       0x14 /usr/local/Cellar/avr-gcc@8/8.5.0_1/lib/avr-gcc/8/gcc/avr/8.5.0/avr5/libgcc.a(_exit.o)
 .debug_abbrev  0x000053ec       0x14 /usr/local/Cellar/avr-gcc@8/8.5.0_1/lib/avr-gcc/8/gcc/avr/8.5.0/avr5/libgcc.a(_tablejump2.o)
 .debug_abbrev  0x00005400       0x14 /usr/local/Cellar/avr-gcc@8/8.5.0_1/lib/avr-gcc/8/gcc/avr/8.5.0/avr5/libgcc.a(_copy_data.o)
 .debug_abbrev  0x00005414       0x14 /usr/local/Cellar/avr-gcc@8/8.5.0_1/lib/avr-gcc/8/gcc/avr/8.5.0/avr5/libgcc.a(_clear_bss.o)
 .debug_abbrev  0x00005428       0x14 /usr/local/Cellar/avr-gcc@8/8.5.0_1/lib/avr-gcc/8/gcc/avr/8.5.0/avr5/libgcc.a(_udivmodhi4.o)

.debug_line     0x00000000    0x11e45
 *(.debug_line .debug_line.* .debug_line_end)
 .debug_line    0x00000000       0x1d /usr/local/Cellar/avr-gcc@8/8.5.0_1/lib/avr-gcc/8/gcc/avr/8.5.0/../../../../../../avr/lib/avr5/crtatmega32u4.o
 .debug_line    0x0000001d      0x3eb .build/obj_kb_default/keyboards/kb/keymaps/default/keymap.o
 .debug_line    0x00000408      0xf14 .build/obj_kb_default/quantum/quantum.o
 .debug_line    0x0000131c      0x7f5 .build/obj_kb_default/quantum/keymap_common.o
 .debug_line    0x00001b11      0x295 .build/obj_kb_default/quantum/keycode_config.o
 .debug_line    0x00001da6      0x412 .build/obj_kb_default/quantum/process_keycode/process_leader.o
 .debug_line    0x000021b8      0x96b .build/obj_kb_default/quantum/matrix.o
 .debug_line    0x00002b23      0x3b0 .build/obj_kb_default/common/host.o
 .debug_line    0x00002ed3      0x52c .build/obj_kb_default/common/keyboard.o
 .debug_line    0x000033ff     0x1381 .build/obj_kb_default/common/action.o
 .debug_line    0x00004780      0xd26 .build/obj_kb_default/common/action_tapping.o
 .debug_line    0x000054a6      0x54f .build/obj_kb_default/common/action_macro.o
 .debug_line    0x000059f5      0xab6 .build/obj_kb_default/common/action_layer.o
 .debug_line    0x000064ab      0xc26 .build/obj_kb_default/common/action_util.o
 .debug_line    0x000070d1       0x81 .build/obj_kb_default/common/debug.o
 .debug_line    0x00007152      0x22e .build/obj_kb_default/common/eeconfig.o
 .debug_line    0x00007380      0x4c5 .build/obj_kb_default/common/avr/suspend.o
 .debug_line    0x00007845      0x52f .build/obj_kb_default/common/avr/timer.o
 .debug_line    0x00007d74      0x3a8 .build/obj_kb_default/common/avr/bootloader.o
 .debug_line    0x0000811c      0x9cd .build/obj_kb_default/common/bootmagic.o
 .debug_line    0x00008ae9      0xeeb .build/obj_kb_default/common/mousekey.o
 .debug_line    0x000099d4     0x1554 .build/obj_kb_default/lufa.o
 .debug_line    0x0000af28      0x3af .build/obj_kb_default/descriptor.o
 .debug_line    0x0000b2d7      0x2a7 .build/obj_kb_default/protocol/lufa/LUFA-git/LUFA/Drivers/USB/Core/AVR8/Device_AVR8.o
 .debug_line    0x0000b57e     0x3486 .build/obj_kb_default/protocol/lufa/LUFA-git/LUFA/Drivers/USB/Core/AVR8/EndpointStream_AVR8.o
 .debug_line    0x0000ea04      0xa90 .build/obj_kb_default/protocol/lufa/LUFA-git/LUFA/Drivers/USB/Core/AVR8/Endpoint_AVR8.o
 .debug_line    0x0000f494      0x71c .build/obj_kb_default/protocol/lufa/LUFA-git/LUFA/Drivers/USB/Core/AVR8/USBController_AVR8.o
 .debug_line    0x0000fbb0      0xe08 .build/obj_kb_default/protocol/lufa/LUFA-git/LUFA/Drivers/USB/Core/AVR8/USBInterrupt_AVR8.o
 .debug_line    0x000109b8      0xdd1 .build/obj_kb_default/protocol/lufa/LUFA-git/LUFA/Drivers/USB/Core/DeviceStandardReq.o
 .debug_line    0x00011789       0x79 .build/obj_kb_default/protocol/lufa/LUFA-git/LUFA/Drivers/USB/Core/Events.o
 .debug_line    0x00011802      0x2b9 .build/obj_kb_default/protocol/lufa/LUFA-git/LUFA/Drivers/USB/Core/USBTask.o
 .debug_line    0x00011abb       0xc7 /usr/local/Cellar/avr-gcc@8/8.5.0_1/lib/avr-gcc/8/gcc/avr/8.5.0/avr5/libgcc.a(_divmodhi4.o)
 .debug_line    0x00011b82       0x61 /usr/local/Cellar/avr-gcc@8/8.5.0_1/lib/avr-gcc/8/gcc/avr/8.5.0/avr5/libgcc.a(_exit.o)
 .debug_line    0x00011be3       0x79 /usr/local/Cellar/avr-gcc@8/8.5.0_1/lib/avr-gcc/8/gcc/avr/8.5.0/avr5/libgcc.a(_tablejump2.o)
 .debug_line    0x00011c5c       0x97 /usr/local/Cellar/avr-gcc@8/8.5.0_1/lib/avr-gcc/8/gcc/avr/8.5.0/avr5/libgcc.a(_copy_data.o)
 .debug_line    0x00011cf3       0x85 /usr/local/Cellar/avr-gcc@8/8.5.0_1/lib/avr-gcc/8/gcc/avr/8.5.0/avr5/libgcc.a(_clear_bss.o)
 .debug_line    0x00011d78       0xcd /usr/local/Cellar/avr-gcc@8/8.5.0_1/lib/avr-gcc/8/gcc/avr/8.5.0/avr5/libgcc.a(_udivmodhi4.o)

.debug_frame    0x00000000     0x1828
 *(.debug_frame)
 .debug_frame   0x00000000       0x6c .build/obj_kb_default/keyboards/kb/keymaps/default/keymap.o
 .debug_frame   0x0000006c      0x274 .build/obj_kb_default/quantum/quantum.o
 .debug_frame   0x000002e0       0x64 .build/obj_kb_default/quantum/keymap_common.o
 .debug_frame   0x00000344       0x24 .build/obj_kb_default/quantum/keycode_config.o
 .debug_frame   0x00000368       0x54 .build/obj_kb_default/quantum/process_keycode/process_leader.o
 .debug_frame   0x000003bc      0x16c .build/obj_kb_default/quantum/matrix.o
 .debug_frame   0x00000528       0xa4 .build/obj_kb_default/common/host.o
 .debug_frame   0x000005cc       0xac .build/obj_kb_default/common/keyboard.o
 .debug_frame   0x00000678      0x180 .build/obj_kb_default/common/action.o
 .debug_frame   0x000007f8       0xd0 .build/obj_kb_default/common/action_tapping.o
 .debug_frame   0x000008c8       0x44 .build/obj_kb_default/common/action_macro.o
 .debug_frame   0x0000090c      0x1d8 .build/obj_kb_default/common/action_layer.o
 .debug_frame   0x00000ae4      0x240 .build/obj_kb_default/common/action_util.o
 .debug_frame   0x00000d24       0xb4 .build/obj_kb_default/common/eeconfig.o
 .debug_frame   0x00000dd8       0x9c .build/obj_kb_default/common/avr/suspend.o
 .debug_frame   0x00000e74       0xb4 .build/obj_kb_default/common/avr/timer.o
 .debug_frame   0x00000f28       0x34 .build/obj_kb_default/common/avr/bootloader.o
 .debug_frame   0x00000f5c       0x84 .build/obj_kb_default/common/bootmagic.o
 .debug_frame   0x00000fe0       0x94 .build/obj_kb_default/common/mousekey.o
 .debug_frame   0x00001074      0x120 .build/obj_kb_default/lufa.o
 .debug_frame   0x00001194       0x24 .build/obj_kb_default/descriptor.o
 .debug_frame   0x000011b8       0x24 .build/obj_kb_default/protocol/lufa/LUFA-git/LUFA/Drivers/USB/Core/AVR8/Device_AVR8.o
 .debug_frame   0x000011dc      0x404 .build/obj_kb_default/protocol/lufa/LUFA-git/LUFA/Drivers/USB/Core/AVR8/EndpointStream_AVR8.o
 .debug_frame   0x000015e0       0x78 .build/obj_kb_default/protocol/lufa/LUFA-git/LUFA/Drivers/USB/Core/AVR8/Endpoint_AVR8.o
 .debug_frame   0x00001658       0x58 .build/obj_kb_default/protocol/lufa/LUFA-git/LUFA/Drivers/USB/Core/AVR8/USBController_AVR8.o
 .debug_frame   0x000016b0       0xec .build/obj_kb_default/protocol/lufa/LUFA-git/LUFA/Drivers/USB/Core/AVR8/USBInterrupt_AVR8.o
 .debug_frame   0x0000179c       0x3c .build/obj_kb_default/protocol/lufa/LUFA-git/LUFA/Drivers/USB/Core/DeviceStandardReq.o
 .debug_frame   0x000017d8       0x24 .build/obj_kb_default/protocol/lufa/LUFA-git/LUFA/Drivers/USB/Core/Events.o
 .debug_frame   0x000017fc       0x2c .build/obj_kb_default/protocol/lufa/LUFA-git/LUFA/Drivers/USB/Core/USBTask.o

.debug_str      0x00000000     0x47b7
 *(.debug_str)
 .debug_str     0x00000000      0x371 /usr/local/Cellar/avr-gcc@8/8.5.0_1/lib/avr-gcc/8/gcc/avr/8.5.0/../../../../../../avr/lib/avr5/crtatmega32u4.o
 .debug_str     0x00000371      0xa9f .build/obj_kb_default/keyboards/kb/keymaps/default/keymap.o
                                0xb4c (size before relaxing)
 .debug_str     0x00000e10      0x83d .build/obj_kb_default/quantum/quantum.o
                               0x137f (size before relaxing)
 .debug_str     0x0000164d      0x63f .build/obj_kb_default/quantum/keymap_common.o
                               0x164c (size before relaxing)
 .debug_str     0x00001c8c       0x19 .build/obj_kb_default/quantum/keycode_config.o
                                0x817 (size before relaxing)
 .debug_str     0x00001ca5       0x7a .build/obj_kb_default/quantum/process_keycode/process_leader.o
                                0xa62 (size before relaxing)
 .debug_str     0x00001d1f      0x175 .build/obj_kb_default/quantum/matrix.o
                                0x43a (size before relaxing)
 .debug_str     0x00001e94      0x11d .build/obj_kb_default/common/host.o
                                0x4a4 (size before relaxing)
 .debug_str     0x00001fb1      0x155 .build/obj_kb_default/common/keyboard.o
                                0x600 (size before relaxing)
 .debug_str     0x00002106      0x38f .build/obj_kb_default/common/action.o
                               0x14e7 (size before relaxing)
 .debug_str     0x00002495       0xe8 .build/obj_kb_default/common/action_tapping.o
                                0xba1 (size before relaxing)
 .debug_str     0x0000257d       0x76 .build/obj_kb_default/common/action_macro.o
                                0xa31 (size before relaxing)
 .debug_str     0x000025f3       0x80 .build/obj_kb_default/common/action_layer.o
                                0x523 (size before relaxing)
 .debug_str     0x00002673      0x184 .build/obj_kb_default/common/action_util.o
                                0x7a5 (size before relaxing)
 .debug_str     0x000027f7       0x1a .build/obj_kb_default/common/debug.o
                                0x1ec (size before relaxing)
 .debug_str     0x00002811       0xea .build/obj_kb_default/common/eeconfig.o
                                0x2d1 (size before relaxing)
 .debug_str     0x000028fb      0x169 .build/obj_kb_default/common/avr/suspend.o
                                0x558 (size before relaxing)
 .debug_str     0x00002a64       0x81 .build/obj_kb_default/common/avr/timer.o
                                0x24d (size before relaxing)
 .debug_str     0x00002ae5       0x69 .build/obj_kb_default/common/avr/bootloader.o
                                0x398 (size before relaxing)
 .debug_str     0x00002b4e       0x35 .build/obj_kb_default/common/bootmagic.o
                                0xb91 (size before relaxing)
 .debug_str     0x00002b83       0x78 .build/obj_kb_default/common/mousekey.o
                                0x7d5 (size before relaxing)
 .debug_str     0x00002bfb      0x444 .build/obj_kb_default/lufa.o
                                0xb04 (size before relaxing)
 .debug_str     0x0000303f      0x76e .build/obj_kb_default/descriptor.o
                                0xa7b (size before relaxing)
 .debug_str     0x000037ad       0x77 .build/obj_kb_default/protocol/lufa/LUFA-git/LUFA/Drivers/USB/Core/AVR8/Device_AVR8.o
                                0x301 (size before relaxing)
 .debug_str     0x00003824      0x4d5 .build/obj_kb_default/protocol/lufa/LUFA-git/LUFA/Drivers/USB/Core/AVR8/EndpointStream_AVR8.o
                                0x8f5 (size before relaxing)
 .debug_str     0x00003cf9      0x26d .build/obj_kb_default/protocol/lufa/LUFA-git/LUFA/Drivers/USB/Core/AVR8/Endpoint_AVR8.o
                                0x6b5 (size before relaxing)
 .debug_str     0x00003f66      0x19a .build/obj_kb_default/protocol/lufa/LUFA-git/LUFA/Drivers/USB/Core/AVR8/USBController_AVR8.o
                                0x5d9 (size before relaxing)
 .debug_str     0x00004100      0x15f .build/obj_kb_default/protocol/lufa/LUFA-git/LUFA/Drivers/USB/Core/AVR8/USBInterrupt_AVR8.o
                                0x6a9 (size before relaxing)
 .debug_str     0x0000425f      0x426 .build/obj_kb_default/protocol/lufa/LUFA-git/LUFA/Drivers/USB/Core/DeviceStandardReq.o
                                0xa09 (size before relaxing)
 .debug_str     0x00004685       0x50 .build/obj_kb_default/protocol/lufa/LUFA-git/LUFA/Drivers/USB/Core/Events.o
                                0x1d2 (size before relaxing)
 .debug_str     0x000046d5       0x5e .build/obj_kb_default/protocol/lufa/LUFA-git/LUFA/Drivers/USB/Core/USBTask.o
                                0x408 (size before relaxing)
 .debug_str     0x00004733       0x84 /usr/local/Cellar/avr-gcc@8/8.5.0_1/lib/avr-gcc/8/gcc/avr/8.5.0/avr5/libgcc.a(_divmodhi4.o)
 .debug_str     0x000047b7       0x84 /usr/local/Cellar/avr-gcc@8/8.5.0_1/lib/avr-gcc/8/gcc/avr/8.5.0/avr5/libgcc.a(_exit.o)
 .debug_str     0x000047b7       0x84 /usr/local/Cellar/avr-gcc@8/8.5.0_1/lib/avr-gcc/8/gcc/avr/8.5.0/avr5/libgcc.a(_tablejump2.o)
 .debug_str     0x000047b7       0x84 /usr/local/Cellar/avr-gcc@8/8.5.0_1/lib/avr-gcc/8/gcc/avr/8.5.0/avr5/libgcc.a(_copy_data.o)
 .debug_str     0x000047b7       0x84 /usr/local/Cellar/avr-gcc@8/8.5.0_1/lib/avr-gcc/8/gcc/avr/8.5.0/avr5/libgcc.a(_clear_bss.o)
 .debug_str     0x000047b7       0x84 /usr/local/Cellar/avr-gcc@8/8.5.0_1/lib/avr-gcc/8/gcc/avr/8.5.0/avr5/libgcc.a(_udivmodhi4.o)

.debug_loc      0x00000000     0x8df6
 *(.debug_loc)
 .debug_loc     0x00000000       0xc2 .build/obj_kb_default/keyboards/kb/keymaps/default/keymap.o
 .debug_loc     0x000000c2      0xa76 .build/obj_kb_default/quantum/quantum.o
 .debug_loc     0x00000b38      0x55c .build/obj_kb_default/quantum/keymap_common.o
 .debug_loc     0x00001094      0x17e .build/obj_kb_default/quantum/keycode_config.o
 .debug_loc     0x00001212       0xf8 .build/obj_kb_default/quantum/process_keycode/process_leader.o
 .debug_loc     0x0000130a      0x62b .build/obj_kb_default/quantum/matrix.o
 .debug_loc     0x00001935       0xf0 .build/obj_kb_default/common/host.o
 .debug_loc     0x00001a25      0x20a .build/obj_kb_default/common/keyboard.o
 .debug_loc     0x00001c2f      0xb44 .build/obj_kb_default/common/action.o
 .debug_loc     0x00002773      0x694 .build/obj_kb_default/common/action_tapping.o
 .debug_loc     0x00002e07      0x583 .build/obj_kb_default/common/action_macro.o
 .debug_loc     0x0000338a      0x9cd .build/obj_kb_default/common/action_layer.o
 .debug_loc     0x00003d57      0x3ab .build/obj_kb_default/common/action_util.o
 .debug_loc     0x00004102       0x96 .build/obj_kb_default/common/eeconfig.o
 .debug_loc     0x00004198       0xc9 .build/obj_kb_default/common/avr/suspend.o
 .debug_loc     0x00004261      0x35b .build/obj_kb_default/common/avr/timer.o
 .debug_loc     0x000045bc       0x4e .build/obj_kb_default/common/avr/bootloader.o
 .debug_loc     0x0000460a      0x318 .build/obj_kb_default/common/bootmagic.o
 .debug_loc     0x00004922      0x493 .build/obj_kb_default/common/mousekey.o
 .debug_loc     0x00004db5      0x809 .build/obj_kb_default/lufa.o
 .debug_loc     0x000055be      0x2d9 .build/obj_kb_default/descriptor.o
 .debug_loc     0x00005897     0x274e .build/obj_kb_default/protocol/lufa/LUFA-git/LUFA/Drivers/USB/Core/AVR8/EndpointStream_AVR8.o
 .debug_loc     0x00007fe5      0x4a0 .build/obj_kb_default/protocol/lufa/LUFA-git/LUFA/Drivers/USB/Core/AVR8/Endpoint_AVR8.o
 .debug_loc     0x00008485       0xf9 .build/obj_kb_default/protocol/lufa/LUFA-git/LUFA/Drivers/USB/Core/AVR8/USBController_AVR8.o
 .debug_loc     0x0000857e      0x492 .build/obj_kb_default/protocol/lufa/LUFA-git/LUFA/Drivers/USB/Core/AVR8/USBInterrupt_AVR8.o
 .debug_loc     0x00008a10      0x384 .build/obj_kb_default/protocol/lufa/LUFA-git/LUFA/Drivers/USB/Core/DeviceStandardReq.o
 .debug_loc     0x00008d94       0x62 .build/obj_kb_default/protocol/lufa/LUFA-git/LUFA/Drivers/USB/Core/USBTask.o

.debug_macinfo
 *(.debug_macinfo)

.debug_weaknames
 *(.debug_weaknames)

.debug_funcnames
 *(.debug_funcnames)

.debug_typenames
 *(.debug_typenames)

.debug_varnames
 *(.debug_varnames)

.debug_pubtypes
 *(.debug_pubtypes)

.debug_ranges   0x00000000     0x12e8
 *(.debug_ranges)
 .debug_ranges  0x00000000       0x28 .build/obj_kb_default/keyboards/kb/keymaps/default/keymap.o
 .debug_ranges  0x00000028      0x100 .build/obj_kb_default/quantum/quantum.o
 .debug_ranges  0x00000128       0x30 .build/obj_kb_default/quantum/keymap_common.o
 .debug_ranges  0x00000158       0x10 .build/obj_kb_default/quantum/keycode_config.o
 .debug_ranges  0x00000168       0x18 .build/obj_kb_default/quantum/process_keycode/process_leader.o
 .debug_ranges  0x00000180      0x180 .build/obj_kb_default/quantum/matrix.o
 .debug_ranges  0x00000300       0x50 .build/obj_kb_default/common/host.o
 .debug_ranges  0x00000350       0x90 .build/obj_kb_default/common/keyboard.o
 .debug_ranges  0x000003e0       0xb8 .build/obj_kb_default/common/action.o
 .debug_ranges  0x00000498       0xe8 .build/obj_kb_default/common/action_tapping.o
 .debug_ranges  0x00000580       0x88 .build/obj_kb_default/common/action_macro.o
 .debug_ranges  0x00000608      0x210 .build/obj_kb_default/common/action_layer.o
 .debug_ranges  0x00000818      0x178 .build/obj_kb_default/common/action_util.o
 .debug_ranges  0x00000990       0x58 .build/obj_kb_default/common/eeconfig.o
 .debug_ranges  0x000009e8       0x80 .build/obj_kb_default/common/avr/suspend.o
 .debug_ranges  0x00000a68       0x40 .build/obj_kb_default/common/avr/timer.o
 .debug_ranges  0x00000aa8       0x48 .build/obj_kb_default/common/avr/bootloader.o
 .debug_ranges  0x00000af0       0x90 .build/obj_kb_default/common/bootmagic.o
 .debug_ranges  0x00000b80       0x40 .build/obj_kb_default/common/mousekey.o
 .debug_ranges  0x00000bc0      0x250 .build/obj_kb_default/lufa.o
 .debug_ranges  0x00000e10       0x28 .build/obj_kb_default/descriptor.o
 .debug_ranges  0x00000e38       0x10 .build/obj_kb_default/protocol/lufa/LUFA-git/LUFA/Drivers/USB/Core/AVR8/Device_AVR8.o
 .debug_ranges  0x00000e48      0x1f8 .build/obj_kb_default/protocol/lufa/LUFA-git/LUFA/Drivers/USB/Core/AVR8/EndpointStream_AVR8.o
 .debug_ranges  0x00001040       0xd8 .build/obj_kb_default/protocol/lufa/LUFA-git/LUFA/Drivers/USB/Core/AVR8/Endpoint_AVR8.o
 .debug_ranges  0x00001118       0x50 .build/obj_kb_default/protocol/lufa/LUFA-git/LUFA/Drivers/USB/Core/AVR8/USBController_AVR8.o
 .debug_ranges  0x00001168       0x70 .build/obj_kb_default/protocol/lufa/LUFA-git/LUFA/Drivers/USB/Core/AVR8/USBInterrupt_AVR8.o
 .debug_ranges  0x000011d8       0xf0 .build/obj_kb_default/protocol/lufa/LUFA-git/LUFA/Drivers/USB/Core/DeviceStandardReq.o
 .debug_ranges  0x000012c8       0x10 .build/obj_kb_default/protocol/lufa/LUFA-git/LUFA/Drivers/USB/Core/Events.o
 .debug_ranges  0x000012d8       0x10 .build/obj_kb_default/protocol/lufa/LUFA-git/LUFA/Drivers/USB/Core/USBTask.o

.debug_addr
 *(.debug_addr)

.debug_line_str
 *(.debug_line_str)

.debug_loclists
 *(.debug_loclists)

.debug_macro
 *(.debug_macro)

.debug_names
 *(.debug_names)

.debug_rnglists
 *(.debug_rnglists)

.debug_str_offsets
 *(.debug_str_offsets)

.debug_sup
 *(.debug_sup)
OUTPUT(.build/kb_default.elf elf32-avr)
LOAD linker stubs

Cross Reference Table

Symbol                                            File
CALLBACK_HIDParser_FilterHIDReportItem            .build/obj_kb_default/protocol/lufa/LUFA-git/LUFA/Drivers/USB/Class/Common/HIDParser.o
CALLBACK_USB_GetDescriptor                        .build/obj_kb_default/descriptor.o
                                                  .build/obj_kb_default/protocol/lufa/LUFA-git/LUFA/Drivers/USB/Core/DeviceStandardReq.o
ConfigurationDescriptor                           .build/obj_kb_default/descriptor.o
DeviceDescriptor                                  .build/obj_kb_default/descriptor.o
EVENT_USB_Device_ConfigurationChanged             .build/obj_kb_default/lufa.o
                                                  .build/obj_kb_default/protocol/lufa/LUFA-git/LUFA/Drivers/USB/Core/DeviceStandardReq.o
EVENT_USB_Device_Connect                          .build/obj_kb_default/lufa.o
                                                  .build/obj_kb_default/protocol/lufa/LUFA-git/LUFA/Drivers/USB/Core/AVR8/USBInterrupt_AVR8.o
EVENT_USB_Device_ControlRequest                   .build/obj_kb_default/lufa.o
                                                  .build/obj_kb_default/protocol/lufa/LUFA-git/LUFA/Drivers/USB/Core/DeviceStandardReq.o
EVENT_USB_Device_Disconnect                       .build/obj_kb_default/lufa.o
                                                  .build/obj_kb_default/protocol/lufa/LUFA-git/LUFA/Drivers/USB/Core/AVR8/USBInterrupt_AVR8.o
EVENT_USB_Device_Reset                            .build/obj_kb_default/lufa.o
                                                  .build/obj_kb_default/protocol/lufa/LUFA-git/LUFA/Drivers/USB/Core/AVR8/USBInterrupt_AVR8.o
EVENT_USB_Device_StartOfFrame                     .build/obj_kb_default/protocol/lufa/LUFA-git/LUFA/Drivers/USB/Core/Events.o
                                                  .build/obj_kb_default/protocol/lufa/LUFA-git/LUFA/Drivers/USB/Core/AVR8/USBInterrupt_AVR8.o
EVENT_USB_Device_Suspend                          .build/obj_kb_default/lufa.o
                                                  .build/obj_kb_default/protocol/lufa/LUFA-git/LUFA/Drivers/USB/Core/AVR8/USBInterrupt_AVR8.o
EVENT_USB_Device_WakeUp                           .build/obj_kb_default/lufa.o
                                                  .build/obj_kb_default/protocol/lufa/LUFA-git/LUFA/Drivers/USB/Core/AVR8/USBInterrupt_AVR8.o
Endpoint_ClearEndpoints                           .build/obj_kb_default/protocol/lufa/LUFA-git/LUFA/Drivers/USB/Core/AVR8/Endpoint_AVR8.o
Endpoint_ClearStatusStage                         .build/obj_kb_default/protocol/lufa/LUFA-git/LUFA/Drivers/USB/Core/AVR8/Endpoint_AVR8.o
                                                  .build/obj_kb_default/protocol/lufa/LUFA-git/LUFA/Drivers/USB/Core/DeviceStandardReq.o
                                                  .build/obj_kb_default/lufa.o
Endpoint_ConfigureEndpointTable                   .build/obj_kb_default/protocol/lufa/LUFA-git/LUFA/Drivers/USB/Core/AVR8/Endpoint_AVR8.o
Endpoint_ConfigureEndpoint_Prv                    .build/obj_kb_default/protocol/lufa/LUFA-git/LUFA/Drivers/USB/Core/AVR8/Endpoint_AVR8.o
                                                  .build/obj_kb_default/protocol/lufa/LUFA-git/LUFA/Drivers/USB/Core/AVR8/USBInterrupt_AVR8.o
                                                  .build/obj_kb_default/protocol/lufa/LUFA-git/LUFA/Drivers/USB/Core/AVR8/USBController_AVR8.o
                                                  .build/obj_kb_default/lufa.o
Endpoint_Discard_Stream                           .build/obj_kb_default/protocol/lufa/LUFA-git/LUFA/Drivers/USB/Core/AVR8/EndpointStream_AVR8.o
Endpoint_Null_Stream                              .build/obj_kb_default/protocol/lufa/LUFA-git/LUFA/Drivers/USB/Core/AVR8/EndpointStream_AVR8.o
Endpoint_Read_Control_EStream_BE                  .build/obj_kb_default/protocol/lufa/LUFA-git/LUFA/Drivers/USB/Core/AVR8/EndpointStream_AVR8.o
Endpoint_Read_Control_EStream_LE                  .build/obj_kb_default/protocol/lufa/LUFA-git/LUFA/Drivers/USB/Core/AVR8/EndpointStream_AVR8.o
Endpoint_Read_Control_Stream_BE                   .build/obj_kb_default/protocol/lufa/LUFA-git/LUFA/Drivers/USB/Core/AVR8/EndpointStream_AVR8.o
Endpoint_Read_Control_Stream_LE                   .build/obj_kb_default/protocol/lufa/LUFA-git/LUFA/Drivers/USB/Core/AVR8/EndpointStream_AVR8.o
Endpoint_Read_EStream_BE                          .build/obj_kb_default/protocol/lufa/LUFA-git/LUFA/Drivers/USB/Core/AVR8/EndpointStream_AVR8.o
Endpoint_Read_EStream_LE                          .build/obj_kb_default/protocol/lufa/LUFA-git/LUFA/Drivers/USB/Core/AVR8/EndpointStream_AVR8.o
Endpoint_Read_Stream_BE                           .build/obj_kb_default/protocol/lufa/LUFA-git/LUFA/Drivers/USB/Core/AVR8/EndpointStream_AVR8.o
Endpoint_Read_Stream_LE                           .build/obj_kb_default/protocol/lufa/LUFA-git/LUFA/Drivers/USB/Core/AVR8/EndpointStream_AVR8.o
Endpoint_WaitUntilReady                           .build/obj_kb_default/protocol/lufa/LUFA-git/LUFA/Drivers/USB/Core/AVR8/Endpoint_AVR8.o
                                                  .build/obj_kb_default/protocol/lufa/LUFA-git/LUFA/Drivers/USB/Core/AVR8/EndpointStream_AVR8.o
Endpoint_Write_Control_EStream_BE                 .build/obj_kb_default/protocol/lufa/LUFA-git/LUFA/Drivers/USB/Core/AVR8/EndpointStream_AVR8.o
Endpoint_Write_Control_EStream_LE                 .build/obj_kb_default/protocol/lufa/LUFA-git/LUFA/Drivers/USB/Core/AVR8/EndpointStream_AVR8.o
Endpoint_Write_Control_PStream_BE                 .build/obj_kb_default/protocol/lufa/LUFA-git/LUFA/Drivers/USB/Core/AVR8/EndpointStream_AVR8.o
Endpoint_Write_Control_PStream_LE                 .build/obj_kb_default/protocol/lufa/LUFA-git/LUFA/Drivers/USB/Core/AVR8/EndpointStream_AVR8.o
                                                  .build/obj_kb_default/protocol/lufa/LUFA-git/LUFA/Drivers/USB/Core/DeviceStandardReq.o
Endpoint_Write_Control_Stream_BE                  .build/obj_kb_default/protocol/lufa/LUFA-git/LUFA/Drivers/USB/Core/AVR8/EndpointStream_AVR8.o
Endpoint_Write_Control_Stream_LE                  .build/obj_kb_default/protocol/lufa/LUFA-git/LUFA/Drivers/USB/Core/AVR8/EndpointStream_AVR8.o
                                                  .build/obj_kb_default/protocol/lufa/LUFA-git/LUFA/Drivers/USB/Core/DeviceStandardReq.o
                                                  .build/obj_kb_default/lufa.o
Endpoint_Write_EStream_BE                         .build/obj_kb_default/protocol/lufa/LUFA-git/LUFA/Drivers/USB/Core/AVR8/EndpointStream_AVR8.o
Endpoint_Write_EStream_LE                         .build/obj_kb_default/protocol/lufa/LUFA-git/LUFA/Drivers/USB/Core/AVR8/EndpointStream_AVR8.o
Endpoint_Write_PStream_BE                         .build/obj_kb_default/protocol/lufa/LUFA-git/LUFA/Drivers/USB/Core/AVR8/EndpointStream_AVR8.o
Endpoint_Write_PStream_LE                         .build/obj_kb_default/protocol/lufa/LUFA-git/LUFA/Drivers/USB/Core/AVR8/EndpointStream_AVR8.o
Endpoint_Write_Stream_BE                          .build/obj_kb_default/protocol/lufa/LUFA-git/LUFA/Drivers/USB/Core/AVR8/EndpointStream_AVR8.o
Endpoint_Write_Stream_LE                          .build/obj_kb_default/protocol/lufa/LUFA-git/LUFA/Drivers/USB/Core/AVR8/EndpointStream_AVR8.o
                                                  .build/obj_kb_default/lufa.o
ExtrakeyReport                                    .build/obj_kb_default/descriptor.o
KeyboardReport                                    .build/obj_kb_default/descriptor.o
LanguageString                                    .build/obj_kb_default/descriptor.o
ManufacturerString                                .build/obj_kb_default/descriptor.o
MouseReport                                       .build/obj_kb_default/descriptor.o
NKROReport                                        .build/obj_kb_default/descriptor.o
ProductString                                     .build/obj_kb_default/descriptor.o
USB_ControlRequest                                .build/obj_kb_default/protocol/lufa/LUFA-git/LUFA/Drivers/USB/Core/USBTask.o
                                                  .build/obj_kb_default/protocol/lufa/LUFA-git/LUFA/Drivers/USB/Core/DeviceStandardReq.o
                                                  .build/obj_kb_default/protocol/lufa/LUFA-git/LUFA/Drivers/USB/Core/AVR8/Endpoint_AVR8.o
                                                  .build/obj_kb_default/protocol/lufa/LUFA-git/LUFA/Drivers/USB/Core/AVR8/EndpointStream_AVR8.o
                                                  .build/obj_kb_default/lufa.o
USB_DeviceState                                   .build/obj_kb_default/protocol/lufa/LUFA-git/LUFA/Drivers/USB/Core/USBTask.o
                                                  .build/obj_kb_default/protocol/lufa/LUFA-git/LUFA/Drivers/USB/Core/DeviceStandardReq.o
                                                  .build/obj_kb_default/protocol/lufa/LUFA-git/LUFA/Drivers/USB/Core/AVR8/USBInterrupt_AVR8.o