Archive member included to satisfy reference by file (symbol)

/Users/rosco/Development/rosco-m68k/rosco_m68k/code/software/libs/build/lib/libprintf.a(printf-nofloat.o)
                              kmain.o (printf_)
/Users/rosco/Development/rosco-m68k/rosco_m68k/code/software/libs/build/lib/libprintf.a(putchar.o)
                              /Users/rosco/Development/rosco-m68k/rosco_m68k/code/software/libs/build/lib/libprintf.a(printf-nofloat.o) (_putchar)
/Users/rosco/Development/rosco-m68k/rosco_m68k/code/software/libs/build/lib/libmachine.a(machine.o)
                              kmain.o (mcSendDevice)
/Users/rosco/Development/rosco-m68k/rosco_m68k/code/software/libs/build/lib/libstart_serial.a(init.o)
                              (_start)
/Users/rosco/Development/rosco-m68k/rosco_m68k/code/software/libs/build/lib/libstart_serial.a(kinit.o)
                              /Users/rosco/Development/rosco-m68k/rosco_m68k/code/software/libs/build/lib/libstart_serial.a(init.o) (__kinit)
/usr/local/Cellar/gcc-cross-m68k@11/11.2.0/lib/gcc/m68k-elf/11.2.0/m68000//libgcc.a(_udivsi3.o)
                              /Users/rosco/Development/rosco-m68k/rosco_m68k/code/software/libs/build/lib/libprintf.a(printf-nofloat.o) (__udivsi3)
/usr/local/Cellar/gcc-cross-m68k@11/11.2.0/lib/gcc/m68k-elf/11.2.0/m68000//libgcc.a(_umodsi3.o)
                              /Users/rosco/Development/rosco-m68k/rosco_m68k/code/software/libs/build/lib/libprintf.a(printf-nofloat.o) (__umodsi3)
/usr/local/Cellar/gcc-cross-m68k@11/11.2.0/lib/gcc/m68k-elf/11.2.0/m68000//libgcc.a(_mulsi3.o)
                              /usr/local/Cellar/gcc-cross-m68k@11/11.2.0/lib/gcc/m68k-elf/11.2.0/m68000//libgcc.a(_umodsi3.o) (__mulsi3)

Discarded input sections

 .text          0x0000000000000000        0x0 kmain.o
 .data          0x0000000000000000        0x0 kmain.o
 .bss           0x0000000000000000        0x0 kmain.o
 .text          0x0000000000000000       0x90 buffer.o
 .text          0x0000000000000000      0x128 interrupt.o
 .bss           0x0000000000000000       0x62 interrupt.o
 .text          0x0000000000000000        0x0 /Users/rosco/Development/rosco-m68k/rosco_m68k/code/software/libs/build/lib/libprintf.a(printf-nofloat.o)
 .data          0x0000000000000000        0x0 /Users/rosco/Development/rosco-m68k/rosco_m68k/code/software/libs/build/lib/libprintf.a(printf-nofloat.o)
 .bss           0x0000000000000000        0x0 /Users/rosco/Development/rosco-m68k/rosco_m68k/code/software/libs/build/lib/libprintf.a(printf-nofloat.o)
 .text._out_buffer
                0x0000000000000000       0x18 /Users/rosco/Development/rosco-m68k/rosco_m68k/code/software/libs/build/lib/libprintf.a(printf-nofloat.o)
 .text._out_fct
                0x0000000000000000       0x20 /Users/rosco/Development/rosco-m68k/rosco_m68k/code/software/libs/build/lib/libprintf.a(printf-nofloat.o)
 .text.sprintf_
                0x0000000000000000       0x28 /Users/rosco/Development/rosco-m68k/rosco_m68k/code/software/libs/build/lib/libprintf.a(printf-nofloat.o)
 .text.snprintf_
                0x0000000000000000       0x28 /Users/rosco/Development/rosco-m68k/rosco_m68k/code/software/libs/build/lib/libprintf.a(printf-nofloat.o)
 .text.vprintf_
                0x0000000000000000       0x28 /Users/rosco/Development/rosco-m68k/rosco_m68k/code/software/libs/build/lib/libprintf.a(printf-nofloat.o)
 .text.vsnprintf_
                0x0000000000000000       0x22 /Users/rosco/Development/rosco-m68k/rosco_m68k/code/software/libs/build/lib/libprintf.a(printf-nofloat.o)
 .text.fctprintf
                0x0000000000000000       0x34 /Users/rosco/Development/rosco-m68k/rosco_m68k/code/software/libs/build/lib/libprintf.a(printf-nofloat.o)
 .text          0x0000000000000000        0x0 /Users/rosco/Development/rosco-m68k/rosco_m68k/code/software/libs/build/lib/libprintf.a(putchar.o)
 .data          0x0000000000000000        0x0 /Users/rosco/Development/rosco-m68k/rosco_m68k/code/software/libs/build/lib/libprintf.a(putchar.o)
 .bss           0x0000000000000000        0x0 /Users/rosco/Development/rosco-m68k/rosco_m68k/code/software/libs/build/lib/libprintf.a(putchar.o)
 .text.mcPrintln
                0x0000000000000000       0x12 /Users/rosco/Development/rosco-m68k/rosco_m68k/code/software/libs/build/lib/libmachine.a(machine.o)
 .text.mcSetcursor
                0x0000000000000000        0xe /Users/rosco/Development/rosco-m68k/rosco_m68k/code/software/libs/build/lib/libmachine.a(machine.o)
 .text.mcSendchar
                0x0000000000000000       0x12 /Users/rosco/Development/rosco-m68k/rosco_m68k/code/software/libs/build/lib/libmachine.a(machine.o)
 .text.mcReadchar
                0x0000000000000000        0xa /Users/rosco/Development/rosco-m68k/rosco_m68k/code/software/libs/build/lib/libmachine.a(machine.o)
 .text.mcCheckchar
                0x0000000000000000        0xe /Users/rosco/Development/rosco-m68k/rosco_m68k/code/software/libs/build/lib/libmachine.a(machine.o)
 .text.mcBusywait
                0x0000000000000000        0xc /Users/rosco/Development/rosco-m68k/rosco_m68k/code/software/libs/build/lib/libmachine.a(machine.o)
 .text.mcDelaymsec10
                0x0000000000000000       0x10 /Users/rosco/Development/rosco-m68k/rosco_m68k/code/software/libs/build/lib/libmachine.a(machine.o)
 .text.mcDisableInterrupts
                0x0000000000000000        0xe /Users/rosco/Development/rosco-m68k/rosco_m68k/code/software/libs/build/lib/libmachine.a(machine.o)
 .text.mcEnableInterrupts
                0x0000000000000000       0x1e /Users/rosco/Development/rosco-m68k/rosco_m68k/code/software/libs/build/lib/libmachine.a(machine.o)
 .text.mcHalt   0x0000000000000000        0x6 /Users/rosco/Development/rosco-m68k/rosco_m68k/code/software/libs/build/lib/libmachine.a(machine.o)
 .text.mcAddDevice
                0x0000000000000000        0xe /Users/rosco/Development/rosco-m68k/rosco_m68k/code/software/libs/build/lib/libmachine.a(machine.o)
 .text.mcDeviceCtrl
                0x0000000000000000       0x32 /Users/rosco/Development/rosco-m68k/rosco_m68k/code/software/libs/build/lib/libmachine.a(machine.o)
 .text          0x0000000000000000        0x0 /Users/rosco/Development/rosco-m68k/rosco_m68k/code/software/libs/build/lib/libstart_serial.a(kinit.o)
 .data          0x0000000000000000        0x0 /Users/rosco/Development/rosco-m68k/rosco_m68k/code/software/libs/build/lib/libstart_serial.a(kinit.o)
 .bss           0x0000000000000000        0x0 /Users/rosco/Development/rosco-m68k/rosco_m68k/code/software/libs/build/lib/libstart_serial.a(kinit.o)
 .text.__cxa_atexit
                0x0000000000000000       0x4c /Users/rosco/Development/rosco-m68k/rosco_m68k/code/software/libs/build/lib/libstart_serial.a(kinit.o)
 .bss.__dso_handle
                0x0000000000000000        0x4 /Users/rosco/Development/rosco-m68k/rosco_m68k/code/software/libs/build/lib/libstart_serial.a(kinit.o)
 .data          0x0000000000000000        0x0 /usr/local/Cellar/gcc-cross-m68k@11/11.2.0/lib/gcc/m68k-elf/11.2.0/m68000//libgcc.a(_udivsi3.o)
 .bss           0x0000000000000000        0x0 /usr/local/Cellar/gcc-cross-m68k@11/11.2.0/lib/gcc/m68k-elf/11.2.0/m68000//libgcc.a(_udivsi3.o)
 .data          0x0000000000000000        0x0 /usr/local/Cellar/gcc-cross-m68k@11/11.2.0/lib/gcc/m68k-elf/11.2.0/m68000//libgcc.a(_umodsi3.o)
 .bss           0x0000000000000000        0x0 /usr/local/Cellar/gcc-cross-m68k@11/11.2.0/lib/gcc/m68k-elf/11.2.0/m68000//libgcc.a(_umodsi3.o)
 .data          0x0000000000000000        0x0 /usr/local/Cellar/gcc-cross-m68k@11/11.2.0/lib/gcc/m68k-elf/11.2.0/m68000//libgcc.a(_mulsi3.o)
 .bss           0x0000000000000000        0x0 /usr/local/Cellar/gcc-cross-m68k@11/11.2.0/lib/gcc/m68k-elf/11.2.0/m68000//libgcc.a(_mulsi3.o)

Memory Configuration

Name             Origin             Length             Attributes
RAM              0x0000000000000000 0x0000000000100000
EXP_RAM          0x0000000000100000 0x0000000000d00000
ROM              0x0000000000e00000 0x0000000000100000
IO_SPACE         0x0000000000f00000 0x0000000000100000
*default*        0x0000000000000000 0xffffffffffffffff

Linker script and memory map

                [!provide]                        PROVIDE (_STACK_SIZE = 0x4000)
                [!provide]                        PROVIDE (_INITIAL_STACK = 0x0)
                [!provide]                        PROVIDE (_WARM_BOOT = 0x4)
                [!provide]                        PROVIDE (_MFP_VECTORS = 0x100)
                [!provide]                        PROVIDE (_SDB = 0x400)
                [!provide]                        PROVIDE (_SDB_MAGIC = 0x400)
                [!provide]                        PROVIDE (_SDB_STATUS = 0x404)
                [!provide]                        PROVIDE (_SDB_RSRVD_408 = 0x408)
                0x000000000000040c                PROVIDE (_TIMER_100HZ = 0x40c)
                [!provide]                        PROVIDE (_EASY68K_ECHOON = 0x410)
                [!provide]                        PROVIDE (_EASY68K_PROMPT = 0x411)
                [!provide]                        PROVIDE (_EASY68K_SHOWLF = 0x412)
                [!provide]                        PROVIDE (_SDB_RSRVD_413 = 0x413)
                [!provide]                        PROVIDE (_SDB_MEM_SIZE = 0x414)
                [!provide]                        PROVIDE (_SDB_UART_BASE = 0x418)
                [!provide]                        PROVIDE (_SDB_CPU_INFO = 0x41c)
                [!provide]                        PROVIDE (_EFP_TABLE = 0x420)
                [!provide]                        PROVIDE (_EFP_PRINT = 0x420)
                [!provide]                        PROVIDE (_EFP_PRINTLN = 0x424)
                [!provide]                        PROVIDE (_EFP_PRINTCHAR = 0x428)
                [!provide]                        PROVIDE (_EFP_HALT = 0x42c)
                [!provide]                        PROVIDE (_EFP_SENDCHAR = 0x430)
                [!provide]                        PROVIDE (_EFP_RECVCHAR = 0x434)
                [!provide]                        PROVIDE (_EFP_CLRSCR = 0x438)
                [!provide]                        PROVIDE (_EFP_MOVEXY = 0x43c)
                [!provide]                        PROVIDE (_EFP_SETCURSOR = 0x440)
                [!provide]                        PROVIDE (_EFP_CHECKCHAR = 0x444)
                [!provide]                        PROVIDE (_EFP_PROGLOADER = 0x448)
                [!provide]                        PROVIDE (_EFP_SD_INIT = 0x44c)
                [!provide]                        PROVIDE (_EFP_SD_READ = 0x450)
                [!provide]                        PROVIDE (_EFP_SD_WRITE = 0x454)
                [!provide]                        PROVIDE (_EFP_SD_REG = 0x458)
                [!provide]                        PROVIDE (_EFP_SPI_INIT = 0x45c)
                [!provide]                        PROVIDE (_EFP_SPI_CS_A = 0x460)
                [!provide]                        PROVIDE (_EFP_SPI_CS_D = 0x464)
                [!provide]                        PROVIDE (_EFP_SPI_XFER_B = 0x468)
                [!provide]                        PROVIDE (_EFP_SPI_XFER_M = 0x46c)
                [!provide]                        PROVIDE (_EFP_SPI_RECV_B = 0x470)
                [!provide]                        PROVIDE (_EFP_SPI_RECV_M = 0x474)
                [!provide]                        PROVIDE (_EFP_SPI_SEND_B = 0x478)
                [!provide]                        PROVIDE (_EFP_SPI_SEND_M = 0x47c)
                [!provide]                        PROVIDE (_EFP_ATA_INIT = 0x480)
                [!provide]                        PROVIDE (_EFP_ATA_READ = 0x484)
                [!provide]                        PROVIDE (_EFP_ATA_WRITE = 0x488)
                [!provide]                        PROVIDE (_EFP_ATA_IDENT = 0x48c)
                [!provide]                        PROVIDE (_FIRMWARE = 0xe00000)
                [!provide]                        PROVIDE (_FIRMWARE_REV = 0xe00400)
                0x0000000000040000                PROVIDE (_LOAD_ADDRESS = 0x40000)
                0x0000000000002000                PROVIDE (_RUN_ADDRESS = 0x2000)

.text.init      0x0000000000002000       0x22 load address 0x0000000000040000
                0x0000000000002000                _init = .
 *(.init)
 .init          0x0000000000002000       0x22 /Users/rosco/Development/rosco-m68k/rosco_m68k/code/software/libs/build/lib/libstart_serial.a(init.o)
                0x0000000000002022                _init_end = .

.text.postinit  0x0000000000002024       0xa0 load address 0x0000000000040024
                0x0000000000002024                _postinit = .
 *(.postinit)
 .postinit      0x0000000000002024       0xa0 /Users/rosco/Development/rosco-m68k/rosco_m68k/code/software/libs/build/lib/libstart_serial.a(init.o)
                0x000000000000203e                _start
                0x0000000000002080                CALL_CTORS
                0x00000000000020a2                CALL_DTORS
                0x00000000000020c4                . = ALIGN (0x4)
                0x00000000000020c4                _postinit_end = .

.text           0x00000000000020c4     0x134e load address 0x00000000000400c4
                0x00000000000020c4                _code = .
 *(.text*)
 .text.tryGetChar
                0x00000000000020c4       0x54 kmain.o
                0x00000000000020c4                tryGetChar
 .text.detectKeyboard
                0x0000000000002118      0x2b8 kmain.o
                0x0000000000002118                detectKeyboard
 .text.kmain    0x00000000000023d0      0x124 kmain.o
                0x00000000000023d0                kmain
 .text._out_null
                0x00000000000024f4        0x2 /Users/rosco/Development/rosco-m68k/rosco_m68k/code/software/libs/build/lib/libprintf.a(printf-nofloat.o)
 .text._ntoa_long
                0x00000000000024f6      0x488 /Users/rosco/Development/rosco-m68k/rosco_m68k/code/software/libs/build/lib/libprintf.a(printf-nofloat.o)
 .text._out_char
                0x000000000000297e       0x18 /Users/rosco/Development/rosco-m68k/rosco_m68k/code/software/libs/build/lib/libprintf.a(printf-nofloat.o)
 .text._vsnprintf
                0x0000000000002996      0x7a8 /Users/rosco/Development/rosco-m68k/rosco_m68k/code/software/libs/build/lib/libprintf.a(printf-nofloat.o)
 .text.printf_  0x000000000000313e       0x28 /Users/rosco/Development/rosco-m68k/rosco_m68k/code/software/libs/build/lib/libprintf.a(printf-nofloat.o)
                0x000000000000313e                printf_
 .text._putchar
                0x0000000000003166       0x42 /Users/rosco/Development/rosco-m68k/rosco_m68k/code/software/libs/build/lib/libprintf.a(putchar.o)
                0x0000000000003166                _putchar
 .text.mcPrint  0x00000000000031a8       0x12 /Users/rosco/Development/rosco-m68k/rosco_m68k/code/software/libs/build/lib/libmachine.a(machine.o)
                0x00000000000031a8                mcPrint
 .text.mcPrintchar
                0x00000000000031ba       0x12 /Users/rosco/Development/rosco-m68k/rosco_m68k/code/software/libs/build/lib/libmachine.a(machine.o)
                0x00000000000031ba                mcPrintchar
 .text.mcCheckDeviceSupport
                0x00000000000031cc       0x16 /Users/rosco/Development/rosco-m68k/rosco_m68k/code/software/libs/build/lib/libmachine.a(machine.o)
                0x00000000000031cc                mcCheckDeviceSupport
 .text.mcGetDeviceCount
                0x00000000000031e2        0xa /Users/rosco/Development/rosco-m68k/rosco_m68k/code/software/libs/build/lib/libmachine.a(machine.o)
                0x00000000000031e2                mcGetDeviceCount
 .text.mcGetDevice
                0x00000000000031ec       0x12 /Users/rosco/Development/rosco-m68k/rosco_m68k/code/software/libs/build/lib/libmachine.a(machine.o)
                0x00000000000031ec                mcGetDevice
 .text.mcCheckDevice
                0x00000000000031fe        0xe /Users/rosco/Development/rosco-m68k/rosco_m68k/code/software/libs/build/lib/libmachine.a(machine.o)
                0x00000000000031fe                mcCheckDevice
 .text.mcReadDevice
                0x000000000000320c        0xe /Users/rosco/Development/rosco-m68k/rosco_m68k/code/software/libs/build/lib/libmachine.a(machine.o)
                0x000000000000320c                mcReadDevice
 .text.mcSendDevice
                0x000000000000321a       0x12 /Users/rosco/Development/rosco-m68k/rosco_m68k/code/software/libs/build/lib/libmachine.a(machine.o)
                0x000000000000321a                mcSendDevice
 .text.__kinit  0x000000000000322c       0x2c /Users/rosco/Development/rosco-m68k/rosco_m68k/code/software/libs/build/lib/libstart_serial.a(kinit.o)
                0x000000000000322c                __kinit
 .text.__cxa_finalize
                0x0000000000003258       0x6c /Users/rosco/Development/rosco-m68k/rosco_m68k/code/software/libs/build/lib/libstart_serial.a(kinit.o)
                0x0000000000003258                __cxa_finalize
 .text          0x00000000000032c4       0x5c /usr/local/Cellar/gcc-cross-m68k@11/11.2.0/lib/gcc/m68k-elf/11.2.0/m68000//libgcc.a(_udivsi3.o)
                0x00000000000032c4                __udivsi3
 .text          0x0000000000003320       0x2e /usr/local/Cellar/gcc-cross-m68k@11/11.2.0/lib/gcc/m68k-elf/11.2.0/m68000//libgcc.a(_umodsi3.o)
                0x0000000000003320                __umodsi3
 *fill*         0x000000000000334e        0x2 
 .text          0x0000000000003350       0x22 /usr/local/Cellar/gcc-cross-m68k@11/11.2.0/lib/gcc/m68k-elf/11.2.0/m68000//libgcc.a(_mulsi3.o)
                0x0000000000003350                __mulsi3
 *(.rodata*)
 .rodata.kmain.str1.1
                0x0000000000003372       0xa0 kmain.o
                0x0000000000003412                _code_end = .
                0x0000000000003422                . = DATA_SEGMENT_ALIGN (CONSTANT (MAXPAGESIZE), CONSTANT (COMMONPAGESIZE))

.ctors          0x0000000000003424        0x0
                0x0000000000003424                _ctors = .
 *(.ctors)
 *(SORT_BY_NAME(.ctors.*))
                0x0000000000003424                _ctors_end = .

.dtors          0x0000000000003424        0x0
                0x0000000000003424                _dtors = .
 *(SORT_BY_NAME(.dtors.*))
 *(.dtors)
                0x0000000000003424                _dtors_end = .

.data           0x0000000000003424        0x8 load address 0x0000000000041424
                0x0000000000003424                _data_start = .
 *(.data*)
 .data.ticks    0x0000000000003424        0x4 kmain.o
                0x0000000000003424                ticks
 .data.crbuf    0x0000000000003428        0x2 /Users/rosco/Development/rosco-m68k/rosco_m68k/code/software/libs/build/lib/libprintf.a(putchar.o)
                0x000000000000342c                . = ALIGN (0x4)
 *fill*         0x000000000000342a        0x2 
                0x000000000000342c                _data_end = .

.bss            0x000000000000342c     0x382c load address 0x000000000004142c
                0x000000000000342c                _bss_start = .
 *(.bss*)
 .bss.step      0x000000000000342c        0x1 kmain.o
                0x000000000000342c                step
 .bss.buf       0x000000000000342d        0x1 kmain.o
                0x000000000000342d                buf
 .bss.device    0x000000000000342e       0x20 kmain.o
 .bss.buf       0x000000000000344e        0x2 /Users/rosco/Development/rosco-m68k/rosco_m68k/code/software/libs/build/lib/libprintf.a(putchar.o)
 .bss           0x0000000000003450        0x4 /Users/rosco/Development/rosco-m68k/rosco_m68k/code/software/libs/build/lib/libstart_serial.a(init.o)
 .bss.cxa_atexit_count
                0x0000000000003454        0x2 /Users/rosco/Development/rosco-m68k/rosco_m68k/code/software/libs/build/lib/libstart_serial.a(kinit.o)
 .bss.cxa_atexits
                0x0000000000003456     0x3800 /Users/rosco/Development/rosco-m68k/rosco_m68k/code/software/libs/build/lib/libstart_serial.a(kinit.o)
 *(COMMON)
                0x0000000000006c58                . = ALIGN (0x4)
 *fill*         0x0000000000006c56        0x2 
                0x0000000000006c58                _bss_end = .
                0x0000000000006c58                . = DATA_SEGMENT_END (.)
                0x0000000000006c58                _end = .
LOAD kmain.o
LOAD buffer.o
LOAD interrupt.o
LOAD /Users/rosco/Development/rosco-m68k/rosco_m68k/code/software/libs/build/lib/libprintf.a
LOAD /Users/rosco/Development/rosco-m68k/rosco_m68k/code/software/libs/build/lib/libcstdlib.a
LOAD /Users/rosco/Development/rosco-m68k/rosco_m68k/code/software/libs/build/lib/libmachine.a
LOAD /Users/rosco/Development/rosco-m68k/rosco_m68k/code/software/libs/build/lib/libstart_serial.a
LOAD /usr/local/Cellar/gcc-cross-m68k@11/11.2.0/lib/gcc/m68k-elf/11.2.0/m68000//libgcc.a
OUTPUT(uarttest.elf elf32-m68k)

.debug_info     0x0000000000000000     0x16f0
 .debug_info    0x0000000000000000      0x687 kmain.o
 .debug_info    0x0000000000000687      0xca5 /Users/rosco/Development/rosco-m68k/rosco_m68k/code/software/libs/build/lib/libprintf.a(printf-nofloat.o)
 .debug_info    0x000000000000132c      0x104 /Users/rosco/Development/rosco-m68k/rosco_m68k/code/software/libs/build/lib/libprintf.a(putchar.o)
 .debug_info    0x0000000000001430      0x254 /Users/rosco/Development/rosco-m68k/rosco_m68k/code/software/libs/build/lib/libstart_serial.a(kinit.o)
 .debug_info    0x0000000000001684       0x24 /usr/local/Cellar/gcc-cross-m68k@11/11.2.0/lib/gcc/m68k-elf/11.2.0/m68000//libgcc.a(_udivsi3.o)
 .debug_info    0x00000000000016a8       0x24 /usr/local/Cellar/gcc-cross-m68k@11/11.2.0/lib/gcc/m68k-elf/11.2.0/m68000//libgcc.a(_umodsi3.o)
 .debug_info    0x00000000000016cc       0x24 /usr/local/Cellar/gcc-cross-m68k@11/11.2.0/lib/gcc/m68k-elf/11.2.0/m68000//libgcc.a(_mulsi3.o)

.debug_abbrev   0x0000000000000000      0x7e9
 .debug_abbrev  0x0000000000000000      0x200 kmain.o
 .debug_abbrev  0x0000000000000200      0x363 /Users/rosco/Development/rosco-m68k/rosco_m68k/code/software/libs/build/lib/libprintf.a(printf-nofloat.o)
 .debug_abbrev  0x0000000000000563       0xc2 /Users/rosco/Development/rosco-m68k/rosco_m68k/code/software/libs/build/lib/libprintf.a(putchar.o)
 .debug_abbrev  0x0000000000000625      0x188 /Users/rosco/Development/rosco-m68k/rosco_m68k/code/software/libs/build/lib/libstart_serial.a(kinit.o)
 .debug_abbrev  0x00000000000007ad       0x14 /usr/local/Cellar/gcc-cross-m68k@11/11.2.0/lib/gcc/m68k-elf/11.2.0/m68000//libgcc.a(_udivsi3.o)
 .debug_abbrev  0x00000000000007c1       0x14 /usr/local/Cellar/gcc-cross-m68k@11/11.2.0/lib/gcc/m68k-elf/11.2.0/m68000//libgcc.a(_umodsi3.o)
 .debug_abbrev  0x00000000000007d5       0x14 /usr/local/Cellar/gcc-cross-m68k@11/11.2.0/lib/gcc/m68k-elf/11.2.0/m68000//libgcc.a(_mulsi3.o)

.debug_loclists
                0x0000000000000000     0x1475
 .debug_loclists
                0x0000000000000000      0x1d5 kmain.o
 .debug_loclists
                0x00000000000001d5     0x11f5 /Users/rosco/Development/rosco-m68k/rosco_m68k/code/software/libs/build/lib/libprintf.a(printf-nofloat.o)
 .debug_loclists
                0x00000000000013ca       0xab /Users/rosco/Development/rosco-m68k/rosco_m68k/code/software/libs/build/lib/libstart_serial.a(kinit.o)

.debug_aranges  0x0000000000000000      0x158
 .debug_aranges
                0x0000000000000000       0x30 kmain.o
 .debug_aranges
                0x0000000000000030       0x78 /Users/rosco/Development/rosco-m68k/rosco_m68k/code/software/libs/build/lib/libprintf.a(printf-nofloat.o)
 .debug_aranges
                0x00000000000000a8       0x20 /Users/rosco/Development/rosco-m68k/rosco_m68k/code/software/libs/build/lib/libprintf.a(putchar.o)
 .debug_aranges
                0x00000000000000c8       0x30 /Users/rosco/Development/rosco-m68k/rosco_m68k/code/software/libs/build/lib/libstart_serial.a(kinit.o)
 .debug_aranges
                0x00000000000000f8       0x20 /usr/local/Cellar/gcc-cross-m68k@11/11.2.0/lib/gcc/m68k-elf/11.2.0/m68000//libgcc.a(_udivsi3.o)
 .debug_aranges
                0x0000000000000118       0x20 /usr/local/Cellar/gcc-cross-m68k@11/11.2.0/lib/gcc/m68k-elf/11.2.0/m68000//libgcc.a(_umodsi3.o)
 .debug_aranges
                0x0000000000000138       0x20 /usr/local/Cellar/gcc-cross-m68k@11/11.2.0/lib/gcc/m68k-elf/11.2.0/m68000//libgcc.a(_mulsi3.o)

.debug_rnglists
                0x0000000000000000      0x263
 .debug_rnglists
                0x0000000000000000       0x2d kmain.o
 .debug_rnglists
                0x000000000000002d      0x1ec /Users/rosco/Development/rosco-m68k/rosco_m68k/code/software/libs/build/lib/libprintf.a(printf-nofloat.o)
 .debug_rnglists
                0x0000000000000219       0x13 /Users/rosco/Development/rosco-m68k/rosco_m68k/code/software/libs/build/lib/libprintf.a(putchar.o)
 .debug_rnglists
                0x000000000000022c       0x37 /Users/rosco/Development/rosco-m68k/rosco_m68k/code/software/libs/build/lib/libstart_serial.a(kinit.o)

.debug_line     0x0000000000000000     0x1726
 .debug_line    0x0000000000000000      0x597 kmain.o
 .debug_line    0x0000000000000597      0xe5b /Users/rosco/Development/rosco-m68k/rosco_m68k/code/software/libs/build/lib/libprintf.a(printf-nofloat.o)
 .debug_line    0x00000000000013f2       0x9a /Users/rosco/Development/rosco-m68k/rosco_m68k/code/software/libs/build/lib/libprintf.a(putchar.o)
 .debug_line    0x000000000000148c      0x181 /Users/rosco/Development/rosco-m68k/rosco_m68k/code/software/libs/build/lib/libstart_serial.a(kinit.o)
 .debug_line    0x000000000000160d       0x6d /usr/local/Cellar/gcc-cross-m68k@11/11.2.0/lib/gcc/m68k-elf/11.2.0/m68000//libgcc.a(_udivsi3.o)
 .debug_line    0x000000000000167a       0x58 /usr/local/Cellar/gcc-cross-m68k@11/11.2.0/lib/gcc/m68k-elf/11.2.0/m68000//libgcc.a(_umodsi3.o)
 .debug_line    0x00000000000016d2       0x54 /usr/local/Cellar/gcc-cross-m68k@11/11.2.0/lib/gcc/m68k-elf/11.2.0/m68000//libgcc.a(_mulsi3.o)

.debug_str      0x0000000000000000      0x5ae
 .debug_str     0x0000000000000000      0x267 kmain.o
                                        0x2c2 (size before relaxing)
 .debug_str     0x0000000000000267      0x21a /Users/rosco/Development/rosco-m68k/rosco_m68k/code/software/libs/build/lib/libprintf.a(printf-nofloat.o)
                                        0x2f9 (size before relaxing)
 .debug_str     0x0000000000000481       0x23 /Users/rosco/Development/rosco-m68k/rosco_m68k/code/software/libs/build/lib/libprintf.a(putchar.o)
                                        0x175 (size before relaxing)
 .debug_str     0x00000000000004a4       0xa1 /Users/rosco/Development/rosco-m68k/rosco_m68k/code/software/libs/build/lib/libstart_serial.a(kinit.o)
                                        0x22f (size before relaxing)
 .debug_str     0x0000000000000545       0x69 /usr/local/Cellar/gcc-cross-m68k@11/11.2.0/lib/gcc/m68k-elf/11.2.0/m68000//libgcc.a(_udivsi3.o)
 .debug_str     0x00000000000005ae       0x69 /usr/local/Cellar/gcc-cross-m68k@11/11.2.0/lib/gcc/m68k-elf/11.2.0/m68000//libgcc.a(_umodsi3.o)
 .debug_str     0x00000000000005ae       0x69 /usr/local/Cellar/gcc-cross-m68k@11/11.2.0/lib/gcc/m68k-elf/11.2.0/m68000//libgcc.a(_mulsi3.o)

.comment        0x0000000000000000       0x12
 .comment       0x0000000000000000       0x12 kmain.o
                                         0x13 (size before relaxing)
 .comment       0x0000000000000012       0x13 /Users/rosco/Development/rosco-m68k/rosco_m68k/code/software/libs/build/lib/libprintf.a(printf-nofloat.o)
 .comment       0x0000000000000012       0x13 /Users/rosco/Development/rosco-m68k/rosco_m68k/code/software/libs/build/lib/libprintf.a(putchar.o)
 .comment       0x0000000000000012       0x13 /Users/rosco/Development/rosco-m68k/rosco_m68k/code/software/libs/build/lib/libstart_serial.a(kinit.o)

.debug_frame    0x0000000000000000      0x518
 .debug_frame   0x0000000000000000      0x17c kmain.o
 .debug_frame   0x000000000000017c      0x318 /Users/rosco/Development/rosco-m68k/rosco_m68k/code/software/libs/build/lib/libprintf.a(printf-nofloat.o)
 .debug_frame   0x0000000000000494       0x30 /Users/rosco/Development/rosco-m68k/rosco_m68k/code/software/libs/build/lib/libprintf.a(putchar.o)
 .debug_frame   0x00000000000004c4       0x54 /Users/rosco/Development/rosco-m68k/rosco_m68k/code/software/libs/build/lib/libstart_serial.a(kinit.o)

.debug_line_str
                0x0000000000000000       0x34
 .debug_line_str
                0x0000000000000000       0x34 /usr/local/Cellar/gcc-cross-m68k@11/11.2.0/lib/gcc/m68k-elf/11.2.0/m68000//libgcc.a(_udivsi3.o)
                                         0x68 (size before relaxing)
 .debug_line_str
                0x0000000000000034       0x68 /usr/local/Cellar/gcc-cross-m68k@11/11.2.0/lib/gcc/m68k-elf/11.2.0/m68000//libgcc.a(_umodsi3.o)
 .debug_line_str
                0x0000000000000034       0x68 /usr/local/Cellar/gcc-cross-m68k@11/11.2.0/lib/gcc/m68k-elf/11.2.0/m68000//libgcc.a(_mulsi3.o)
